D:/STM32_Paths/stm32f4/CMSIS/Include/core_cm4.h:1684:22:__NVIC_EnableIRQ	16	static,ignoring_inline_asm
../Src/main.c:87:5:main	16	static
../Src/main.c:140:6:DMA2_Stream0_Ch0_Config	8	static
../Src/main.c:210:6:timer2_config	8	static
../Src/main.c:232:6:TIM2_Callback	16	static
../Src/main.c:251:6:timer3_ch1_pwm_config	4	static
../Src/main.c:309:6:tim3_PWM_Start	16	static
../Src/main.c:325:6:tim3_pwm_update	16	static
../Src/main.c:331:6:DMA_TransmitCpltCallback	4	static
../Src/main.c:336:6:DMA_HalfTransmitCpltCallback	4	static
