D:/STM32_Paths/stm32f4/CMSIS/Include/core_cm4.h:1684:22:__NVIC_EnableIRQ	16	static,ignoring_inline_asm
D:/STM32_Paths/stm32f4/CMSIS/Include/core_cm4.h:1814:22:__NVIC_SetPriority	16	static
../Src/main.c:124:5:main	16	static
../Src/main.c:230:6:DMA2_Stream0_Ch0_Config	8	static
../Src/main.c:300:6:timer2_config	8	static
../Src/main.c:322:6:TIM2_Callback	16	static
../Src/main.c:358:6:timer3_ch1_pwm_config	4	static
../Src/main.c:433:6:tim3_pwm_update	16	static
../Src/main.c:451:6:USART2_Reconfig_IT	8	static
../Src/main.c:468:6:USART2_Callback	8	static
../Src/main.c:509:6:DMA_TransmitCpltCallback	4	static
../Src/main.c:514:6:DMA_HalfTransmitCpltCallback	4	static
