D:/STM32_Paths/stm32f4/CMSIS/Include/core_cm4.h:1684:22:__NVIC_EnableIRQ	16	static,ignoring_inline_asm
D:/STM32_Paths/stm32f4/CMSIS/Include/core_cm4.h:2064:26:ITM_SendChar	16	static,ignoring_inline_asm
../Src/main.c:82:5:main	16	static
../Src/main.c:135:5:__io_putchar	24	static
../Src/main.c:143:6:adc_user_handler	8	static
../Src/main.c:150:6:DMA2_Stream4_Config	8	static
../Src/main.c:222:6:timer2_trgo	4	static
../Src/main.c:240:6:DMA_TransmitCpltCallback	4	static
../Src/main.c:246:6:DMA_HalfTransmitCpltCallback	4	static
