../Drivers/CMSIS/Include/core_cm4.h:1684:22:__NVIC_EnableIRQ	16	static,ignoring_inline_asm
../Core/Src/main.c:67:6:HAL_TIM_IC_CaptureCallback	16	static
../Core/Src/main.c:119:5:main	8	static
../Core/Src/main.c:179:6:SystemClock_Config	88	static
../Core/Src/main.c:221:13:MX_TIM2_Init	48	static
../Core/Src/main.c:279:13:MX_TIM3_Init	32	static
../Core/Src/main.c:324:13:MX_GPIO_Init	40	static
../Core/Src/main.c:349:6:tim2_ch3_config_ia	4	static
../Core/Src/main.c:393:6:timer2_count_config	4	static
../Core/Src/main.c:404:6:timer2_ch3_input_capture_config	4	static
../Core/Src/main.c:422:6:timer2_count_start	4	static
../Core/Src/main.c:430:6:timer2_ch3_gpio_config	4	static
../Core/Src/main.c:445:6:timer2_ch3_input_capture_start	8	static
../Core/Src/main.c:461:6:Error_Handler	4	static,ignoring_inline_asm
