Archive member included to satisfy reference by file (symbol)

C:/ST/STM32CubeIDE_1.17.0/STM32CubeIDE/plugins/com.st.stm32cube.ide.mcu.externaltools.gnu-tools-for-stm32.13.3.rel1.win32_1.0.0.202411081344/tools/bin/../lib/gcc/arm-none-eabi/13.3.1/../../../../arm-none-eabi/lib/thumb/v7e-m+fp/hard\libc_nano.a(libc_a-exit.o)
                              C:/ST/STM32CubeIDE_1.17.0/STM32CubeIDE/plugins/com.st.stm32cube.ide.mcu.externaltools.gnu-tools-for-stm32.13.3.rel1.win32_1.0.0.202411081344/tools/bin/../lib/gcc/arm-none-eabi/13.3.1/../../../../arm-none-eabi/lib/thumb/v7e-m+fp/hard/crt0.o (exit)
C:/ST/STM32CubeIDE_1.17.0/STM32CubeIDE/plugins/com.st.stm32cube.ide.mcu.externaltools.gnu-tools-for-stm32.13.3.rel1.win32_1.0.0.202411081344/tools/bin/../lib/gcc/arm-none-eabi/13.3.1/../../../../arm-none-eabi/lib/thumb/v7e-m+fp/hard\libc_nano.a(libc_a-findfp.o)
                              C:/ST/STM32CubeIDE_1.17.0/STM32CubeIDE/plugins/com.st.stm32cube.ide.mcu.externaltools.gnu-tools-for-stm32.13.3.rel1.win32_1.0.0.202411081344/tools/bin/../lib/gcc/arm-none-eabi/13.3.1/../../../../arm-none-eabi/lib/thumb/v7e-m+fp/hard\libc_nano.a(libc_a-exit.o) (__stdio_exit_handler)
C:/ST/STM32CubeIDE_1.17.0/STM32CubeIDE/plugins/com.st.stm32cube.ide.mcu.externaltools.gnu-tools-for-stm32.13.3.rel1.win32_1.0.0.202411081344/tools/bin/../lib/gcc/arm-none-eabi/13.3.1/../../../../arm-none-eabi/lib/thumb/v7e-m+fp/hard\libc_nano.a(libc_a-fwalk.o)
                              C:/ST/STM32CubeIDE_1.17.0/STM32CubeIDE/plugins/com.st.stm32cube.ide.mcu.externaltools.gnu-tools-for-stm32.13.3.rel1.win32_1.0.0.202411081344/tools/bin/../lib/gcc/arm-none-eabi/13.3.1/../../../../arm-none-eabi/lib/thumb/v7e-m+fp/hard\libc_nano.a(libc_a-findfp.o) (_fwalk_sglue)
C:/ST/STM32CubeIDE_1.17.0/STM32CubeIDE/plugins/com.st.stm32cube.ide.mcu.externaltools.gnu-tools-for-stm32.13.3.rel1.win32_1.0.0.202411081344/tools/bin/../lib/gcc/arm-none-eabi/13.3.1/../../../../arm-none-eabi/lib/thumb/v7e-m+fp/hard\libc_nano.a(libc_a-stdio.o)
                              C:/ST/STM32CubeIDE_1.17.0/STM32CubeIDE/plugins/com.st.stm32cube.ide.mcu.externaltools.gnu-tools-for-stm32.13.3.rel1.win32_1.0.0.202411081344/tools/bin/../lib/gcc/arm-none-eabi/13.3.1/../../../../arm-none-eabi/lib/thumb/v7e-m+fp/hard\libc_nano.a(libc_a-findfp.o) (__sread)
C:/ST/STM32CubeIDE_1.17.0/STM32CubeIDE/plugins/com.st.stm32cube.ide.mcu.externaltools.gnu-tools-for-stm32.13.3.rel1.win32_1.0.0.202411081344/tools/bin/../lib/gcc/arm-none-eabi/13.3.1/../../../../arm-none-eabi/lib/thumb/v7e-m+fp/hard\libc_nano.a(libc_a-memset.o)
                              C:/ST/STM32CubeIDE_1.17.0/STM32CubeIDE/plugins/com.st.stm32cube.ide.mcu.externaltools.gnu-tools-for-stm32.13.3.rel1.win32_1.0.0.202411081344/tools/bin/../lib/gcc/arm-none-eabi/13.3.1/../../../../arm-none-eabi/lib/thumb/v7e-m+fp/hard/crt0.o (memset)
C:/ST/STM32CubeIDE_1.17.0/STM32CubeIDE/plugins/com.st.stm32cube.ide.mcu.externaltools.gnu-tools-for-stm32.13.3.rel1.win32_1.0.0.202411081344/tools/bin/../lib/gcc/arm-none-eabi/13.3.1/../../../../arm-none-eabi/lib/thumb/v7e-m+fp/hard\libc_nano.a(libc_a-closer.o)
                              C:/ST/STM32CubeIDE_1.17.0/STM32CubeIDE/plugins/com.st.stm32cube.ide.mcu.externaltools.gnu-tools-for-stm32.13.3.rel1.win32_1.0.0.202411081344/tools/bin/../lib/gcc/arm-none-eabi/13.3.1/../../../../arm-none-eabi/lib/thumb/v7e-m+fp/hard\libc_nano.a(libc_a-stdio.o) (_close_r)
C:/ST/STM32CubeIDE_1.17.0/STM32CubeIDE/plugins/com.st.stm32cube.ide.mcu.externaltools.gnu-tools-for-stm32.13.3.rel1.win32_1.0.0.202411081344/tools/bin/../lib/gcc/arm-none-eabi/13.3.1/../../../../arm-none-eabi/lib/thumb/v7e-m+fp/hard\libc_nano.a(libc_a-reent.o)
                              C:/ST/STM32CubeIDE_1.17.0/STM32CubeIDE/plugins/com.st.stm32cube.ide.mcu.externaltools.gnu-tools-for-stm32.13.3.rel1.win32_1.0.0.202411081344/tools/bin/../lib/gcc/arm-none-eabi/13.3.1/../../../../arm-none-eabi/lib/thumb/v7e-m+fp/hard\libc_nano.a(libc_a-closer.o) (errno)
C:/ST/STM32CubeIDE_1.17.0/STM32CubeIDE/plugins/com.st.stm32cube.ide.mcu.externaltools.gnu-tools-for-stm32.13.3.rel1.win32_1.0.0.202411081344/tools/bin/../lib/gcc/arm-none-eabi/13.3.1/../../../../arm-none-eabi/lib/thumb/v7e-m+fp/hard\libc_nano.a(libc_a-impure.o)
                              C:/ST/STM32CubeIDE_1.17.0/STM32CubeIDE/plugins/com.st.stm32cube.ide.mcu.externaltools.gnu-tools-for-stm32.13.3.rel1.win32_1.0.0.202411081344/tools/bin/../lib/gcc/arm-none-eabi/13.3.1/../../../../arm-none-eabi/lib/thumb/v7e-m+fp/hard\libc_nano.a(libc_a-reent.o) (_impure_ptr)
C:/ST/STM32CubeIDE_1.17.0/STM32CubeIDE/plugins/com.st.stm32cube.ide.mcu.externaltools.gnu-tools-for-stm32.13.3.rel1.win32_1.0.0.202411081344/tools/bin/../lib/gcc/arm-none-eabi/13.3.1/../../../../arm-none-eabi/lib/thumb/v7e-m+fp/hard\libc_nano.a(libc_a-lseekr.o)
[...]
Memory Configuration

Name             Origin             Length             Attributes
RAM              0x20000000         0x00018000         xrw
FLASH            0x08000000         0x00080000         xr
*default*        0x00000000         0xffffffff

Linker script and memory map

LOAD C:/ST/STM32CubeIDE_1.17.0/STM32CubeIDE/plugins/com.st.stm32cube.ide.mcu.externaltools.gnu-tools-for-stm32.13.3.rel1.win32_1.0.0.202411081344/tools/bin/../lib/gcc/arm-none-eabi/13.3.1/thumb/v7e-m+fp/hard/crti.o
LOAD C:/ST/STM32CubeIDE_1.17.0/STM32CubeIDE/plugins/com.st.stm32cube.ide.mcu.externaltools.gnu-tools-for-stm32.13.3.rel1.win32_1.0.0.202411081344/tools/bin/../lib/gcc/arm-none-eabi/13.3.1/thumb/v7e-m+fp/hard/crtbegin.o
LOAD C:/ST/STM32CubeIDE_1.17.0/STM32CubeIDE/plugins/com.st.stm32cube.ide.mcu.externaltools.gnu-tools-for-stm32.13.3.rel1.win32_1.0.0.202411081344/tools/bin/../lib/gcc/arm-none-eabi/13.3.1/../../../../arm-none-eabi/lib/thumb/v7e-m+fp/hard/crt0.o
LOAD ./Drivers/CMSIS/ST/system_stm32f4xx.o
LOAD ./Src/Delay.o
LOAD ./Src/GPIO_Config.o
LOAD ./Src/RCC.o
LOAD ./Src/delay_timer.o
LOAD ./Src/main.o
LOAD ./Src/stm32f4xx_it.o
LOAD ./Src/syscalls.o
LOAD ./Src/sysmem.o
LOAD ./Src/timer_capture.o
LOAD ./Startup/startup_stm32f401retx.o
START GROUP
LOAD C:/ST/STM32CubeIDE_1.17.0/STM32CubeIDE/plugins/com.st.stm32cube.ide.mcu.externaltools.gnu-tools-for-stm32.13.3.rel1.win32_1.0.0.202411081344/tools/bin/../lib/gcc/arm-none-eabi/13.3.1/../../../../arm-none-eabi/lib/thumb/v7e-m+fp/hard\libc_nano.a
LOAD C:/ST/STM32CubeIDE_1.17.0/STM32CubeIDE/plugins/com.st.stm32cube.ide.mcu.externaltools.gnu-tools-for-stm32.13.3.rel1.win32_1.0.0.202411081344/tools/bin/../lib/gcc/arm-none-eabi/13.3.1/../../../../arm-none-eabi/lib/thumb/v7e-m+fp/hard\libm.a
END GROUP
START GROUP
LOAD C:/ST/STM32CubeIDE_1.17.0/STM32CubeIDE/plugins/com.st.stm32cube.ide.mcu.externaltools.gnu-tools-for-stm32.13.3.rel1.win32_1.0.0.202411081344/tools/bin/../lib/gcc/arm-none-eabi/13.3.1/thumb/v7e-m+fp/hard\libgcc.a
LOAD C:/ST/STM32CubeIDE_1.17.0/STM32CubeIDE/plugins/com.st.stm32cube.ide.mcu.externaltools.gnu-tools-for-stm32.13.3.rel1.win32_1.0.0.202411081344/tools/bin/../lib/gcc/arm-none-eabi/13.3.1/../../../../arm-none-eabi/lib/thumb/v7e-m+fp/hard\libc_nano.a
END GROUP
START GROUP
LOAD C:/ST/STM32CubeIDE_1.17.0/STM32CubeIDE/plugins/com.st.stm32cube.ide.mcu.externaltools.gnu-tools-for-stm32.13.3.rel1.win32_1.0.0.202411081344/tools/bin/../lib/gcc/arm-none-eabi/13.3.1/thumb/v7e-m+fp/hard\libgcc.a
LOAD C:/ST/STM32CubeIDE_1.17.0/STM32CubeIDE/plugins/com.st.stm32cube.ide.mcu.externaltools.gnu-tools-for-stm32.13.3.rel1.win32_1.0.0.202411081344/tools/bin/../lib/gcc/arm-none-eabi/13.3.1/../../../../arm-none-eabi/lib/thumb/v7e-m+fp/hard\libc_nano.a
LOAD C:/ST/STM32CubeIDE_1.17.0/STM32CubeIDE/plugins/com.st.stm32cube.ide.mcu.externaltools.gnu-tools-for-stm32.13.3.rel1.win32_1.0.0.202411081344/tools/bin/../lib/gcc/arm-none-eabi/13.3.1/../../../../arm-none-eabi/lib/thumb/v7e-m+fp/hard\libnosys.a
END GROUP
START GROUP
LOAD C:/ST/STM32CubeIDE_1.17.0/STM32CubeIDE/plugins/com.st.stm32cube.ide.mcu.externaltools.gnu-tools-for-stm32.13.3.rel1.win32_1.0.0.202411081344/tools/bin/../lib/gcc/arm-none-eabi/13.3.1/thumb/v7e-m+fp/hard\libgcc.a
LOAD C:/ST/STM32CubeIDE_1.17.0/STM32CubeIDE/plugins/com.st.stm32cube.ide.mcu.externaltools.gnu-tools-for-stm32.13.3.rel1.win32_1.0.0.202411081344/tools/bin/../lib/gcc/arm-none-eabi/13.3.1/../../../../arm-none-eabi/lib/thumb/v7e-m+fp/hard\libc_nano.a
LOAD C:/ST/STM32CubeIDE_1.17.0/STM32CubeIDE/plugins/com.st.stm32cube.ide.mcu.externaltools.gnu-tools-for-stm32.13.3.rel1.win32_1.0.0.202411081344/tools/bin/../lib/gcc/arm-none-eabi/13.3.1/../../../../arm-none-eabi/lib/thumb/v7e-m+fp/hard\libnosys.a
END GROUP
LOAD C:/ST/STM32CubeIDE_1.17.0/STM32CubeIDE/plugins/com.st.stm32cube.ide.mcu.externaltools.gnu-tools-for-stm32.13.3.rel1.win32_1.0.0.202411081344/tools/bin/../lib/gcc/arm-none-eabi/13.3.1/thumb/v7e-m+fp/hard/crtend.o
LOAD C:/ST/STM32CubeIDE_1.17.0/STM32CubeIDE/plugins/com.st.stm32cube.ide.mcu.externaltools.gnu-tools-for-stm32.13.3.rel1.win32_1.0.0.202411081344/tools/bin/../lib/gcc/arm-none-eabi/13.3.1/thumb/v7e-m+fp/hard/crtn.o
                0x20018000                        _estack = (ORIGIN (RAM) + LENGTH (RAM))
                0x00000200                        _Min_Heap_Size = 0x200
                0x00000400                        _Min_Stack_Size = 0x400

.isr_vector     0x08000000      0x194
                0x08000000                        . = ALIGN (0x4)
 *(.isr_vector)
 .isr_vector    0x08000000      0x194 ./Startup/startup_stm32f401retx.o
                0x08000000                g_pfnVectors
                0x08000194                        . = ALIGN (0x4)

.text           0x08000194      0x4c4
                0x08000194                        . = ALIGN (0x4)
 *(.text)
 .text          0x08000194       0x40 C:/ST/STM32CubeIDE_1.17.0/STM32CubeIDE/plugins/com.st.stm32cube.ide.mcu.externaltools.gnu-tools-for-stm32.13.3.rel1.win32_1.0.0.202411081344/tools/bin/../lib/gcc/arm-none-eabi/13.3.1/thumb/v7e-m+fp/hard/crtbegin.o
 *(.text*)
 .text.SystemInit
                0x080001d4       0x14 ./Drivers/CMSIS/ST/system_stm32f4xx.o
                0x080001d4                SystemInit
 .text.GPIO_Output_Config
                0x080001e8       0xe8 ./Src/GPIO_Config.o
                0x080001e8                GPIO_Output_Config
 .text.GPIO_Write_Toggle
                0x080002d0       0x3c ./Src/GPIO_Config.o
                0x080002d0                GPIO_Write_Toggle
 .text.flash_config
                0x0800030c       0x34 ./Src/RCC.o
                0x0800030c                flash_config
 .text.main     0x08000340       0x64 ./Src/main.o
                0x08000340                main
 .text.NMI_Handler
                0x080003a4        0x2 ./Src/stm32f4xx_it.o
                0x080003a4                NMI_Handler
 .text.HardFault_Handler
                0x080003a6        0x2 ./Src/stm32f4xx_it.o
                0x080003a6                HardFault_Handler
 .text.MemManage_Handler
                0x080003a8        0x2 ./Src/stm32f4xx_it.o
                0x080003a8                MemManage_Handler
 .text.BusFault_Handler
                0x080003aa        0x2 ./Src/stm32f4xx_it.o
                0x080003aa                BusFault_Handler
 .text.UsageFault_Handler
                0x080003ac        0x2 ./Src/stm32f4xx_it.o
                0x080003ac                UsageFault_Handler
 .text.SVC_Handler
                0x080003ae        0x2 ./Src/stm32f4xx_it.o
                0x080003ae                SVC_Handler
 .text.DebugMon_Handler
                0x080003b0        0x2 ./Src/stm32f4xx_it.o
                0x080003b0                DebugMon_Handler
 .text.PendSV_Handler
                0x080003b2        0x2 ./Src/stm32f4xx_it.o
                0x080003b2                PendSV_Handler
 .text.SysTick_Handler
                0x080003b4       0x10 ./Src/stm32f4xx_it.o
                0x080003b4                SysTick_Handler
 .text.TIM2_IRQHandler
                0x080003c4       0xb4 ./Src/stm32f4xx_it.o
                0x080003c4                TIM2_IRQHandler
 .text.timer3_count_config
                0x08000478       0x44 ./Src/timer_capture.o
                0x08000478                timer3_count_config
 .text.timer2_count_config
                0x080004bc       0x20 ./Src/timer_capture.o
                0x080004bc                timer2_count_config
 .text.timer2_count_start
                0x080004dc       0x12 ./Src/timer_capture.o
                0x080004dc                timer2_count_start
 *fill*         0x080004ee        0x2 
 .text.timer2_ch3_gpio_config
                0x080004f0       0x48 ./Src/timer_capture.o
                0x080004f0                timer2_ch3_gpio_config
 .text.timer2_ch3_input_capture_config
                0x08000538       0x3e ./Src/timer_capture.o
                0x08000538                timer2_ch3_input_capture_config
 *fill*         0x08000576        0x2 
 .text.timer2_ch3_input_capture_start
                0x08000578       0x2c ./Src/timer_capture.o
                0x08000578                timer2_ch3_input_capture_start
 .text.Reset_Handler
                0x080005a4       0x50 ./Startup/startup_stm32f401retx.o
                0x080005a4                Reset_Handler
 .text.Default_Handler
                0x080005f4        0x2 ./Startup/startup_stm32f401retx.o
                0x080005f4                EXTI2_IRQHandler
                0x080005f4                SPI4_IRQHandler
                0x080005f4                TIM1_CC_IRQHandler
                0x080005f4                DMA2_Stream5_IRQHandler
                0x080005f4                DMA1_Stream5_IRQHandler
                0x080005f4                SDIO_IRQHandler
                0x080005f4                TAMP_STAMP_IRQHandler
                0x080005f4                EXTI3_IRQHandler
                0x080005f4                TIM1_UP_TIM10_IRQHandler
                0x080005f4                I2C3_ER_IRQHandler
                0x080005f4                EXTI18_OTG_FS_WKUP_IRQHandler
                0x080005f4                EXTI0_IRQHandler
                0x080005f4                I2C2_EV_IRQHandler
                0x080005f4                DMA1_Stream2_IRQHandler
                0x080005f4                DMA2_Stream2_IRQHandler
                0x080005f4                SPI1_IRQHandler
                0x080005f4                TIM1_BRK_TIM9_IRQHandler
                0x080005f4                DMA2_Stream3_IRQHandler
                0x080005f4                USART6_IRQHandler
                0x080005f4                DMA2_Stream0_IRQHandler
                0x080005f4                TIM4_IRQHandler
                0x080005f4                I2C1_EV_IRQHandler
                0x080005f4                DMA1_Stream6_IRQHandler
                0x080005f4                DMA1_Stream1_IRQHandler
                0x080005f4                TIM3_IRQHandler
                0x080005f4                RCC_IRQHandler
                0x080005f4                Default_Handler
                0x080005f4                EXTI15_10_IRQHandler
                0x080005f4                ADC_IRQHandler
                0x080005f4                DMA1_Stream7_IRQHandler
                0x080005f4                TIM5_IRQHandler
                0x080005f4                DMA2_Stream7_IRQHandler
                0x080005f4                I2C3_EV_IRQHandler
                0x080005f4                EXTI9_5_IRQHandler
                0x080005f4                SPI2_IRQHandler
                0x080005f4                DMA1_Stream0_IRQHandler
                0x080005f4                EXTI4_IRQHandler
                0x080005f4                EXTI22_RTC_WKUP_IRQHandler
                0x080005f4                EXTI16_PVD_IRQHandler
                0x080005f4                TIM1_TRG_COM_TIM11_IRQHandler
                0x080005f4                EXTI1_IRQHandler
                0x080005f4                EXTI17_RTC_Alarm_IRQHandler
                0x080005f4                USART2_IRQHandler
                0x080005f4                I2C2_ER_IRQHandler
                0x080005f4                DMA2_Stream1_IRQHandler
                0x080005f4                FLASH_IRQHandler
                0x080005f4                DMA2_Stream4_IRQHandler
                0x080005f4                USART1_IRQHandler
                0x080005f4                OTG_FS_IRQHandler
                0x080005f4                SPI3_IRQHandler
                0x080005f4                DMA1_Stream4_IRQHandler
                0x080005f4                I2C1_ER_IRQHandler
                0x080005f4                DMA2_Stream6_IRQHandler
                0x080005f4                DMA1_Stream3_IRQHandler
 *fill*         0x080005f6        0x2 
 .text.__libc_init_array
                0x080005f8       0x48 C:/ST/STM32CubeIDE_1.17.0/STM32CubeIDE/plugins/com.st.stm32cube.ide.mcu.externaltools.gnu-tools-for-stm32.13.3.rel1.win32_1.0.0.202411081344/tools/bin/../lib/gcc/arm-none-eabi/13.3.1/../../../../arm-none-eabi/lib/thumb/v7e-m+fp/hard\libc_nano.a(libc_a-init.o)
                0x080005f8                __libc_init_array
 *(.glue_7)
 .glue_7        0x08000640        0x0 linker stubs
 *(.glue_7t)
 .glue_7t       0x08000640        0x0 linker stubs
 *(.eh_frame)
 .eh_frame      0x08000640        0x0 C:/ST/STM32CubeIDE_1.17.0/STM32CubeIDE/plugins/com.st.stm32cube.ide.mcu.externaltools.gnu-tools-for-stm32.13.3.rel1.win32_1.0.0.202411081344/tools/bin/../lib/gcc/arm-none-eabi/13.3.1/thumb/v7e-m+fp/hard/crtbegin.o
 *(.init)
 .init          0x08000640        0x4 C:/ST/STM32CubeIDE_1.17.0/STM32CubeIDE/plugins/com.st.stm32cube.ide.mcu.externaltools.gnu-tools-for-stm32.13.3.rel1.win32_1.0.0.202411081344/tools/bin/../lib/gcc/arm-none-eabi/13.3.1/thumb/v7e-m+fp/hard/crti.o
                0x08000640                _init
 .init          0x08000644        0x8 C:/ST/STM32CubeIDE_1.17.0/STM32CubeIDE/plugins/com.st.stm32cube.ide.mcu.externaltools.gnu-tools-for-stm32.13.3.rel1.win32_1.0.0.202411081344/tools/bin/../lib/gcc/arm-none-eabi/13.3.1/thumb/v7e-m+fp/hard/crtn.o
 *(.fini)
 .fini          0x0800064c        0x4 C:/ST/STM32CubeIDE_1.17.0/STM32CubeIDE/plugins/com.st.stm32cube.ide.mcu.externaltools.gnu-tools-for-stm32.13.3.rel1.win32_1.0.0.202411081344/tools/bin/../lib/gcc/arm-none-eabi/13.3.1/thumb/v7e-m+fp/hard/crti.o
                0x0800064c                _fini
 .fini          0x08000650        0x8 C:/ST/STM32CubeIDE_1.17.0/STM32CubeIDE/plugins/com.st.stm32cube.ide.mcu.externaltools.gnu-tools-for-stm32.13.3.rel1.win32_1.0.0.202411081344/tools/bin/../lib/gcc/arm-none-eabi/13.3.1/thumb/v7e-m+fp/hard/crtn.o
                0x08000658                        . = ALIGN (0x4)
                0x08000658                        _etext = .

.vfp11_veneer   0x08000658        0x0
 .vfp11_veneer  0x08000658        0x0 linker stubs

.v4_bx          0x08000658        0x0
 .v4_bx         0x08000658        0x0 linker stubs

.iplt           0x08000658        0x0
 .iplt          0x08000658        0x0 C:/ST/STM32CubeIDE_1.17.0/STM32CubeIDE/plugins/com.st.stm32cube.ide.mcu.externaltools.gnu-tools-for-stm32.13.3.rel1.win32_1.0.0.202411081344/tools/bin/../lib/gcc/arm-none-eabi/13.3.1/thumb/v7e-m+fp/hard/crtbegin.o

.rodata         0x08000658        0x0
                0x08000658                        . = ALIGN (0x4)
 *(.rodata)
 *(.rodata*)
                0x08000658                        . = ALIGN (0x4)

.ARM.extab      0x08000658        0x0
                0x08000658                        . = ALIGN (0x4)
 *(.ARM.extab* .gnu.linkonce.armextab.*)
                0x08000658                        . = ALIGN (0x4)

.ARM            0x08000658        0x0
                0x08000658                        . = ALIGN (0x4)
                0x08000658                        __exidx_start = .
 *(.ARM.exidx*)
                0x08000658                        __exidx_end = .
                0x08000658                        . = ALIGN (0x4)

.preinit_array  0x08000658        0x0
                0x08000658                        . = ALIGN (0x4)
                0x08000658                        PROVIDE (__preinit_array_start = .)
 *(.preinit_array*)
                0x08000658                        PROVIDE (__preinit_array_end = .)
                0x08000658                        . = ALIGN (0x4)

.init_array     0x08000658        0x4
                0x08000658                        . = ALIGN (0x4)
                0x08000658                        PROVIDE (__init_array_start = .)
 *(SORT_BY_NAME(.init_array.*))
 *(.init_array*)
 .init_array    0x08000658        0x4 C:/ST/STM32CubeIDE_1.17.0/STM32CubeIDE/plugins/com.st.stm32cube.ide.mcu.externaltools.gnu-tools-for-stm32.13.3.rel1.win32_1.0.0.202411081344/tools/bin/../lib/gcc/arm-none-eabi/13.3.1/thumb/v7e-m+fp/hard/crtbegin.o
                0x0800065c                        PROVIDE (__init_array_end = .)
                0x0800065c                        . = ALIGN (0x4)

.fini_array     0x0800065c        0x4
                0x0800065c                        . = ALIGN (0x4)
                [!provide]                        PROVIDE (__fini_array_start = .)
 *(SORT_BY_NAME(.fini_array.*))
 *(.fini_array*)
 .fini_array    0x0800065c        0x4 C:/ST/STM32CubeIDE_1.17.0/STM32CubeIDE/plugins/com.st.stm32cube.ide.mcu.externaltools.gnu-tools-for-stm32.13.3.rel1.win32_1.0.0.202411081344/tools/bin/../lib/gcc/arm-none-eabi/13.3.1/thumb/v7e-m+fp/hard/crtbegin.o
                [!provide]                        PROVIDE (__fini_array_end = .)
                0x08000660                        . = ALIGN (0x4)
                0x08000660                        _sidata = LOADADDR (.data)

.rel.dyn        0x08000660        0x0
 .rel.iplt      0x08000660        0x0 C:/ST/STM32CubeIDE_1.17.0/STM32CubeIDE/plugins/com.st.stm32cube.ide.mcu.externaltools.gnu-tools-for-stm32.13.3.rel1.win32_1.0.0.202411081344/tools/bin/../lib/gcc/arm-none-eabi/13.3.1/thumb/v7e-m+fp/hard/crtbegin.o

.data           0x20000000        0x0 load address 0x08000660
                0x20000000                        . = ALIGN (0x4)
                0x20000000                        _sdata = .
 *(.data)
 *(.data*)
 *(.RamFunc)
 *(.RamFunc*)
                0x20000000                        . = ALIGN (0x4)
                0x20000000                        _edata = .

.igot.plt       0x20000000        0x0 load address 0x08000660
 .igot.plt      0x20000000        0x0 C:/ST/STM32CubeIDE_1.17.0/STM32CubeIDE/plugins/com.st.stm32cube.ide.mcu.externaltools.gnu-tools-for-stm32.13.3.rel1.win32_1.0.0.202411081344/tools/bin/../lib/gcc/arm-none-eabi/13.3.1/thumb/v7e-m+fp/hard/crtbegin.o
                0x20000000                        . = ALIGN (0x4)

.bss            0x20000000       0x34 load address 0x08000660
                0x20000000                        _sbss = .
                0x20000000                        __bss_start__ = _sbss
 *(.bss)
 .bss           0x20000000       0x1c C:/ST/STM32CubeIDE_1.17.0/STM32CubeIDE/plugins/com.st.stm32cube.ide.mcu.externaltools.gnu-tools-for-stm32.13.3.rel1.win32_1.0.0.202411081344/tools/bin/../lib/gcc/arm-none-eabi/13.3.1/thumb/v7e-m+fp/hard/crtbegin.o
 *(.bss*)
 .bss.uwTick    0x2000001c        0x4 ./Src/Delay.o
                0x2000001c                uwTick
 .bss.frequency
                0x20000020        0x4 ./Src/stm32f4xx_it.o
                0x20000020                frequency
 .bss.Is_First_Captured
                0x20000024        0x1 ./Src/stm32f4xx_it.o
                0x20000024                Is_First_Captured
 *fill*         0x20000025        0x3 
 .bss.Difference
                0x20000028        0x4 ./Src/stm32f4xx_it.o
                0x20000028                Difference
 .bss.IC_Val2   0x2000002c        0x4 ./Src/stm32f4xx_it.o
                0x2000002c                IC_Val2
 .bss.IC_Val1   0x20000030        0x4 ./Src/stm32f4xx_it.o
                0x20000030                IC_Val1
 *(COMMON)
                0x20000034                        . = ALIGN (0x4)
                0x20000034                        _ebss = .
                0x20000034                        __bss_end__ = _ebss

._user_heap_stack
                0x20000034      0x604 load address 0x08000660
                0x20000038                        . = ALIGN (0x8)
 *fill*         0x20000034        0x4 
                [!provide]                        PROVIDE (end = .)
                0x20000038                        PROVIDE (_end = .)
                0x20000238                        . = (. + _Min_Heap_Size)
 *fill*         0x20000038      0x200 
                0x20000638                        . = (. + _Min_Stack_Size)
 *fill*         0x20000238      0x400 
                0x20000638                        . = ALIGN (0x8)

/DISCARD/
 libc.a(*)
 libm.a(*)
 libgcc.a(*)

.ARM.attributes
                0x00000000       0x30
 *(.ARM.attributes)
 .ARM.attributes
                0x00000000       0x22 C:/ST/STM32CubeIDE_1.17.0/STM32CubeIDE/plugins/com.st.stm32cube.ide.mcu.externaltools.gnu-tools-for-stm32.13.3.rel1.win32_1.0.0.202411081344/tools/bin/../lib/gcc/arm-none-eabi/13.3.1/thumb/v7e-m+fp/hard/crti.o
 .ARM.attributes
                0x00000022       0x34 C:/ST/STM32CubeIDE_1.17.0/STM32CubeIDE/plugins/com.st.stm32cube.ide.mcu.externaltools.gnu-tools-for-stm32.13.3.rel1.win32_1.0.0.202411081344/tools/bin/../lib/gcc/arm-none-eabi/13.3.1/thumb/v7e-m+fp/hard/crtbegin.o
 .ARM.attributes
                0x00000056       0x34 ./Drivers/CMSIS/ST/system_stm32f4xx.o
 .ARM.attributes
                0x0000008a       0x34 ./Src/Delay.o
 .ARM.attributes
                0x000000be       0x34 ./Src/GPIO_Config.o
 .ARM.attributes
                0x000000f2       0x34 ./Src/RCC.o
 .ARM.attributes
                0x00000126       0x34 ./Src/main.o
 .ARM.attributes
                0x0000015a       0x34 ./Src/stm32f4xx_it.o
 .ARM.attributes
                0x0000018e       0x34 ./Src/timer_capture.o
 .ARM.attributes
                0x000001c2       0x21 ./Startup/startup_stm32f401retx.o
 .ARM.attributes
                0x000001e3       0x34 C:/ST/STM32CubeIDE_1.17.0/STM32CubeIDE/plugins/com.st.stm32cube.ide.mcu.externaltools.gnu-tools-for-stm32.13.3.rel1.win32_1.0.0.202411081344/tools/bin/../lib/gcc/arm-none-eabi/13.3.1/../../../../arm-none-eabi/lib/thumb/v7e-m+fp/hard\libc_nano.a(libc_a-init.o)
 .ARM.attributes
                0x00000217       0x22 C:/ST/STM32CubeIDE_1.17.0/STM32CubeIDE/plugins/com.st.stm32cube.ide.mcu.externaltools.gnu-tools-for-stm32.13.3.rel1.win32_1.0.0.202411081344/tools/bin/../lib/gcc/arm-none-eabi/13.3.1/thumb/v7e-m+fp/hard/crtn.o
OUTPUT(Timer_Capture.elf elf32-littlearm)
LOAD linker stubs
LOAD C:/ST/STM32CubeIDE_1.17.0/STM32CubeIDE/plugins/com.st.stm32cube.ide.mcu.externaltools.gnu-tools-for-stm32.13.3.rel1.win32_1.0.0.202411081344/tools/bin/../lib/gcc/arm-none-eabi/13.3.1/../../../../arm-none-eabi/lib/thumb/v7e-m+fp/hard\libc.a
LOAD C:/ST/STM32CubeIDE_1.17.0/STM32CubeIDE/plugins/com.st.stm32cube.ide.mcu.externaltools.gnu-tools-for-stm32.13.3.rel1.win32_1.0.0.202411081344/tools/bin/../lib/gcc/arm-none-eabi/13.3.1/../../../../arm-none-eabi/lib/thumb/v7e-m+fp/hard\libm.a
LOAD C:/ST/STM32CubeIDE_1.17.0/STM32CubeIDE/plugins/com.st.stm32cube.ide.mcu.externaltools.gnu-tools-for-stm32.13.3.rel1.win32_1.0.0.202411081344/tools/bin/../lib/gcc/arm-none-eabi/13.3.1/thumb/v7e-m+fp/hard\libgcc.a

.debug_info     0x00000000     0x2e13
 .debug_info    0x00000000      0x550 ./Drivers/CMSIS/ST/system_stm32f4xx.o
 .debug_info    0x00000550      0x618 ./Src/Delay.o
 .debug_info    0x00000b68      0xfc6 ./Src/GPIO_Config.o
 .debug_info    0x00001b2e      0x372 ./Src/RCC.o
 .debug_info    0x00001ea0      0x3b0 ./Src/main.o
 .debug_info    0x00002250      0x3a9 ./Src/stm32f4xx_it.o
 .debug_info    0x000025f9      0x7ea ./Src/timer_capture.o
 .debug_info    0x00002de3       0x30 ./Startup/startup_stm32f401retx.o

.debug_abbrev   0x00000000      0xa79
 .debug_abbrev  0x00000000      0x120 ./Drivers/CMSIS/ST/system_stm32f4xx.o
 .debug_abbrev  0x00000120      0x1ae ./Src/Delay.o
 .debug_abbrev  0x000002ce      0x24b ./Src/GPIO_Config.o
 .debug_abbrev  0x00000519      0x151 ./Src/RCC.o
 .debug_abbrev  0x0000066a      0x13f ./Src/main.o
 .debug_abbrev  0x000007a9      0x13b ./Src/stm32f4xx_it.o
 .debug_abbrev  0x000008e4      0x171 ./Src/timer_capture.o
 .debug_abbrev  0x00000a55       0x24 ./Startup/startup_stm32f401retx.o

.debug_loclists
                0x00000000      0x7df
 .debug_loclists
                0x00000000       0xfa ./Drivers/CMSIS/ST/system_stm32f4xx.o
 .debug_loclists
                0x000000fa       0x46 ./Src/Delay.o
 .debug_loclists
                0x00000140      0x654 ./Src/GPIO_Config.o
 .debug_loclists
                0x00000794       0x33 ./Src/RCC.o
 .debug_loclists
                0x000007c7       0x18 ./Src/timer_capture.o

.debug_aranges  0x00000000      0x1d0
 .debug_aranges
                0x00000000       0x28 ./Drivers/CMSIS/ST/system_stm32f4xx.o
 .debug_aranges
                0x00000028       0x28 ./Src/Delay.o
 .debug_aranges
                0x00000050       0x48 ./Src/GPIO_Config.o
 .debug_aranges
                0x00000098       0x38 ./Src/RCC.o
 .debug_aranges
                0x000000d0       0x20 ./Src/main.o
 .debug_aranges
                0x000000f0       0x68 ./Src/stm32f4xx_it.o
 .debug_aranges
                0x00000158       0x50 ./Src/timer_capture.o
 .debug_aranges
                0x000001a8       0x28 ./Startup/startup_stm32f401retx.o

.debug_rnglists
                0x00000000      0x13a
 .debug_rnglists
                0x00000000       0x1a ./Drivers/CMSIS/ST/system_stm32f4xx.o
 .debug_rnglists
                0x0000001a       0x19 ./Src/Delay.o
 .debug_rnglists
                0x00000033       0x34 ./Src/GPIO_Config.o
 .debug_rnglists
                0x00000067       0x26 ./Src/RCC.o
 .debug_rnglists
                0x0000008d       0x13 ./Src/main.o
 .debug_rnglists
                0x000000a0       0x4a ./Src/stm32f4xx_it.o
 .debug_rnglists
                0x000000ea       0x37 ./Src/timer_capture.o
 .debug_rnglists
                0x00000121       0x19 ./Startup/startup_stm32f401retx.o

.debug_macro    0x00000000     0xee4f
 .debug_macro   0x00000000       0xda ./Drivers/CMSIS/ST/system_stm32f4xx.o
 .debug_macro   0x000000da      0xae4 ./Drivers/CMSIS/ST/system_stm32f4xx.o
 .debug_macro   0x00000bbe       0x28 ./Drivers/CMSIS/ST/system_stm32f4xx.o
 .debug_macro   0x00000be6       0x28 ./Drivers/CMSIS/ST/system_stm32f4xx.o
 .debug_macro   0x00000c0e       0x22 ./Drivers/CMSIS/ST/system_stm32f4xx.o
 .debug_macro   0x00000c30       0x8e ./Drivers/CMSIS/ST/system_stm32f4xx.o
 .debug_macro   0x00000cbe       0x51 ./Drivers/CMSIS/ST/system_stm32f4xx.o
 .debug_macro   0x00000d0f      0x103 ./Drivers/CMSIS/ST/system_stm32f4xx.o
 .debug_macro   0x00000e12       0x6a ./Drivers/CMSIS/ST/system_stm32f4xx.o
 .debug_macro   0x00000e7c      0x1df ./Drivers/CMSIS/ST/system_stm32f4xx.o
 .debug_macro   0x0000105b       0x1c ./Drivers/CMSIS/ST/system_stm32f4xx.o
 .debug_macro   0x00001077       0x22 ./Drivers/CMSIS/ST/system_stm32f4xx.o
 .debug_macro   0x00001099       0xfb ./Drivers/CMSIS/ST/system_stm32f4xx.o
 .debug_macro   0x00001194     0x1011 ./Drivers/CMSIS/ST/system_stm32f4xx.o
 .debug_macro   0x000021a5      0x11f ./Drivers/CMSIS/ST/system_stm32f4xx.o
 .debug_macro   0x000022c4     0xb86c ./Drivers/CMSIS/ST/system_stm32f4xx.o
 .debug_macro   0x0000db30       0x6d ./Drivers/CMSIS/ST/system_stm32f4xx.o
 .debug_macro   0x0000db9d       0xde ./Src/Delay.o
 .debug_macro   0x0000dc7b       0xdd ./Src/GPIO_Config.o
 .debug_macro   0x0000dd58       0xbe ./Src/GPIO_Config.o
 .debug_macro   0x0000de16       0xde ./Src/RCC.o
 .debug_macro   0x0000def4      0x1d7 ./Src/main.o
 .debug_macro   0x0000e0cb       0x61 ./Src/main.o
 .debug_macro   0x0000e12c       0x2a ./Src/main.o
 .debug_macro   0x0000e156       0x43 ./Src/main.o
 .debug_macro   0x0000e199       0x34 ./Src/main.o
 .debug_macro   0x0000e1cd       0x16 ./Src/main.o
 .debug_macro   0x0000e1e3       0x9e ./Src/main.o
 .debug_macro   0x0000e281      0x370 ./Src/main.o
 .debug_macro   0x0000e5f1      0x112 ./Src/main.o
 .debug_macro   0x0000e703       0x10 ./Src/main.o
 .debug_macro   0x0000e713       0x16 ./Src/main.o
 .debug_macro   0x0000e729       0x4a ./Src/main.o
 .debug_macro   0x0000e773       0x34 ./Src/main.o
 .debug_macro   0x0000e7a7       0x10 ./Src/main.o
 .debug_macro   0x0000e7b7       0x58 ./Src/main.o
 .debug_macro   0x0000e80f       0x8e ./Src/main.o
 .debug_macro   0x0000e89d       0x1c ./Src/main.o
 .debug_macro   0x0000e8b9      0x185 ./Src/main.o
 .debug_macro   0x0000ea3e       0x16 ./Src/main.o
 .debug_macro   0x0000ea54       0x16 ./Src/main.o
 .debug_macro   0x0000ea6a      0x146 ./Src/main.o
 .debug_macro   0x0000ebb0       0x10 ./Src/main.o
 .debug_macro   0x0000ebc0       0xc4 ./Src/main.o
 .debug_macro   0x0000ec84       0xf3 ./Src/stm32f4xx_it.o
 .debug_macro   0x0000ed77       0xd8 ./Src/timer_capture.o

.debug_line     0x00000000     0x3326
 .debug_line    0x00000000      0x5cf ./Drivers/CMSIS/ST/system_stm32f4xx.o
 .debug_line    0x000005cf      0x570 ./Src/Delay.o
 .debug_line    0x00000b3f      0xc38 ./Src/GPIO_Config.o
 .debug_line    0x00001777      0x716 ./Src/RCC.o
 .debug_line    0x00001e8d      0x6a5 ./Src/main.o
 .debug_line    0x00002532      0x682 ./Src/stm32f4xx_it.o
 .debug_line    0x00002bb4      0x6f7 ./Src/timer_capture.o
 .debug_line    0x000032ab       0x7b ./Startup/startup_stm32f401retx.o

.debug_str      0x00000000    0x5406b
 .debug_str     0x00000000    0x5406b ./Drivers/CMSIS/ST/system_stm32f4xx.o
                              0x4f9c7 (size before relaxing)
 .debug_str     0x0005406b    0x4fc9d ./Src/Delay.o
 .debug_str     0x0005406b    0x50319 ./Src/GPIO_Config.o
 .debug_str     0x0005406b    0x4f955 ./Src/RCC.o
 .debug_str     0x0005406b    0x5384b ./Src/main.o
 .debug_str     0x0005406b    0x4fd6c ./Src/stm32f4xx_it.o
 .debug_str     0x0005406b    0x4fdd5 ./Src/timer_capture.o
 .debug_str     0x0005406b       0x71 ./Startup/startup_stm32f401retx.o

.comment        0x00000000       0x43
 .comment       0x00000000       0x43 ./Drivers/CMSIS/ST/system_stm32f4xx.o
                                 0x44 (size before relaxing)
 .comment       0x00000043       0x44 ./Src/Delay.o
 .comment       0x00000043       0x44 ./Src/GPIO_Config.o
 .comment       0x00000043       0x44 ./Src/RCC.o
 .comment       0x00000043       0x44 ./Src/main.o
 .comment       0x00000043       0x44 ./Src/stm32f4xx_it.o
 .comment       0x00000043       0x44 ./Src/timer_capture.o

.debug_frame    0x00000000      0x2f4
 .debug_frame   0x00000000       0x30 ./Drivers/CMSIS/ST/system_stm32f4xx.o
 .debug_frame   0x00000030       0x30 ./Src/Delay.o
 .debug_frame   0x00000060       0xa0 ./Src/GPIO_Config.o
 .debug_frame   0x00000100       0x68 ./Src/RCC.o
 .debug_frame   0x00000168       0x28 ./Src/main.o
 .debug_frame   0x00000190       0xb8 ./Src/stm32f4xx_it.o
 .debug_frame   0x00000248       0x80 ./Src/timer_capture.o
 .debug_frame   0x000002c8       0x2c C:/ST/STM32CubeIDE_1.17.0/STM32CubeIDE/plugins/com.st.stm32cube.ide.mcu.externaltools.gnu-tools-for-stm32.13.3.rel1.win32_1.0.0.202411081344/tools/bin/../lib/gcc/arm-none-eabi/13.3.1/../../../../arm-none-eabi/lib/thumb/v7e-m+fp/hard\libc_nano.a(libc_a-init.o)

.debug_line_str
                0x00000000       0x55
 .debug_line_str
                0x00000000       0x55 ./Startup/startup_stm32f401retx.o
