../Src/stm32f4xx_it.c:53:6:NMI_Handler	0	static
../Src/stm32f4xx_it.c:63:6:HardFault_Handler	0	static
../Src/stm32f4xx_it.c:75:6:MemManage_Handler	0	static
../Src/stm32f4xx_it.c:86:6:BusFault_Handler	0	static
../Src/stm32f4xx_it.c:97:6:UsageFault_Handler	0	static
../Src/stm32f4xx_it.c:108:6:SVC_Handler	0	static
../Src/stm32f4xx_it.c:116:6:DebugMon_Handler	0	static
../Src/stm32f4xx_it.c:124:6:PendSV_Handler	0	static
../Src/stm32f4xx_it.c:132:6:SysTick_Handler	0	static
../Src/stm32f4xx_it.c:145:6:TIM3_IRQHandler	8	static
