../Src/stm32f4xx_it.c:52:6:NMI_Handler	4	static
../Src/stm32f4xx_it.c:62:6:HardFault_Handler	4	static
../Src/stm32f4xx_it.c:74:6:MemManage_Handler	4	static
../Src/stm32f4xx_it.c:85:6:BusFault_Handler	4	static
../Src/stm32f4xx_it.c:96:6:UsageFault_Handler	4	static
../Src/stm32f4xx_it.c:107:6:SVC_Handler	4	static
../Src/stm32f4xx_it.c:115:6:DebugMon_Handler	4	static
../Src/stm32f4xx_it.c:123:6:PendSV_Handler	4	static
../Src/stm32f4xx_it.c:131:6:SysTick_Handler	4	static
../Src/stm32f4xx_it.c:143:6:EXTI15_10_IRQHandler	8	static
