Archive member included to satisfy reference by file (symbol)

C:/ST/STM32CubeIDE_1.10.1/STM32CubeIDE/plugins/com.st.stm32cube.ide.mcu.externaltools.gnu-tools-for-stm32.12.3.rel1.win32_1.0.200.202406191623/tools/bin/../lib/gcc/arm-none-eabi/12.3.1/../../../../arm-none-eabi/lib/thumb/v7e-m+fp/hard\libc_nano.a(libc_a-exit.o)
                              C:/ST/STM32CubeIDE_1.10.1/STM32CubeIDE/plugins/com.st.stm32cube.ide.mcu.externaltools.gnu-tools-for-stm32.12.3.rel1.win32_1.0.200.202406191623/tools/bin/../lib/gcc/arm-none-eabi/12.3.1/../../../../arm-none-eabi/lib/thumb/v7e-m+fp/hard/crt0.o (exit)
C:/ST/STM32CubeIDE_1.10.1/STM32CubeIDE/plugins/com.st.stm32cube.ide.mcu.externaltools.gnu-tools-for-stm32.12.3.rel1.win32_1.0.200.202406191623/tools/bin/../lib/gcc/arm-none-eabi/12.3.1/../../../../arm-none-eabi/lib/thumb/v7e-m+fp/hard\libc_nano.a(libc_a-findfp.o)
                              C:/ST/STM32CubeIDE_1.10.1/STM32CubeIDE/plugins/com.st.stm32cube.ide.mcu.externaltools.gnu-tools-for-stm32.12.3.rel1.win32_1.0.200.202406191623/tools/bin/../lib/gcc/arm-none-eabi/12.3.1/../../../../arm-none-eabi/lib/thumb/v7e-m+fp/hard\libc_nano.a(libc_a-exit.o) (__stdio_exit_handler)
C:/ST/STM32CubeIDE_1.10.1/STM32CubeIDE/plugins/com.st.stm32cube.ide.mcu.externaltools.gnu-tools-for-stm32.12.3.rel1.win32_1.0.200.202406191623/tools/bin/../lib/gcc/arm-none-eabi/12.3.1/../../../../arm-none-eabi/lib/thumb/v7e-m+fp/hard\libc_nano.a(libc_a-fwalk.o)
                              C:/ST/STM32CubeIDE_1.10.1/STM32CubeIDE/plugins/com.st.stm32cube.ide.mcu.externaltools.gnu-tools-for-stm32.12.3.rel1.win32_1.0.200.202406191623/tools/bin/../lib/gcc/arm-none-eabi/12.3.1/../../../../arm-none-eabi/lib/thumb/v7e-m+fp/hard\libc_nano.a(libc_a-findfp.o) (_fwalk_sglue)
C:/ST/STM32CubeIDE_1.10.1/STM32CubeIDE/plugins/com.st.stm32cube.ide.mcu.externaltools.gnu-tools-for-stm32.12.3.rel1.win32_1.0.200.202406191623/tools/bin/../lib/gcc/arm-none-eabi/12.3.1/../../../../arm-none-eabi/lib/thumb/v7e-m+fp/hard\libc_nano.a(libc_a-stdio.o)
                              C:/ST/STM32CubeIDE_1.10.1/STM32CubeIDE/plugins/com.st.stm32cube.ide.mcu.externaltools.gnu-tools-for-stm32.12.3.rel1.win32_1.0.200.202406191623/tools/bin/../lib/gcc/arm-none-eabi/12.3.1/../../../../arm-none-eabi/lib/thumb/v7e-m+fp/hard\libc_nano.a(libc_a-findfp.o) (__sread)
C:/ST/STM32CubeIDE_1.10.1/STM32CubeIDE/plugins/com.st.stm32cube.ide.mcu.externaltools.gnu-tools-for-stm32.12.3.rel1.win32_1.0.200.202406191623/tools/bin/../lib/gcc/arm-none-eabi/12.3.1/../../../../arm-none-eabi/lib/thumb/v7e-m+fp/hard\libc_nano.a(libc_a-memset.o)
                              C:/ST/STM32CubeIDE_1.10.1/STM32CubeIDE/plugins/com.st.stm32cube.ide.mcu.externaltools.gnu-tools-for-stm32.12.3.rel1.win32_1.0.200.202406191623/tools/bin/../lib/gcc/arm-none-eabi/12.3.1/../../../../arm-none-eabi/lib/thumb/v7e-m+fp/hard/crt0.o (memset)
C:/ST/STM32CubeIDE_1.10.1/STM32CubeIDE/plugins/com.st.stm32cube.ide.mcu.externaltools.gnu-tools-for-stm32.12.3.rel1.win32_1.0.200.202406191623/tools/bin/../lib/gcc/arm-none-eabi/12.3.1/../../../../arm-none-eabi/lib/thumb/v7e-m+fp/hard\libc_nano.a(libc_a-closer.o)
                              C:/ST/STM32CubeIDE_1.10.1/STM32CubeIDE/plugins/com.st.stm32cube.ide.mcu.externaltools.gnu-tools-for-stm32.12.3.rel1.win32_1.0.200.202406191623/tools/bin/../lib/gcc/arm-none-eabi/12.3.1/../../../../arm-none-eabi/lib/thumb/v7e-m+fp/hard\libc_nano.a(libc_a-stdio.o) (_close_r)
C:/ST/STM32CubeIDE_1.10.1/STM32CubeIDE/plugins/com.st.stm32cube.ide.mcu.externaltools.gnu-tools-for-stm32.12.3.rel1.win32_1.0.200.202406191623/tools/bin/../lib/gcc/arm-none-eabi/12.3.1/../../../../arm-none-eabi/lib/thumb/v7e-m+fp/hard\libc_nano.a(libc_a-reent.o)
                              C:/ST/STM32CubeIDE_1.10.1/STM32CubeIDE/plugins/com.st.stm32cube.ide.mcu.externaltools.gnu-tools-for-stm32.12.3.rel1.win32_1.0.200.202406191623/tools/bin/../lib/gcc/arm-none-eabi/12.3.1/../../../../arm-none-eabi/lib/thumb/v7e-m+fp/hard\libc_nano.a(libc_a-closer.o) (errno)
C:/ST/STM32CubeIDE_1.10.1/STM32CubeIDE/plugins/com.st.stm32cube.ide.mcu.externaltools.gnu-tools-for-stm32.12.3.rel1.win32_1.0.200.202406191623/tools/bin/../lib/gcc/arm-none-eabi/12.3.1/../../../../arm-none-eabi/lib/thumb/v7e-m+fp/hard\libc_nano.a(libc_a-impure.o)
                              C:/ST/STM32CubeIDE_1.10.1/STM32CubeIDE/plugins/com.st.stm32cube.ide.mcu.externaltools.gnu-tools-for-stm32.12.3.rel1.win32_1.0.200.202406191623/tools/bin/../lib/gcc/arm-none-eabi/12.3.1/../../../../arm-none-eabi/lib/thumb/v7e-m+fp/hard\libc_nano.a(libc_a-reent.o) (_impure_ptr)
C:/ST/STM32CubeIDE_1.10.1/STM32CubeIDE/plugins/com.st.stm32cube.ide.mcu.externaltools.gnu-tools-for-stm32.12.3.rel1.win32_1.0.200.202406191623/tools/bin/../lib/gcc/arm-none-eabi/12.3.1/../../../../arm-none-eabi/lib/thumb/v7e-m+fp/hard\libc_nano.a(libc_a-lseekr.o)
[...]
Memory Configuration

Name             Origin             Length             Attributes
RAM              0x20000000         0x00018000         xrw
FLASH            0x08000000         0x00080000         xr
*default*        0x00000000         0xffffffff

Linker script and memory map

LOAD C:/ST/STM32CubeIDE_1.10.1/STM32CubeIDE/plugins/com.st.stm32cube.ide.mcu.externaltools.gnu-tools-for-stm32.12.3.rel1.win32_1.0.200.202406191623/tools/bin/../lib/gcc/arm-none-eabi/12.3.1/thumb/v7e-m+fp/hard/crti.o
LOAD C:/ST/STM32CubeIDE_1.10.1/STM32CubeIDE/plugins/com.st.stm32cube.ide.mcu.externaltools.gnu-tools-for-stm32.12.3.rel1.win32_1.0.200.202406191623/tools/bin/../lib/gcc/arm-none-eabi/12.3.1/thumb/v7e-m+fp/hard/crtbegin.o
LOAD C:/ST/STM32CubeIDE_1.10.1/STM32CubeIDE/plugins/com.st.stm32cube.ide.mcu.externaltools.gnu-tools-for-stm32.12.3.rel1.win32_1.0.200.202406191623/tools/bin/../lib/gcc/arm-none-eabi/12.3.1/../../../../arm-none-eabi/lib/thumb/v7e-m+fp/hard/crt0.o
LOAD ./Drivers/CMSIS/ST/system_stm32f4xx.o
LOAD ./Src/Delay.o
LOAD ./Src/RCC.o
LOAD ./Src/main.o
LOAD ./Src/stm32f4xx_it.o
LOAD ./Src/syscalls.o
LOAD ./Src/sysmem.o
LOAD ./Startup/startup_stm32f401retx.o
START GROUP
LOAD C:/ST/STM32CubeIDE_1.10.1/STM32CubeIDE/plugins/com.st.stm32cube.ide.mcu.externaltools.gnu-tools-for-stm32.12.3.rel1.win32_1.0.200.202406191623/tools/bin/../lib/gcc/arm-none-eabi/12.3.1/../../../../arm-none-eabi/lib/thumb/v7e-m+fp/hard\libc_nano.a
LOAD C:/ST/STM32CubeIDE_1.10.1/STM32CubeIDE/plugins/com.st.stm32cube.ide.mcu.externaltools.gnu-tools-for-stm32.12.3.rel1.win32_1.0.200.202406191623/tools/bin/../lib/gcc/arm-none-eabi/12.3.1/../../../../arm-none-eabi/lib/thumb/v7e-m+fp/hard\libm.a
END GROUP
START GROUP
LOAD C:/ST/STM32CubeIDE_1.10.1/STM32CubeIDE/plugins/com.st.stm32cube.ide.mcu.externaltools.gnu-tools-for-stm32.12.3.rel1.win32_1.0.200.202406191623/tools/bin/../lib/gcc/arm-none-eabi/12.3.1/thumb/v7e-m+fp/hard\libgcc.a
LOAD C:/ST/STM32CubeIDE_1.10.1/STM32CubeIDE/plugins/com.st.stm32cube.ide.mcu.externaltools.gnu-tools-for-stm32.12.3.rel1.win32_1.0.200.202406191623/tools/bin/../lib/gcc/arm-none-eabi/12.3.1/../../../../arm-none-eabi/lib/thumb/v7e-m+fp/hard\libc_nano.a
END GROUP
START GROUP
LOAD C:/ST/STM32CubeIDE_1.10.1/STM32CubeIDE/plugins/com.st.stm32cube.ide.mcu.externaltools.gnu-tools-for-stm32.12.3.rel1.win32_1.0.200.202406191623/tools/bin/../lib/gcc/arm-none-eabi/12.3.1/thumb/v7e-m+fp/hard\libgcc.a
LOAD C:/ST/STM32CubeIDE_1.10.1/STM32CubeIDE/plugins/com.st.stm32cube.ide.mcu.externaltools.gnu-tools-for-stm32.12.3.rel1.win32_1.0.200.202406191623/tools/bin/../lib/gcc/arm-none-eabi/12.3.1/../../../../arm-none-eabi/lib/thumb/v7e-m+fp/hard\libc_nano.a
LOAD C:/ST/STM32CubeIDE_1.10.1/STM32CubeIDE/plugins/com.st.stm32cube.ide.mcu.externaltools.gnu-tools-for-stm32.12.3.rel1.win32_1.0.200.202406191623/tools/bin/../lib/gcc/arm-none-eabi/12.3.1/../../../../arm-none-eabi/lib/thumb/v7e-m+fp/hard\libnosys.a
END GROUP
START GROUP
LOAD C:/ST/STM32CubeIDE_1.10.1/STM32CubeIDE/plugins/com.st.stm32cube.ide.mcu.externaltools.gnu-tools-for-stm32.12.3.rel1.win32_1.0.200.202406191623/tools/bin/../lib/gcc/arm-none-eabi/12.3.1/thumb/v7e-m+fp/hard\libgcc.a
LOAD C:/ST/STM32CubeIDE_1.10.1/STM32CubeIDE/plugins/com.st.stm32cube.ide.mcu.externaltools.gnu-tools-for-stm32.12.3.rel1.win32_1.0.200.202406191623/tools/bin/../lib/gcc/arm-none-eabi/12.3.1/../../../../arm-none-eabi/lib/thumb/v7e-m+fp/hard\libc_nano.a
LOAD C:/ST/STM32CubeIDE_1.10.1/STM32CubeIDE/plugins/com.st.stm32cube.ide.mcu.externaltools.gnu-tools-for-stm32.12.3.rel1.win32_1.0.200.202406191623/tools/bin/../lib/gcc/arm-none-eabi/12.3.1/../../../../arm-none-eabi/lib/thumb/v7e-m+fp/hard\libnosys.a
END GROUP
LOAD C:/ST/STM32CubeIDE_1.10.1/STM32CubeIDE/plugins/com.st.stm32cube.ide.mcu.externaltools.gnu-tools-for-stm32.12.3.rel1.win32_1.0.200.202406191623/tools/bin/../lib/gcc/arm-none-eabi/12.3.1/thumb/v7e-m+fp/hard/crtend.o
LOAD C:/ST/STM32CubeIDE_1.10.1/STM32CubeIDE/plugins/com.st.stm32cube.ide.mcu.externaltools.gnu-tools-for-stm32.12.3.rel1.win32_1.0.200.202406191623/tools/bin/../lib/gcc/arm-none-eabi/12.3.1/thumb/v7e-m+fp/hard/crtn.o
                0x20018000                        _estack = (ORIGIN (RAM) + LENGTH (RAM))
                0x00000200                        _Min_Heap_Size = 0x200
                0x00000400                        _Min_Stack_Size = 0x400

.isr_vector     0x08000000      0x194
                0x08000000                        . = ALIGN (0x4)
 *(.isr_vector)
 .isr_vector    0x08000000      0x194 ./Startup/startup_stm32f401retx.o
                0x08000000                g_pfnVectors
                0x08000194                        . = ALIGN (0x4)

.text           0x08000194      0x638
                0x08000194                        . = ALIGN (0x4)
 *(.text)
 .text          0x08000194       0x40 C:/ST/STM32CubeIDE_1.10.1/STM32CubeIDE/plugins/com.st.stm32cube.ide.mcu.externaltools.gnu-tools-for-stm32.12.3.rel1.win32_1.0.200.202406191623/tools/bin/../lib/gcc/arm-none-eabi/12.3.1/thumb/v7e-m+fp/hard/crtbegin.o
 *(.text*)
 .text.SystemInit
                0x080001d4       0x24 ./Drivers/CMSIS/ST/system_stm32f4xx.o
                0x080001d4                SystemInit
 .text.SystemCoreClockUpdate
                0x080001f8      0x100 ./Drivers/CMSIS/ST/system_stm32f4xx.o
                0x080001f8                SystemCoreClockUpdate
 .text.__NVIC_SetPriority
                0x080002f8       0x54 ./Src/Delay.o
 .text.GetTick  0x0800034c       0x18 ./Src/Delay.o
 .text.Delay_Init
                0x08000364       0x58 ./Src/Delay.o
                0x08000364                Delay_Init
 .text.delay_us
                0x080003bc       0x2e ./Src/Delay.o
                0x080003bc                delay_us
 .text.delay_ms
                0x080003ea       0x32 ./Src/Delay.o
                0x080003ea                delay_ms
 .text.HSI_Config_PLL
                0x0800041c       0x38 ./Src/RCC.o
                0x0800041c                HSI_Config_PLL
 .text.HSE_Config_PLL
                0x08000454       0x38 ./Src/RCC.o
                0x08000454                HSE_Config_PLL
 .text.PLL_Config
                0x0800048c      0x174 ./Src/RCC.o
                0x0800048c                PLL_Config
 .text.main     0x08000600       0xa8 ./Src/main.o
                0x08000600                main
 .text.NMI_Handler
                0x080006a8        0x8 ./Src/stm32f4xx_it.o
                0x080006a8                NMI_Handler
 .text.HardFault_Handler
                0x080006b0        0x8 ./Src/stm32f4xx_it.o
                0x080006b0                HardFault_Handler
 .text.MemManage_Handler
                0x080006b8        0x8 ./Src/stm32f4xx_it.o
                0x080006b8                MemManage_Handler
 .text.BusFault_Handler
                0x080006c0        0x8 ./Src/stm32f4xx_it.o
                0x080006c0                BusFault_Handler
 .text.UsageFault_Handler
                0x080006c8        0x8 ./Src/stm32f4xx_it.o
                0x080006c8                UsageFault_Handler
 .text.SVC_Handler
                0x080006d0        0xe ./Src/stm32f4xx_it.o
                0x080006d0                SVC_Handler
 .text.DebugMon_Handler
                0x080006de        0xe ./Src/stm32f4xx_it.o
                0x080006de                DebugMon_Handler
 .text.PendSV_Handler
                0x080006ec        0xe ./Src/stm32f4xx_it.o
                0x080006ec                PendSV_Handler
 *fill*         0x080006fa        0x2 
 .text.SysTick_Handler
                0x080006fc       0x1c ./Src/stm32f4xx_it.o
                0x080006fc                SysTick_Handler
 .text.Reset_Handler
                0x08000718       0x50 ./Startup/startup_stm32f401retx.o
                0x08000718                Reset_Handler
 .text.Default_Handler
                0x08000768        0x2 ./Startup/startup_stm32f401retx.o
                0x08000768                EXTI2_IRQHandler
                0x08000768                SPI4_IRQHandler
                0x08000768                TIM1_CC_IRQHandler
                0x08000768                DMA2_Stream5_IRQHandler
                0x08000768                DMA1_Stream5_IRQHandler
                0x08000768                SDIO_IRQHandler
                0x08000768                TAMP_STAMP_IRQHandler
                0x08000768                EXTI3_IRQHandler
                0x08000768                TIM1_UP_TIM10_IRQHandler
                0x08000768                I2C3_ER_IRQHandler
                0x08000768                EXTI18_OTG_FS_WKUP_IRQHandler
                0x08000768                EXTI0_IRQHandler
                0x08000768                I2C2_EV_IRQHandler
                0x08000768                DMA1_Stream2_IRQHandler
                0x08000768                DMA2_Stream2_IRQHandler
                0x08000768                SPI1_IRQHandler
                0x08000768                TIM1_BRK_TIM9_IRQHandler
                0x08000768                DMA2_Stream3_IRQHandler
                0x08000768                USART6_IRQHandler
                0x08000768                DMA2_Stream0_IRQHandler
                0x08000768                TIM4_IRQHandler
                0x08000768                I2C1_EV_IRQHandler
                0x08000768                DMA1_Stream6_IRQHandler
                0x08000768                DMA1_Stream1_IRQHandler
                0x08000768                TIM3_IRQHandler
                0x08000768                RCC_IRQHandler
                0x08000768                Default_Handler
                0x08000768                EXTI15_10_IRQHandler
                0x08000768                ADC_IRQHandler
                0x08000768                DMA1_Stream7_IRQHandler
                0x08000768                TIM5_IRQHandler
                0x08000768                DMA2_Stream7_IRQHandler
                0x08000768                I2C3_EV_IRQHandler
                0x08000768                EXTI9_5_IRQHandler
                0x08000768                SPI2_IRQHandler
                0x08000768                DMA1_Stream0_IRQHandler
                0x08000768                EXTI4_IRQHandler
                0x08000768                EXTI22_RTC_WKUP_IRQHandler
                0x08000768                TIM2_IRQHandler
                0x08000768                EXTI16_PVD_IRQHandler
                0x08000768                TIM1_TRG_COM_TIM11_IRQHandler
                0x08000768                EXTI1_IRQHandler
                0x08000768                EXTI17_RTC_Alarm_IRQHandler
                0x08000768                USART2_IRQHandler
                0x08000768                I2C2_ER_IRQHandler
                0x08000768                DMA2_Stream1_IRQHandler
                0x08000768                FLASH_IRQHandler
                0x08000768                DMA2_Stream4_IRQHandler
                0x08000768                USART1_IRQHandler
                0x08000768                OTG_FS_IRQHandler
                0x08000768                SPI3_IRQHandler
                0x08000768                DMA1_Stream4_IRQHandler
                0x08000768                I2C1_ER_IRQHandler
                0x08000768                DMA2_Stream6_IRQHandler
                0x08000768                DMA1_Stream3_IRQHandler
 *fill*         0x0800076a        0x2 
 .text.__libc_init_array
                0x0800076c       0x48 C:/ST/STM32CubeIDE_1.10.1/STM32CubeIDE/plugins/com.st.stm32cube.ide.mcu.externaltools.gnu-tools-for-stm32.12.3.rel1.win32_1.0.200.202406191623/tools/bin/../lib/gcc/arm-none-eabi/12.3.1/../../../../arm-none-eabi/lib/thumb/v7e-m+fp/hard\libc_nano.a(libc_a-init.o)
                0x0800076c                __libc_init_array
 *(.glue_7)
 .glue_7        0x080007b4        0x0 linker stubs
 *(.glue_7t)
 .glue_7t       0x080007b4        0x0 linker stubs
 *(.eh_frame)
 .eh_frame      0x080007b4        0x0 C:/ST/STM32CubeIDE_1.10.1/STM32CubeIDE/plugins/com.st.stm32cube.ide.mcu.externaltools.gnu-tools-for-stm32.12.3.rel1.win32_1.0.200.202406191623/tools/bin/../lib/gcc/arm-none-eabi/12.3.1/thumb/v7e-m+fp/hard/crtbegin.o
 *(.init)
 .init          0x080007b4        0x4 C:/ST/STM32CubeIDE_1.10.1/STM32CubeIDE/plugins/com.st.stm32cube.ide.mcu.externaltools.gnu-tools-for-stm32.12.3.rel1.win32_1.0.200.202406191623/tools/bin/../lib/gcc/arm-none-eabi/12.3.1/thumb/v7e-m+fp/hard/crti.o
                0x080007b4                _init
 .init          0x080007b8        0x8 C:/ST/STM32CubeIDE_1.10.1/STM32CubeIDE/plugins/com.st.stm32cube.ide.mcu.externaltools.gnu-tools-for-stm32.12.3.rel1.win32_1.0.200.202406191623/tools/bin/../lib/gcc/arm-none-eabi/12.3.1/thumb/v7e-m+fp/hard/crtn.o
 *(.fini)
 .fini          0x080007c0        0x4 C:/ST/STM32CubeIDE_1.10.1/STM32CubeIDE/plugins/com.st.stm32cube.ide.mcu.externaltools.gnu-tools-for-stm32.12.3.rel1.win32_1.0.200.202406191623/tools/bin/../lib/gcc/arm-none-eabi/12.3.1/thumb/v7e-m+fp/hard/crti.o
                0x080007c0                _fini
 .fini          0x080007c4        0x8 C:/ST/STM32CubeIDE_1.10.1/STM32CubeIDE/plugins/com.st.stm32cube.ide.mcu.externaltools.gnu-tools-for-stm32.12.3.rel1.win32_1.0.200.202406191623/tools/bin/../lib/gcc/arm-none-eabi/12.3.1/thumb/v7e-m+fp/hard/crtn.o
                0x080007cc                        . = ALIGN (0x4)
                0x080007cc                        _etext = .

.vfp11_veneer   0x080007cc        0x0
 .vfp11_veneer  0x080007cc        0x0 linker stubs

.v4_bx          0x080007cc        0x0
 .v4_bx         0x080007cc        0x0 linker stubs

.iplt           0x080007cc        0x0
 .iplt          0x080007cc        0x0 C:/ST/STM32CubeIDE_1.10.1/STM32CubeIDE/plugins/com.st.stm32cube.ide.mcu.externaltools.gnu-tools-for-stm32.12.3.rel1.win32_1.0.200.202406191623/tools/bin/../lib/gcc/arm-none-eabi/12.3.1/thumb/v7e-m+fp/hard/crtbegin.o

.rodata         0x080007cc       0x10
                0x080007cc                        . = ALIGN (0x4)
 *(.rodata)
 *(.rodata*)
 .rodata.AHBPrescTable
                0x080007cc       0x10 ./Drivers/CMSIS/ST/system_stm32f4xx.o
                0x080007cc                AHBPrescTable
                0x080007dc                        . = ALIGN (0x4)

.ARM.extab      0x080007dc        0x0
                0x080007dc                        . = ALIGN (0x4)
 *(.ARM.extab* .gnu.linkonce.armextab.*)
                0x080007dc                        . = ALIGN (0x4)

.ARM            0x080007dc        0x0
                0x080007dc                        . = ALIGN (0x4)
                0x080007dc                        __exidx_start = .
 *(.ARM.exidx*)
                0x080007dc                        __exidx_end = .
                0x080007dc                        . = ALIGN (0x4)

.preinit_array  0x080007dc        0x0
                0x080007dc                        . = ALIGN (0x4)
                0x080007dc                        PROVIDE (__preinit_array_start = .)
 *(.preinit_array*)
                0x080007dc                        PROVIDE (__preinit_array_end = .)
                0x080007dc                        . = ALIGN (0x4)

.init_array     0x080007dc        0x4
                0x080007dc                        . = ALIGN (0x4)
                0x080007dc                        PROVIDE (__init_array_start = .)
 *(SORT_BY_NAME(.init_array.*))
 *(.init_array*)
 .init_array    0x080007dc        0x4 C:/ST/STM32CubeIDE_1.10.1/STM32CubeIDE/plugins/com.st.stm32cube.ide.mcu.externaltools.gnu-tools-for-stm32.12.3.rel1.win32_1.0.200.202406191623/tools/bin/../lib/gcc/arm-none-eabi/12.3.1/thumb/v7e-m+fp/hard/crtbegin.o
                0x080007e0                        PROVIDE (__init_array_end = .)
                0x080007e0                        . = ALIGN (0x4)

.fini_array     0x080007e0        0x4
                0x080007e0                        . = ALIGN (0x4)
                [!provide]                        PROVIDE (__fini_array_start = .)
 *(SORT_BY_NAME(.fini_array.*))
 *(.fini_array*)
 .fini_array    0x080007e0        0x4 C:/ST/STM32CubeIDE_1.10.1/STM32CubeIDE/plugins/com.st.stm32cube.ide.mcu.externaltools.gnu-tools-for-stm32.12.3.rel1.win32_1.0.200.202406191623/tools/bin/../lib/gcc/arm-none-eabi/12.3.1/thumb/v7e-m+fp/hard/crtbegin.o
                [!provide]                        PROVIDE (__fini_array_end = .)
                0x080007e4                        . = ALIGN (0x4)
                0x080007e4                        _sidata = LOADADDR (.data)

.rel.dyn        0x080007e4        0x0
 .rel.iplt      0x080007e4        0x0 C:/ST/STM32CubeIDE_1.10.1/STM32CubeIDE/plugins/com.st.stm32cube.ide.mcu.externaltools.gnu-tools-for-stm32.12.3.rel1.win32_1.0.200.202406191623/tools/bin/../lib/gcc/arm-none-eabi/12.3.1/thumb/v7e-m+fp/hard/crtbegin.o

.data           0x20000000        0x4 load address 0x080007e4
                0x20000000                        . = ALIGN (0x4)
                0x20000000                        _sdata = .
 *(.data)
 *(.data*)
 .data.SystemCoreClock
                0x20000000        0x4 ./Drivers/CMSIS/ST/system_stm32f4xx.o
                0x20000000                SystemCoreClock
 *(.RamFunc)
 *(.RamFunc*)
                0x20000004                        . = ALIGN (0x4)
                0x20000004                        _edata = .

.igot.plt       0x20000004        0x0 load address 0x080007e8
 .igot.plt      0x20000004        0x0 C:/ST/STM32CubeIDE_1.10.1/STM32CubeIDE/plugins/com.st.stm32cube.ide.mcu.externaltools.gnu-tools-for-stm32.12.3.rel1.win32_1.0.200.202406191623/tools/bin/../lib/gcc/arm-none-eabi/12.3.1/thumb/v7e-m+fp/hard/crtbegin.o
                0x20000004                        . = ALIGN (0x4)

.bss            0x20000004       0x20 load address 0x080007e8
                0x20000004                        _sbss = .
                0x20000004                        __bss_start__ = _sbss
 *(.bss)
 .bss           0x20000004       0x1c C:/ST/STM32CubeIDE_1.10.1/STM32CubeIDE/plugins/com.st.stm32cube.ide.mcu.externaltools.gnu-tools-for-stm32.12.3.rel1.win32_1.0.200.202406191623/tools/bin/../lib/gcc/arm-none-eabi/12.3.1/thumb/v7e-m+fp/hard/crtbegin.o
 *(.bss*)
 .bss.uwTick    0x20000020        0x4 ./Src/Delay.o
                0x20000020                uwTick
 *(COMMON)
                0x20000024                        . = ALIGN (0x4)
                0x20000024                        _ebss = .
                0x20000024                        __bss_end__ = _ebss

._user_heap_stack
                0x20000024      0x604 load address 0x080007e8
                0x20000028                        . = ALIGN (0x8)
 *fill*         0x20000024        0x4 
                [!provide]                        PROVIDE (end = .)
                0x20000028                        PROVIDE (_end = .)
                0x20000228                        . = (. + _Min_Heap_Size)
 *fill*         0x20000028      0x200 
                0x20000628                        . = (. + _Min_Stack_Size)
 *fill*         0x20000228      0x400 
                0x20000628                        . = ALIGN (0x8)

/DISCARD/
 libc.a(*)
 libm.a(*)
 libgcc.a(*)

.ARM.attributes
                0x00000000       0x30
 *(.ARM.attributes)
 .ARM.attributes
                0x00000000       0x22 C:/ST/STM32CubeIDE_1.10.1/STM32CubeIDE/plugins/com.st.stm32cube.ide.mcu.externaltools.gnu-tools-for-stm32.12.3.rel1.win32_1.0.200.202406191623/tools/bin/../lib/gcc/arm-none-eabi/12.3.1/thumb/v7e-m+fp/hard/crti.o
 .ARM.attributes
                0x00000022       0x34 C:/ST/STM32CubeIDE_1.10.1/STM32CubeIDE/plugins/com.st.stm32cube.ide.mcu.externaltools.gnu-tools-for-stm32.12.3.rel1.win32_1.0.200.202406191623/tools/bin/../lib/gcc/arm-none-eabi/12.3.1/thumb/v7e-m+fp/hard/crtbegin.o
 .ARM.attributes
                0x00000056       0x34 ./Drivers/CMSIS/ST/system_stm32f4xx.o
 .ARM.attributes
                0x0000008a       0x34 ./Src/Delay.o
 .ARM.attributes
                0x000000be       0x34 ./Src/RCC.o
 .ARM.attributes
                0x000000f2       0x34 ./Src/main.o
 .ARM.attributes
                0x00000126       0x34 ./Src/stm32f4xx_it.o
 .ARM.attributes
                0x0000015a       0x21 ./Startup/startup_stm32f401retx.o
 .ARM.attributes
                0x0000017b       0x34 C:/ST/STM32CubeIDE_1.10.1/STM32CubeIDE/plugins/com.st.stm32cube.ide.mcu.externaltools.gnu-tools-for-stm32.12.3.rel1.win32_1.0.200.202406191623/tools/bin/../lib/gcc/arm-none-eabi/12.3.1/../../../../arm-none-eabi/lib/thumb/v7e-m+fp/hard\libc_nano.a(libc_a-init.o)
 .ARM.attributes
                0x000001af       0x22 C:/ST/STM32CubeIDE_1.10.1/STM32CubeIDE/plugins/com.st.stm32cube.ide.mcu.externaltools.gnu-tools-for-stm32.12.3.rel1.win32_1.0.200.202406191623/tools/bin/../lib/gcc/arm-none-eabi/12.3.1/thumb/v7e-m+fp/hard/crtn.o
OUTPUT(SysTick_IT.elf elf32-littlearm)
LOAD linker stubs
LOAD C:/ST/STM32CubeIDE_1.10.1/STM32CubeIDE/plugins/com.st.stm32cube.ide.mcu.externaltools.gnu-tools-for-stm32.12.3.rel1.win32_1.0.200.202406191623/tools/bin/../lib/gcc/arm-none-eabi/12.3.1/../../../../arm-none-eabi/lib/thumb/v7e-m+fp/hard\libc.a
LOAD C:/ST/STM32CubeIDE_1.10.1/STM32CubeIDE/plugins/com.st.stm32cube.ide.mcu.externaltools.gnu-tools-for-stm32.12.3.rel1.win32_1.0.200.202406191623/tools/bin/../lib/gcc/arm-none-eabi/12.3.1/../../../../arm-none-eabi/lib/thumb/v7e-m+fp/hard\libm.a
LOAD C:/ST/STM32CubeIDE_1.10.1/STM32CubeIDE/plugins/com.st.stm32cube.ide.mcu.externaltools.gnu-tools-for-stm32.12.3.rel1.win32_1.0.200.202406191623/tools/bin/../lib/gcc/arm-none-eabi/12.3.1/thumb/v7e-m+fp/hard\libgcc.a

.debug_info     0x00000000     0x134b
 .debug_info    0x00000000      0x537 ./Drivers/CMSIS/ST/system_stm32f4xx.o
 .debug_info    0x00000537      0x62d ./Src/Delay.o
 .debug_info    0x00000b64      0x326 ./Src/RCC.o
 .debug_info    0x00000e8a      0x36c ./Src/main.o
 .debug_info    0x000011f6      0x125 ./Src/stm32f4xx_it.o
 .debug_info    0x0000131b       0x30 ./Startup/startup_stm32f401retx.o

.debug_abbrev   0x00000000      0x59b
 .debug_abbrev  0x00000000      0x11a ./Drivers/CMSIS/ST/system_stm32f4xx.o
 .debug_abbrev  0x0000011a      0x1ac ./Src/Delay.o
 .debug_abbrev  0x000002c6      0x145 ./Src/RCC.o
 .debug_abbrev  0x0000040b      0x103 ./Src/main.o
 .debug_abbrev  0x0000050e       0x69 ./Src/stm32f4xx_it.o
 .debug_abbrev  0x00000577       0x24 ./Startup/startup_stm32f401retx.o

.debug_aranges  0x00000000      0x140
 .debug_aranges
                0x00000000       0x28 ./Drivers/CMSIS/ST/system_stm32f4xx.o
 .debug_aranges
                0x00000028       0x40 ./Src/Delay.o
 .debug_aranges
                0x00000068       0x30 ./Src/RCC.o
 .debug_aranges
                0x00000098       0x20 ./Src/main.o
 .debug_aranges
                0x000000b8       0x60 ./Src/stm32f4xx_it.o
 .debug_aranges
                0x00000118       0x28 ./Startup/startup_stm32f401retx.o

.debug_rnglists
                0x00000000       0xd5
 .debug_rnglists
                0x00000000       0x1a ./Drivers/CMSIS/ST/system_stm32f4xx.o
 .debug_rnglists
                0x0000001a       0x2b ./Src/Delay.o
 .debug_rnglists
                0x00000045       0x20 ./Src/RCC.o
 .debug_rnglists
                0x00000065       0x14 ./Src/main.o
 .debug_rnglists
                0x00000079       0x43 ./Src/stm32f4xx_it.o
 .debug_rnglists
                0x000000bc       0x19 ./Startup/startup_stm32f401retx.o

.debug_macro    0x00000000     0xebf1
 .debug_macro   0x00000000       0xda ./Drivers/CMSIS/ST/system_stm32f4xx.o
 .debug_macro   0x000000da      0xac0 ./Drivers/CMSIS/ST/system_stm32f4xx.o
 .debug_macro   0x00000b9a       0x28 ./Drivers/CMSIS/ST/system_stm32f4xx.o
 .debug_macro   0x00000bc2       0x28 ./Drivers/CMSIS/ST/system_stm32f4xx.o
 .debug_macro   0x00000bea       0x22 ./Drivers/CMSIS/ST/system_stm32f4xx.o
 .debug_macro   0x00000c0c       0x8e ./Drivers/CMSIS/ST/system_stm32f4xx.o
 .debug_macro   0x00000c9a       0x51 ./Drivers/CMSIS/ST/system_stm32f4xx.o
 .debug_macro   0x00000ceb      0x103 ./Drivers/CMSIS/ST/system_stm32f4xx.o
 .debug_macro   0x00000dee       0x6a ./Drivers/CMSIS/ST/system_stm32f4xx.o
 .debug_macro   0x00000e58      0x1df ./Drivers/CMSIS/ST/system_stm32f4xx.o
 .debug_macro   0x00001037       0x1c ./Drivers/CMSIS/ST/system_stm32f4xx.o
 .debug_macro   0x00001053       0x22 ./Drivers/CMSIS/ST/system_stm32f4xx.o
 .debug_macro   0x00001075       0xfb ./Drivers/CMSIS/ST/system_stm32f4xx.o
 .debug_macro   0x00001170     0x1011 ./Drivers/CMSIS/ST/system_stm32f4xx.o
 .debug_macro   0x00002181      0x11f ./Drivers/CMSIS/ST/system_stm32f4xx.o
 .debug_macro   0x000022a0     0xb86c ./Drivers/CMSIS/ST/system_stm32f4xx.o
 .debug_macro   0x0000db0c       0x6d ./Drivers/CMSIS/ST/system_stm32f4xx.o
 .debug_macro   0x0000db79       0xde ./Src/Delay.o
 .debug_macro   0x0000dc57       0xde ./Src/RCC.o
 .debug_macro   0x0000dd35      0x1d8 ./Src/main.o
 .debug_macro   0x0000df0d       0x61 ./Src/main.o
 .debug_macro   0x0000df6e       0x2a ./Src/main.o
 .debug_macro   0x0000df98       0x43 ./Src/main.o
 .debug_macro   0x0000dfdb       0x34 ./Src/main.o
 .debug_macro   0x0000e00f       0x16 ./Src/main.o
 .debug_macro   0x0000e025       0x9e ./Src/main.o
 .debug_macro   0x0000e0c3      0x369 ./Src/main.o
 .debug_macro   0x0000e42c      0x10b ./Src/main.o
 .debug_macro   0x0000e537       0x10 ./Src/main.o
 .debug_macro   0x0000e547       0x16 ./Src/main.o
 .debug_macro   0x0000e55d       0x43 ./Src/main.o
 .debug_macro   0x0000e5a0       0x34 ./Src/main.o
 .debug_macro   0x0000e5d4       0x10 ./Src/main.o
 .debug_macro   0x0000e5e4       0x58 ./Src/main.o
 .debug_macro   0x0000e63c       0x8e ./Src/main.o
 .debug_macro   0x0000e6ca       0x1c ./Src/main.o
 .debug_macro   0x0000e6e6      0x177 ./Src/main.o
 .debug_macro   0x0000e85d       0x16 ./Src/main.o
 .debug_macro   0x0000e873       0x16 ./Src/main.o
 .debug_macro   0x0000e889      0x146 ./Src/main.o
 .debug_macro   0x0000e9cf      0x12a ./Src/main.o
 .debug_macro   0x0000eaf9       0x10 ./Src/main.o
 .debug_macro   0x0000eb09       0x10 ./Src/main.o
 .debug_macro   0x0000eb19       0xd8 ./Src/stm32f4xx_it.o

.debug_line     0x00000000     0x1ec9
 .debug_line    0x00000000      0x59d ./Drivers/CMSIS/ST/system_stm32f4xx.o
 .debug_line    0x0000059d      0x5eb ./Src/Delay.o
 .debug_line    0x00000b88      0x649 ./Src/RCC.o
 .debug_line    0x000011d1      0x6b4 ./Src/main.o
 .debug_line    0x00001885      0x5c9 ./Src/stm32f4xx_it.o
 .debug_line    0x00001e4e       0x7b ./Startup/startup_stm32f401retx.o

.debug_str      0x00000000    0x53f09
 .debug_str     0x00000000    0x4f7da ./Drivers/CMSIS/ST/system_stm32f4xx.o
                              0x4f950 (size before relaxing)
 .debug_str     0x0004f7da      0x45d ./Src/Delay.o
                              0x4fc2f (size before relaxing)
 .debug_str     0x0004fc37       0x86 ./Src/RCC.o
                              0x4f8d1 (size before relaxing)
 .debug_str     0x0004fcbd     0x4155 ./Src/main.o
                              0x53a75 (size before relaxing)
 .debug_str     0x00053e12       0xb8 ./Src/stm32f4xx_it.o
                              0x4f7cf (size before relaxing)
 .debug_str     0x00053eca       0x3f ./Startup/startup_stm32f401retx.o
                                 0x78 (size before relaxing)

.comment        0x00000000       0x43
 .comment       0x00000000       0x43 ./Drivers/CMSIS/ST/system_stm32f4xx.o
                                 0x44 (size before relaxing)
 .comment       0x00000043       0x44 ./Src/Delay.o
 .comment       0x00000043       0x44 ./Src/RCC.o
 .comment       0x00000043       0x44 ./Src/main.o
 .comment       0x00000043       0x44 ./Src/stm32f4xx_it.o

.debug_frame    0x00000000      0x2e8
 .debug_frame   0x00000000       0x58 ./Drivers/CMSIS/ST/system_stm32f4xx.o
 .debug_frame   0x00000058       0xc4 ./Src/Delay.o
 .debug_frame   0x0000011c       0x6c ./Src/RCC.o
 .debug_frame   0x00000188       0x2c ./Src/main.o
 .debug_frame   0x000001b4      0x108 ./Src/stm32f4xx_it.o
 .debug_frame   0x000002bc       0x2c C:/ST/STM32CubeIDE_1.10.1/STM32CubeIDE/plugins/com.st.stm32cube.ide.mcu.externaltools.gnu-tools-for-stm32.12.3.rel1.win32_1.0.200.202406191623/tools/bin/../lib/gcc/arm-none-eabi/12.3.1/../../../../arm-none-eabi/lib/thumb/v7e-m+fp/hard\libc_nano.a(libc_a-init.o)

.debug_line_str
                0x00000000       0x5c
 .debug_line_str
                0x00000000       0x5c ./Startup/startup_stm32f401retx.o
