Archive member included to satisfy reference by file (symbol)

C:/ST/STM32CubeIDE_1.17.0/STM32CubeIDE/plugins/com.st.stm32cube.ide.mcu.externaltools.gnu-tools-for-stm32.12.3.rel1.win32_1.1.0.202410251130/tools/bin/../lib/gcc/arm-none-eabi/12.3.1/../../../../arm-none-eabi/lib/thumb/v7e-m+fp/hard\libc_nano.a(libc_a-exit.o)
                              C:/ST/STM32CubeIDE_1.17.0/STM32CubeIDE/plugins/com.st.stm32cube.ide.mcu.externaltools.gnu-tools-for-stm32.12.3.rel1.win32_1.1.0.202410251130/tools/bin/../lib/gcc/arm-none-eabi/12.3.1/../../../../arm-none-eabi/lib/thumb/v7e-m+fp/hard/crt0.o (exit)
C:/ST/STM32CubeIDE_1.17.0/STM32CubeIDE/plugins/com.st.stm32cube.ide.mcu.externaltools.gnu-tools-for-stm32.12.3.rel1.win32_1.1.0.202410251130/tools/bin/../lib/gcc/arm-none-eabi/12.3.1/../../../../arm-none-eabi/lib/thumb/v7e-m+fp/hard\libc_nano.a(libc_a-findfp.o)
                              C:/ST/STM32CubeIDE_1.17.0/STM32CubeIDE/plugins/com.st.stm32cube.ide.mcu.externaltools.gnu-tools-for-stm32.12.3.rel1.win32_1.1.0.202410251130/tools/bin/../lib/gcc/arm-none-eabi/12.3.1/../../../../arm-none-eabi/lib/thumb/v7e-m+fp/hard\libc_nano.a(libc_a-exit.o) (__stdio_exit_handler)
C:/ST/STM32CubeIDE_1.17.0/STM32CubeIDE/plugins/com.st.stm32cube.ide.mcu.externaltools.gnu-tools-for-stm32.12.3.rel1.win32_1.1.0.202410251130/tools/bin/../lib/gcc/arm-none-eabi/12.3.1/../../../../arm-none-eabi/lib/thumb/v7e-m+fp/hard\libc_nano.a(libc_a-fwalk.o)
                              C:/ST/STM32CubeIDE_1.17.0/STM32CubeIDE/plugins/com.st.stm32cube.ide.mcu.externaltools.gnu-tools-for-stm32.12.3.rel1.win32_1.1.0.202410251130/tools/bin/../lib/gcc/arm-none-eabi/12.3.1/../../../../arm-none-eabi/lib/thumb/v7e-m+fp/hard\libc_nano.a(libc_a-findfp.o) (_fwalk_sglue)
C:/ST/STM32CubeIDE_1.17.0/STM32CubeIDE/plugins/com.st.stm32cube.ide.mcu.externaltools.gnu-tools-for-stm32.12.3.rel1.win32_1.1.0.202410251130/tools/bin/../lib/gcc/arm-none-eabi/12.3.1/../../../../arm-none-eabi/lib/thumb/v7e-m+fp/hard\libc_nano.a(libc_a-stdio.o)
                              C:/ST/STM32CubeIDE_1.17.0/STM32CubeIDE/plugins/com.st.stm32cube.ide.mcu.externaltools.gnu-tools-for-stm32.12.3.rel1.win32_1.1.0.202410251130/tools/bin/../lib/gcc/arm-none-eabi/12.3.1/../../../../arm-none-eabi/lib/thumb/v7e-m+fp/hard\libc_nano.a(libc_a-findfp.o) (__sread)
C:/ST/STM32CubeIDE_1.17.0/STM32CubeIDE/plugins/com.st.stm32cube.ide.mcu.externaltools.gnu-tools-for-stm32.12.3.rel1.win32_1.1.0.202410251130/tools/bin/../lib/gcc/arm-none-eabi/12.3.1/../../../../arm-none-eabi/lib/thumb/v7e-m+fp/hard\libc_nano.a(libc_a-memset.o)
                              C:/ST/STM32CubeIDE_1.17.0/STM32CubeIDE/plugins/com.st.stm32cube.ide.mcu.externaltools.gnu-tools-for-stm32.12.3.rel1.win32_1.1.0.202410251130/tools/bin/../lib/gcc/arm-none-eabi/12.3.1/../../../../arm-none-eabi/lib/thumb/v7e-m+fp/hard/crt0.o (memset)
C:/ST/STM32CubeIDE_1.17.0/STM32CubeIDE/plugins/com.st.stm32cube.ide.mcu.externaltools.gnu-tools-for-stm32.12.3.rel1.win32_1.1.0.202410251130/tools/bin/../lib/gcc/arm-none-eabi/12.3.1/../../../../arm-none-eabi/lib/thumb/v7e-m+fp/hard\libc_nano.a(libc_a-closer.o)
                              C:/ST/STM32CubeIDE_1.17.0/STM32CubeIDE/plugins/com.st.stm32cube.ide.mcu.externaltools.gnu-tools-for-stm32.12.3.rel1.win32_1.1.0.202410251130/tools/bin/../lib/gcc/arm-none-eabi/12.3.1/../../../../arm-none-eabi/lib/thumb/v7e-m+fp/hard\libc_nano.a(libc_a-stdio.o) (_close_r)
C:/ST/STM32CubeIDE_1.17.0/STM32CubeIDE/plugins/com.st.stm32cube.ide.mcu.externaltools.gnu-tools-for-stm32.12.3.rel1.win32_1.1.0.202410251130/tools/bin/../lib/gcc/arm-none-eabi/12.3.1/../../../../arm-none-eabi/lib/thumb/v7e-m+fp/hard\libc_nano.a(libc_a-reent.o)
                              C:/ST/STM32CubeIDE_1.17.0/STM32CubeIDE/plugins/com.st.stm32cube.ide.mcu.externaltools.gnu-tools-for-stm32.12.3.rel1.win32_1.1.0.202410251130/tools/bin/../lib/gcc/arm-none-eabi/12.3.1/../../../../arm-none-eabi/lib/thumb/v7e-m+fp/hard\libc_nano.a(libc_a-closer.o) (errno)
C:/ST/STM32CubeIDE_1.17.0/STM32CubeIDE/plugins/com.st.stm32cube.ide.mcu.externaltools.gnu-tools-for-stm32.12.3.rel1.win32_1.1.0.202410251130/tools/bin/../lib/gcc/arm-none-eabi/12.3.1/../../../../arm-none-eabi/lib/thumb/v7e-m+fp/hard\libc_nano.a(libc_a-impure.o)
                              C:/ST/STM32CubeIDE_1.17.0/STM32CubeIDE/plugins/com.st.stm32cube.ide.mcu.externaltools.gnu-tools-for-stm32.12.3.rel1.win32_1.1.0.202410251130/tools/bin/../lib/gcc/arm-none-eabi/12.3.1/../../../../arm-none-eabi/lib/thumb/v7e-m+fp/hard\libc_nano.a(libc_a-reent.o) (_impure_ptr)
C:/ST/STM32CubeIDE_1.17.0/STM32CubeIDE/plugins/com.st.stm32cube.ide.mcu.externaltools.gnu-tools-for-stm32.12.3.rel1.win32_1.1.0.202410251130/tools/bin/../lib/gcc/arm-none-eabi/12.3.1/../../../../arm-none-eabi/lib/thumb/v7e-m+fp/hard\libc_nano.a(libc_a-lseekr.o)
[...]
Memory Configuration

Name             Origin             Length             Attributes
RAM              0x20000000         0x00018000         xrw
FLASH            0x08000000         0x00080000         xr
*default*        0x00000000         0xffffffff

Linker script and memory map

LOAD C:/ST/STM32CubeIDE_1.17.0/STM32CubeIDE/plugins/com.st.stm32cube.ide.mcu.externaltools.gnu-tools-for-stm32.12.3.rel1.win32_1.1.0.202410251130/tools/bin/../lib/gcc/arm-none-eabi/12.3.1/thumb/v7e-m+fp/hard/crti.o
LOAD C:/ST/STM32CubeIDE_1.17.0/STM32CubeIDE/plugins/com.st.stm32cube.ide.mcu.externaltools.gnu-tools-for-stm32.12.3.rel1.win32_1.1.0.202410251130/tools/bin/../lib/gcc/arm-none-eabi/12.3.1/thumb/v7e-m+fp/hard/crtbegin.o
LOAD C:/ST/STM32CubeIDE_1.17.0/STM32CubeIDE/plugins/com.st.stm32cube.ide.mcu.externaltools.gnu-tools-for-stm32.12.3.rel1.win32_1.1.0.202410251130/tools/bin/../lib/gcc/arm-none-eabi/12.3.1/../../../../arm-none-eabi/lib/thumb/v7e-m+fp/hard/crt0.o
LOAD ./Core/Src/button_task_entry.o
LOAD ./Core/Src/freertos.o
LOAD ./Core/Src/gpio.o
LOAD ./Core/Src/main.o
LOAD ./Core/Src/stm32f4xx_hal_msp.o
LOAD ./Core/Src/stm32f4xx_hal_timebase_tim.o
LOAD ./Core/Src/stm32f4xx_it.o
LOAD ./Core/Src/syscalls.o
LOAD ./Core/Src/sysmem.o
LOAD ./Core/Src/system_stm32f4xx.o
LOAD ./Core/Src/task_normal_functions.o
LOAD ./Core/Src/usart.o
LOAD ./Core/Startup/startup_stm32f401retx.o
LOAD ./Drivers/STM32F4xx_HAL_Driver/Src/stm32f4xx_hal.o
LOAD ./Drivers/STM32F4xx_HAL_Driver/Src/stm32f4xx_hal_cortex.o
LOAD ./Drivers/STM32F4xx_HAL_Driver/Src/stm32f4xx_hal_dma.o
LOAD ./Drivers/STM32F4xx_HAL_Driver/Src/stm32f4xx_hal_dma_ex.o
LOAD ./Drivers/STM32F4xx_HAL_Driver/Src/stm32f4xx_hal_exti.o
LOAD ./Drivers/STM32F4xx_HAL_Driver/Src/stm32f4xx_hal_flash.o
LOAD ./Drivers/STM32F4xx_HAL_Driver/Src/stm32f4xx_hal_flash_ex.o
LOAD ./Drivers/STM32F4xx_HAL_Driver/Src/stm32f4xx_hal_flash_ramfunc.o
LOAD ./Drivers/STM32F4xx_HAL_Driver/Src/stm32f4xx_hal_gpio.o
LOAD ./Drivers/STM32F4xx_HAL_Driver/Src/stm32f4xx_hal_pwr.o
LOAD ./Drivers/STM32F4xx_HAL_Driver/Src/stm32f4xx_hal_pwr_ex.o
LOAD ./Drivers/STM32F4xx_HAL_Driver/Src/stm32f4xx_hal_rcc.o
LOAD ./Drivers/STM32F4xx_HAL_Driver/Src/stm32f4xx_hal_rcc_ex.o
LOAD ./Drivers/STM32F4xx_HAL_Driver/Src/stm32f4xx_hal_tim.o
LOAD ./Drivers/STM32F4xx_HAL_Driver/Src/stm32f4xx_hal_tim_ex.o
LOAD ./Drivers/STM32F4xx_HAL_Driver/Src/stm32f4xx_hal_uart.o
LOAD ./Middlewares/Third_Party/FreeRTOS/Source/CMSIS_RTOS_V2/cmsis_os2.o
LOAD ./Middlewares/Third_Party/FreeRTOS/Source/croutine.o
LOAD ./Middlewares/Third_Party/FreeRTOS/Source/event_groups.o
LOAD ./Middlewares/Third_Party/FreeRTOS/Source/list.o
LOAD ./Middlewares/Third_Party/FreeRTOS/Source/queue.o
LOAD ./Middlewares/Third_Party/FreeRTOS/Source/stream_buffer.o
LOAD ./Middlewares/Third_Party/FreeRTOS/Source/tasks.o
LOAD ./Middlewares/Third_Party/FreeRTOS/Source/timers.o
LOAD ./Middlewares/Third_Party/FreeRTOS/Source/portable/GCC/ARM_CM4F/port.o
LOAD ./Middlewares/Third_Party/FreeRTOS/Source/portable/MemMang/heap_4.o
START GROUP
LOAD C:/ST/STM32CubeIDE_1.17.0/STM32CubeIDE/plugins/com.st.stm32cube.ide.mcu.externaltools.gnu-tools-for-stm32.12.3.rel1.win32_1.1.0.202410251130/tools/bin/../lib/gcc/arm-none-eabi/12.3.1/../../../../arm-none-eabi/lib/thumb/v7e-m+fp/hard\libc_nano.a
LOAD C:/ST/STM32CubeIDE_1.17.0/STM32CubeIDE/plugins/com.st.stm32cube.ide.mcu.externaltools.gnu-tools-for-stm32.12.3.rel1.win32_1.1.0.202410251130/tools/bin/../lib/gcc/arm-none-eabi/12.3.1/../../../../arm-none-eabi/lib/thumb/v7e-m+fp/hard\libm.a
END GROUP
START GROUP
LOAD C:/ST/STM32CubeIDE_1.17.0/STM32CubeIDE/plugins/com.st.stm32cube.ide.mcu.externaltools.gnu-tools-for-stm32.12.3.rel1.win32_1.1.0.202410251130/tools/bin/../lib/gcc/arm-none-eabi/12.3.1/thumb/v7e-m+fp/hard\libgcc.a
LOAD C:/ST/STM32CubeIDE_1.17.0/STM32CubeIDE/plugins/com.st.stm32cube.ide.mcu.externaltools.gnu-tools-for-stm32.12.3.rel1.win32_1.1.0.202410251130/tools/bin/../lib/gcc/arm-none-eabi/12.3.1/../../../../arm-none-eabi/lib/thumb/v7e-m+fp/hard\libc_nano.a
END GROUP
START GROUP
LOAD C:/ST/STM32CubeIDE_1.17.0/STM32CubeIDE/plugins/com.st.stm32cube.ide.mcu.externaltools.gnu-tools-for-stm32.12.3.rel1.win32_1.1.0.202410251130/tools/bin/../lib/gcc/arm-none-eabi/12.3.1/thumb/v7e-m+fp/hard\libgcc.a
LOAD C:/ST/STM32CubeIDE_1.17.0/STM32CubeIDE/plugins/com.st.stm32cube.ide.mcu.externaltools.gnu-tools-for-stm32.12.3.rel1.win32_1.1.0.202410251130/tools/bin/../lib/gcc/arm-none-eabi/12.3.1/../../../../arm-none-eabi/lib/thumb/v7e-m+fp/hard\libc_nano.a
LOAD C:/ST/STM32CubeIDE_1.17.0/STM32CubeIDE/plugins/com.st.stm32cube.ide.mcu.externaltools.gnu-tools-for-stm32.12.3.rel1.win32_1.1.0.202410251130/tools/bin/../lib/gcc/arm-none-eabi/12.3.1/../../../../arm-none-eabi/lib/thumb/v7e-m+fp/hard\libnosys.a
END GROUP
START GROUP
LOAD C:/ST/STM32CubeIDE_1.17.0/STM32CubeIDE/plugins/com.st.stm32cube.ide.mcu.externaltools.gnu-tools-for-stm32.12.3.rel1.win32_1.1.0.202410251130/tools/bin/../lib/gcc/arm-none-eabi/12.3.1/thumb/v7e-m+fp/hard\libgcc.a
LOAD C:/ST/STM32CubeIDE_1.17.0/STM32CubeIDE/plugins/com.st.stm32cube.ide.mcu.externaltools.gnu-tools-for-stm32.12.3.rel1.win32_1.1.0.202410251130/tools/bin/../lib/gcc/arm-none-eabi/12.3.1/../../../../arm-none-eabi/lib/thumb/v7e-m+fp/hard\libc_nano.a
LOAD C:/ST/STM32CubeIDE_1.17.0/STM32CubeIDE/plugins/com.st.stm32cube.ide.mcu.externaltools.gnu-tools-for-stm32.12.3.rel1.win32_1.1.0.202410251130/tools/bin/../lib/gcc/arm-none-eabi/12.3.1/../../../../arm-none-eabi/lib/thumb/v7e-m+fp/hard\libnosys.a
END GROUP
LOAD C:/ST/STM32CubeIDE_1.17.0/STM32CubeIDE/plugins/com.st.stm32cube.ide.mcu.externaltools.gnu-tools-for-stm32.12.3.rel1.win32_1.1.0.202410251130/tools/bin/../lib/gcc/arm-none-eabi/12.3.1/thumb/v7e-m+fp/hard/crtend.o
LOAD C:/ST/STM32CubeIDE_1.17.0/STM32CubeIDE/plugins/com.st.stm32cube.ide.mcu.externaltools.gnu-tools-for-stm32.12.3.rel1.win32_1.1.0.202410251130/tools/bin/../lib/gcc/arm-none-eabi/12.3.1/thumb/v7e-m+fp/hard/crtn.o
                0x20018000                        _estack = (ORIGIN (RAM) + LENGTH (RAM))
                0x00000200                        _Min_Heap_Size = 0x200
                0x00000400                        _Min_Stack_Size = 0x400

.isr_vector     0x08000000      0x194
                0x08000000                        . = ALIGN (0x4)
 *(.isr_vector)
 .isr_vector    0x08000000      0x194 ./Core/Startup/startup_stm32f401retx.o
                0x08000000                g_pfnVectors
                0x08000194                        . = ALIGN (0x4)

.text           0x080001a0     0x5954
                0x080001a0                        . = ALIGN (0x4)
 *(.text)
 .text          0x080001a0       0x40 C:/ST/STM32CubeIDE_1.17.0/STM32CubeIDE/plugins/com.st.stm32cube.ide.mcu.externaltools.gnu-tools-for-stm32.12.3.rel1.win32_1.1.0.202410251130/tools/bin/../lib/gcc/arm-none-eabi/12.3.1/thumb/v7e-m+fp/hard/crtbegin.o
 .text          0x080001e0       0x30 C:/ST/STM32CubeIDE_1.17.0/STM32CubeIDE/plugins/com.st.stm32cube.ide.mcu.externaltools.gnu-tools-for-stm32.12.3.rel1.win32_1.1.0.202410251130/tools/bin/../lib/gcc/arm-none-eabi/12.3.1/thumb/v7e-m+fp/hard\libgcc.a(_aeabi_uldivmod.o)
                0x080001e0                __aeabi_uldivmod
 .text          0x08000210      0x2bc C:/ST/STM32CubeIDE_1.17.0/STM32CubeIDE/plugins/com.st.stm32cube.ide.mcu.externaltools.gnu-tools-for-stm32.12.3.rel1.win32_1.1.0.202410251130/tools/bin/../lib/gcc/arm-none-eabi/12.3.1/thumb/v7e-m+fp/hard\libgcc.a(_udivmoddi4.o)
                0x08000210                __udivmoddi4
 .text          0x080004cc        0x4 C:/ST/STM32CubeIDE_1.17.0/STM32CubeIDE/plugins/com.st.stm32cube.ide.mcu.externaltools.gnu-tools-for-stm32.12.3.rel1.win32_1.1.0.202410251130/tools/bin/../lib/gcc/arm-none-eabi/12.3.1/thumb/v7e-m+fp/hard\libgcc.a(_dvmd_tls.o)
                0x080004cc                __aeabi_idiv0
                0x080004cc                __aeabi_ldiv0
 *(.text*)
 .text.button_task_read_entry
                0x080004d0      0x138 ./Core/Src/button_task_entry.o
                0x080004d0                button_task_read_entry
 .text.MX_FREERTOS_Init
                0x08000608       0x74 ./Core/Src/freertos.o
                0x08000608                MX_FREERTOS_Init
 .text.MX_GPIO_Init
                0x0800067c       0xdc ./Core/Src/gpio.o
                0x0800067c                MX_GPIO_Init
 .text.main     0x08000758       0x24 ./Core/Src/main.o
                0x08000758                main
 .text.SystemClock_Config
                0x0800077c       0xd8 ./Core/Src/main.o
                0x0800077c                SystemClock_Config
 .text.HAL_TIM_PeriodElapsedCallback
                0x08000854       0x24 ./Core/Src/main.o
                0x08000854                HAL_TIM_PeriodElapsedCallback
 .text.Error_Handler
                0x08000878        0xc ./Core/Src/main.o
                0x08000878                Error_Handler
 .text.HAL_MspInit
                0x08000884       0x58 ./Core/Src/stm32f4xx_hal_msp.o
                0x08000884                HAL_MspInit
 .text.HAL_InitTick
                0x080008dc       0xe4 ./Core/Src/stm32f4xx_hal_timebase_tim.o
                0x080008dc                HAL_InitTick
 .text.NMI_Handler
                0x080009c0        0x8 ./Core/Src/stm32f4xx_it.o
                0x080009c0                NMI_Handler
 .text.HardFault_Handler
                0x080009c8        0x8 ./Core/Src/stm32f4xx_it.o
                0x080009c8                HardFault_Handler
 .text.MemManage_Handler
                0x080009d0        0x8 ./Core/Src/stm32f4xx_it.o
                0x080009d0                MemManage_Handler
 .text.BusFault_Handler
                0x080009d8        0x8 ./Core/Src/stm32f4xx_it.o
                0x080009d8                BusFault_Handler
 .text.UsageFault_Handler
                0x080009e0        0x8 ./Core/Src/stm32f4xx_it.o
                0x080009e0                UsageFault_Handler
 .text.DebugMon_Handler
                0x080009e8        0xe ./Core/Src/stm32f4xx_it.o
                0x080009e8                DebugMon_Handler
 *fill*         0x080009f6        0x2 
 .text.TIM1_UP_TIM10_IRQHandler
                0x080009f8       0x14 ./Core/Src/stm32f4xx_it.o
                0x080009f8                TIM1_UP_TIM10_IRQHandler
 .text.SystemInit
                0x08000a0c       0x24 ./Core/Src/system_stm32f4xx.o
                0x08000a0c                SystemInit
 .text.Start_Task01
                0x08000a30       0x40 ./Core/Src/task_normal_functions.o
                0x08000a30                Start_Task01
 .text.Start_Task02
                0x08000a70       0x44 ./Core/Src/task_normal_functions.o
                0x08000a70                Start_Task02
 .text.MX_USART2_UART_Init
                0x08000ab4       0x54 ./Core/Src/usart.o
                0x08000ab4                MX_USART2_UART_Init
 .text.HAL_UART_MspInit
                0x08000b08       0x90 ./Core/Src/usart.o
                0x08000b08                HAL_UART_MspInit
 .text.Reset_Handler
                0x08000b98       0x50 ./Core/Startup/startup_stm32f401retx.o
                0x08000b98                Reset_Handler
 .text.Default_Handler
                0x08000be8        0x2 ./Core/Startup/startup_stm32f401retx.o
                0x08000be8                RTC_Alarm_IRQHandler
                0x08000be8                EXTI2_IRQHandler
                0x08000be8                SPI4_IRQHandler
                0x08000be8                TIM1_CC_IRQHandler
                0x08000be8                DMA2_Stream5_IRQHandler
                0x08000be8                DMA1_Stream5_IRQHandler
                0x08000be8                PVD_IRQHandler
                0x08000be8                SDIO_IRQHandler
                0x08000be8                TAMP_STAMP_IRQHandler
                0x08000be8                EXTI3_IRQHandler
                0x08000be8                I2C3_ER_IRQHandler
                0x08000be8                EXTI0_IRQHandler
                0x08000be8                I2C2_EV_IRQHandler
                0x08000be8                DMA1_Stream2_IRQHandler
                0x08000be8                FPU_IRQHandler
                0x08000be8                DMA2_Stream2_IRQHandler
                0x08000be8                SPI1_IRQHandler
                0x08000be8                TIM1_BRK_TIM9_IRQHandler
                0x08000be8                DMA2_Stream3_IRQHandler
                0x08000be8                USART6_IRQHandler
                0x08000be8                DMA2_Stream0_IRQHandler
                0x08000be8                TIM4_IRQHandler
                0x08000be8                I2C1_EV_IRQHandler
                0x08000be8                DMA1_Stream6_IRQHandler
                0x08000be8                DMA1_Stream1_IRQHandler
                0x08000be8                TIM3_IRQHandler
                0x08000be8                RCC_IRQHandler
                0x08000be8                Default_Handler
                0x08000be8                EXTI15_10_IRQHandler
                0x08000be8                ADC_IRQHandler
                0x08000be8                DMA1_Stream7_IRQHandler
                0x08000be8                TIM5_IRQHandler
                0x08000be8                DMA2_Stream7_IRQHandler
                0x08000be8                I2C3_EV_IRQHandler
                0x08000be8                EXTI9_5_IRQHandler
                0x08000be8                RTC_WKUP_IRQHandler
                0x08000be8                SPI2_IRQHandler
                0x08000be8                DMA1_Stream0_IRQHandler
                0x08000be8                EXTI4_IRQHandler
                0x08000be8                WWDG_IRQHandler
                0x08000be8                TIM2_IRQHandler
                0x08000be8                OTG_FS_WKUP_IRQHandler
                0x08000be8                TIM1_TRG_COM_TIM11_IRQHandler
                0x08000be8                EXTI1_IRQHandler
                0x08000be8                USART2_IRQHandler
                0x08000be8                I2C2_ER_IRQHandler
                0x08000be8                DMA2_Stream1_IRQHandler
                0x08000be8                FLASH_IRQHandler
                0x08000be8                DMA2_Stream4_IRQHandler
                0x08000be8                USART1_IRQHandler
                0x08000be8                OTG_FS_IRQHandler
                0x08000be8                SPI3_IRQHandler
                0x08000be8                DMA1_Stream4_IRQHandler
                0x08000be8                I2C1_ER_IRQHandler
                0x08000be8                DMA2_Stream6_IRQHandler
                0x08000be8                DMA1_Stream3_IRQHandler
 *fill*         0x08000bea        0x2 
 .text.HAL_Init
                0x08000bec       0x44 ./Drivers/STM32F4xx_HAL_Driver/Src/stm32f4xx_hal.o
                0x08000bec                HAL_Init
 .text.HAL_IncTick
                0x08000c30       0x28 ./Drivers/STM32F4xx_HAL_Driver/Src/stm32f4xx_hal.o
                0x08000c30                HAL_IncTick
 .text.HAL_GetTick
                0x08000c58       0x18 ./Drivers/STM32F4xx_HAL_Driver/Src/stm32f4xx_hal.o
                0x08000c58                HAL_GetTick
 .text.__NVIC_SetPriorityGrouping
                0x08000c70       0x48 ./Drivers/STM32F4xx_HAL_Driver/Src/stm32f4xx_hal_cortex.o
 .text.__NVIC_GetPriorityGrouping
                0x08000cb8       0x1c ./Drivers/STM32F4xx_HAL_Driver/Src/stm32f4xx_hal_cortex.o
 .text.__NVIC_EnableIRQ
                0x08000cd4       0x3c ./Drivers/STM32F4xx_HAL_Driver/Src/stm32f4xx_hal_cortex.o
 .text.__NVIC_SetPriority
                0x08000d10       0x54 ./Drivers/STM32F4xx_HAL_Driver/Src/stm32f4xx_hal_cortex.o
 .text.NVIC_EncodePriority
                0x08000d64       0x66 ./Drivers/STM32F4xx_HAL_Driver/Src/stm32f4xx_hal_cortex.o
 .text.HAL_NVIC_SetPriorityGrouping
                0x08000dca       0x16 ./Drivers/STM32F4xx_HAL_Driver/Src/stm32f4xx_hal_cortex.o
                0x08000dca                HAL_NVIC_SetPriorityGrouping
 .text.HAL_NVIC_SetPriority
                0x08000de0       0x38 ./Drivers/STM32F4xx_HAL_Driver/Src/stm32f4xx_hal_cortex.o
                0x08000de0                HAL_NVIC_SetPriority
 .text.HAL_NVIC_EnableIRQ
                0x08000e18       0x1c ./Drivers/STM32F4xx_HAL_Driver/Src/stm32f4xx_hal_cortex.o
                0x08000e18                HAL_NVIC_EnableIRQ
 .text.HAL_GPIO_Init
                0x08000e34      0x308 ./Drivers/STM32F4xx_HAL_Driver/Src/stm32f4xx_hal_gpio.o
                0x08000e34                HAL_GPIO_Init
 .text.HAL_GPIO_ReadPin
                0x0800113c       0x30 ./Drivers/STM32F4xx_HAL_Driver/Src/stm32f4xx_hal_gpio.o
                0x0800113c                HAL_GPIO_ReadPin
 .text.HAL_GPIO_WritePin
                0x0800116c       0x32 ./Drivers/STM32F4xx_HAL_Driver/Src/stm32f4xx_hal_gpio.o
                0x0800116c                HAL_GPIO_WritePin
 .text.HAL_GPIO_TogglePin
                0x0800119e       0x34 ./Drivers/STM32F4xx_HAL_Driver/Src/stm32f4xx_hal_gpio.o
                0x0800119e                HAL_GPIO_TogglePin
 *fill*         0x080011d2        0x2 
 .text.HAL_RCC_OscConfig
                0x080011d4      0x4f0 ./Drivers/STM32F4xx_HAL_Driver/Src/stm32f4xx_hal_rcc.o
                0x080011d4                HAL_RCC_OscConfig
 .text.HAL_RCC_ClockConfig
                0x080016c4      0x1cc ./Drivers/STM32F4xx_HAL_Driver/Src/stm32f4xx_hal_rcc.o
                0x080016c4                HAL_RCC_ClockConfig
 .text.HAL_RCC_GetSysClockFreq
                0x08001890      0x20c ./Drivers/STM32F4xx_HAL_Driver/Src/stm32f4xx_hal_rcc.o
                0x08001890                HAL_RCC_GetSysClockFreq
 .text.HAL_RCC_GetHCLKFreq
                0x08001a9c       0x18 ./Drivers/STM32F4xx_HAL_Driver/Src/stm32f4xx_hal_rcc.o
                0x08001a9c                HAL_RCC_GetHCLKFreq
 .text.HAL_RCC_GetPCLK1Freq
                0x08001ab4       0x28 ./Drivers/STM32F4xx_HAL_Driver/Src/stm32f4xx_hal_rcc.o
                0x08001ab4                HAL_RCC_GetPCLK1Freq
 .text.HAL_RCC_GetPCLK2Freq
                0x08001adc       0x28 ./Drivers/STM32F4xx_HAL_Driver/Src/stm32f4xx_hal_rcc.o
                0x08001adc                HAL_RCC_GetPCLK2Freq
 .text.HAL_RCC_GetClockConfig
                0x08001b04       0x64 ./Drivers/STM32F4xx_HAL_Driver/Src/stm32f4xx_hal_rcc.o
                0x08001b04                HAL_RCC_GetClockConfig
 .text.HAL_TIM_Base_Init
                0x08001b68       0x9e ./Drivers/STM32F4xx_HAL_Driver/Src/stm32f4xx_hal_tim.o
                0x08001b68                HAL_TIM_Base_Init
 .text.HAL_TIM_Base_MspInit
                0x08001c06       0x14 ./Drivers/STM32F4xx_HAL_Driver/Src/stm32f4xx_hal_tim.o
                0x08001c06                HAL_TIM_Base_MspInit
 *fill*         0x08001c1a        0x2 
 .text.HAL_TIM_Base_Start_IT
                0x08001c1c       0xc4 ./Drivers/STM32F4xx_HAL_Driver/Src/stm32f4xx_hal_tim.o
                0x08001c1c                HAL_TIM_Base_Start_IT
 .text.HAL_TIM_IRQHandler
                0x08001ce0      0x1e0 ./Drivers/STM32F4xx_HAL_Driver/Src/stm32f4xx_hal_tim.o
                0x08001ce0                HAL_TIM_IRQHandler
 .text.HAL_TIM_OC_DelayElapsedCallback
                0x08001ec0       0x14 ./Drivers/STM32F4xx_HAL_Driver/Src/stm32f4xx_hal_tim.o
                0x08001ec0                HAL_TIM_OC_DelayElapsedCallback
 .text.HAL_TIM_IC_CaptureCallback
                0x08001ed4       0x14 ./Drivers/STM32F4xx_HAL_Driver/Src/stm32f4xx_hal_tim.o
                0x08001ed4                HAL_TIM_IC_CaptureCallback
 .text.HAL_TIM_PWM_PulseFinishedCallback
                0x08001ee8       0x14 ./Drivers/STM32F4xx_HAL_Driver/Src/stm32f4xx_hal_tim.o
                0x08001ee8                HAL_TIM_PWM_PulseFinishedCallback
 .text.HAL_TIM_TriggerCallback
                0x08001efc       0x14 ./Drivers/STM32F4xx_HAL_Driver/Src/stm32f4xx_hal_tim.o
                0x08001efc                HAL_TIM_TriggerCallback
 .text.TIM_Base_SetConfig
                0x08001f10      0x118 ./Drivers/STM32F4xx_HAL_Driver/Src/stm32f4xx_hal_tim.o
                0x08001f10                TIM_Base_SetConfig
 .text.HAL_TIMEx_CommutCallback
                0x08002028       0x14 ./Drivers/STM32F4xx_HAL_Driver/Src/stm32f4xx_hal_tim_ex.o
                0x08002028                HAL_TIMEx_CommutCallback
 .text.HAL_TIMEx_BreakCallback
                0x0800203c       0x14 ./Drivers/STM32F4xx_HAL_Driver/Src/stm32f4xx_hal_tim_ex.o
                0x0800203c                HAL_TIMEx_BreakCallback
 .text.HAL_UART_Init
                0x08002050       0xa0 ./Drivers/STM32F4xx_HAL_Driver/Src/stm32f4xx_hal_uart.o
                0x08002050                HAL_UART_Init
 .text.UART_SetConfig
                0x080020f0      0x4e8 ./Drivers/STM32F4xx_HAL_Driver/Src/stm32f4xx_hal_uart.o
 .text.__NVIC_SetPriority
                0x080025d8       0x54 ./Middlewares/Third_Party/FreeRTOS/Source/CMSIS_RTOS_V2/cmsis_os2.o
 .text.SysTick_Handler
                0x0800262c       0x20 ./Middlewares/Third_Party/FreeRTOS/Source/CMSIS_RTOS_V2/cmsis_os2.o
                0x0800262c                SysTick_Handler
 .text.SVC_Setup
                0x0800264c       0x12 ./Middlewares/Third_Party/FreeRTOS/Source/CMSIS_RTOS_V2/cmsis_os2.o
 *fill*         0x0800265e        0x2 
 .text.osKernelInitialize
                0x08002660       0x48 ./Middlewares/Third_Party/FreeRTOS/Source/CMSIS_RTOS_V2/cmsis_os2.o
                0x08002660                osKernelInitialize
 .text.osKernelStart
                0x080026a8       0x4c ./Middlewares/Third_Party/FreeRTOS/Source/CMSIS_RTOS_V2/cmsis_os2.o
                0x080026a8                osKernelStart
 .text.osThreadNew
                0x080026f4      0x124 ./Middlewares/Third_Party/FreeRTOS/Source/CMSIS_RTOS_V2/cmsis_os2.o
                0x080026f4                osThreadNew
 .text.osDelay  0x08002818       0x36 ./Middlewares/Third_Party/FreeRTOS/Source/CMSIS_RTOS_V2/cmsis_os2.o
                0x08002818                osDelay
 .text.osEventFlagsNew
                0x0800284e       0x7e ./Middlewares/Third_Party/FreeRTOS/Source/CMSIS_RTOS_V2/cmsis_os2.o
                0x0800284e                osEventFlagsNew
 .text.osEventFlagsSet
                0x080028cc       0x84 ./Middlewares/Third_Party/FreeRTOS/Source/CMSIS_RTOS_V2/cmsis_os2.o
                0x080028cc                osEventFlagsSet
 .text.osEventFlagsClear
                0x08002950       0x62 ./Middlewares/Third_Party/FreeRTOS/Source/CMSIS_RTOS_V2/cmsis_os2.o
                0x08002950                osEventFlagsClear
 .text.osEventFlagsGet
                0x080029b2       0x42 ./Middlewares/Third_Party/FreeRTOS/Source/CMSIS_RTOS_V2/cmsis_os2.o
                0x080029b2                osEventFlagsGet
 .text.osEventFlagsWait
                0x080029f4       0xca ./Middlewares/Third_Party/FreeRTOS/Source/CMSIS_RTOS_V2/cmsis_os2.o
                0x080029f4                osEventFlagsWait
 *fill*         0x08002abe        0x2 
 .text.vApplicationGetIdleTaskMemory
                0x08002ac0       0x34 ./Middlewares/Third_Party/FreeRTOS/Source/CMSIS_RTOS_V2/cmsis_os2.o
                0x08002ac0                vApplicationGetIdleTaskMemory
 .text.vApplicationGetTimerTaskMemory
                0x08002af4       0x34 ./Middlewares/Third_Party/FreeRTOS/Source/CMSIS_RTOS_V2/cmsis_os2.o
                0x08002af4                vApplicationGetTimerTaskMemory
 .text.xEventGroupCreateStatic
                0x08002b28       0x72 ./Middlewares/Third_Party/FreeRTOS/Source/event_groups.o
                0x08002b28                xEventGroupCreateStatic
 .text.xEventGroupCreate
                0x08002b9a       0x34 ./Middlewares/Third_Party/FreeRTOS/Source/event_groups.o
                0x08002b9a                xEventGroupCreate
 *fill*         0x08002bce        0x2 
 .text.xEventGroupWaitBits
                0x08002bd0      0x1a4 ./Middlewares/Third_Party/FreeRTOS/Source/event_groups.o
                0x08002bd0                xEventGroupWaitBits
 .text.xEventGroupClearBits
                0x08002d74       0x72 ./Middlewares/Third_Party/FreeRTOS/Source/event_groups.o
                0x08002d74                xEventGroupClearBits
 *fill*         0x08002de6        0x2 
 .text.xEventGroupClearBitsFromISR
                0x08002de8       0x28 ./Middlewares/Third_Party/FreeRTOS/Source/event_groups.o
                0x08002de8                xEventGroupClearBitsFromISR
 .text.xEventGroupGetBitsFromISR
                0x08002e10       0x48 ./Middlewares/Third_Party/FreeRTOS/Source/event_groups.o
                0x08002e10                xEventGroupGetBitsFromISR
 .text.xEventGroupSetBits
                0x08002e58      0x118 ./Middlewares/Third_Party/FreeRTOS/Source/event_groups.o
                0x08002e58                xEventGroupSetBits
 .text.vEventGroupSetBitsCallback
                0x08002f70       0x1a ./Middlewares/Third_Party/FreeRTOS/Source/event_groups.o
                0x08002f70                vEventGroupSetBitsCallback
 .text.vEventGroupClearBitsCallback
                0x08002f8a       0x1a ./Middlewares/Third_Party/FreeRTOS/Source/event_groups.o
                0x08002f8a                vEventGroupClearBitsCallback
 .text.prvTestWaitCondition
                0x08002fa4       0x44 ./Middlewares/Third_Party/FreeRTOS/Source/event_groups.o
 .text.xEventGroupSetBitsFromISR
                0x08002fe8       0x28 ./Middlewares/Third_Party/FreeRTOS/Source/event_groups.o
                0x08002fe8                xEventGroupSetBitsFromISR
 .text.vListInitialise
                0x08003010       0x40 ./Middlewares/Third_Party/FreeRTOS/Source/list.o
                0x08003010                vListInitialise
 .text.vListInitialiseItem
                0x08003050       0x1a ./Middlewares/Third_Party/FreeRTOS/Source/list.o
                0x08003050                vListInitialiseItem
 .text.vListInsertEnd
                0x0800306a       0x48 ./Middlewares/Third_Party/FreeRTOS/Source/list.o
                0x0800306a                vListInsertEnd
 .text.vListInsert
                0x080030b2       0x72 ./Middlewares/Third_Party/FreeRTOS/Source/list.o
                0x080030b2                vListInsert
 .text.uxListRemove
                0x08003124       0x54 ./Middlewares/Third_Party/FreeRTOS/Source/list.o
                0x08003124                uxListRemove
 .text.xQueueGenericReset
                0x08003178       0xd4 ./Middlewares/Third_Party/FreeRTOS/Source/queue.o
                0x08003178                xQueueGenericReset
 .text.xQueueGenericCreateStatic
                0x0800324c       0xfa ./Middlewares/Third_Party/FreeRTOS/Source/queue.o
                0x0800324c                xQueueGenericCreateStatic
 .text.prvInitialiseNewQueue
                0x08003346       0x46 ./Middlewares/Third_Party/FreeRTOS/Source/queue.o
 .text.xQueueGenericSend
                0x0800338c      0x204 ./Middlewares/Third_Party/FreeRTOS/Source/queue.o
                0x0800338c                xQueueGenericSend
 .text.xQueueGenericSendFromISR
                0x08003590      0x13c ./Middlewares/Third_Party/FreeRTOS/Source/queue.o
                0x08003590                xQueueGenericSendFromISR
 .text.xQueueReceive
                0x080036cc      0x1c4 ./Middlewares/Third_Party/FreeRTOS/Source/queue.o
                0x080036cc                xQueueReceive
 .text.prvCopyDataToQueue
                0x08003890       0xd4 ./Middlewares/Third_Party/FreeRTOS/Source/queue.o
 .text.prvCopyDataFromQueue
                0x08003964       0x4c ./Middlewares/Third_Party/FreeRTOS/Source/queue.o
 .text.prvUnlockQueue
                0x080039b0       0xa4 ./Middlewares/Third_Party/FreeRTOS/Source/queue.o
 .text.prvIsQueueEmpty
                0x08003a54       0x2c ./Middlewares/Third_Party/FreeRTOS/Source/queue.o
 .text.prvIsQueueFull
                0x08003a80       0x30 ./Middlewares/Third_Party/FreeRTOS/Source/queue.o
 .text.vQueueAddToRegistry
                0x08003ab0       0x54 ./Middlewares/Third_Party/FreeRTOS/Source/queue.o
                0x08003ab0                vQueueAddToRegistry
 .text.vQueueWaitForMessageRestricted
                0x08003b04       0x68 ./Middlewares/Third_Party/FreeRTOS/Source/queue.o
                0x08003b04                vQueueWaitForMessageRestricted
 .text.xTaskCreateStatic
                0x08003b6c       0xc0 ./Middlewares/Third_Party/FreeRTOS/Source/tasks.o
                0x08003b6c                xTaskCreateStatic
 .text.xTaskCreate
                0x08003c2c       0x8a ./Middlewares/Third_Party/FreeRTOS/Source/tasks.o
                0x08003c2c                xTaskCreate
 .text.prvInitialiseNewTask
                0x08003cb6      0x120 ./Middlewares/Third_Party/FreeRTOS/Source/tasks.o
 *fill*         0x08003dd6        0x2 
 .text.prvAddNewTaskToReadyList
                0x08003dd8       0xe0 ./Middlewares/Third_Party/FreeRTOS/Source/tasks.o
 .text.vTaskDelay
                0x08003eb8       0x6c ./Middlewares/Third_Party/FreeRTOS/Source/tasks.o
                0x08003eb8                vTaskDelay
 .text.vTaskStartScheduler
                0x08003f24       0xd0 ./Middlewares/Third_Party/FreeRTOS/Source/tasks.o
                0x08003f24                vTaskStartScheduler
 .text.vTaskSuspendAll
                0x08003ff4       0x1c ./Middlewares/Third_Party/FreeRTOS/Source/tasks.o
                0x08003ff4                vTaskSuspendAll
 .text.xTaskResumeAll
                0x08004010      0x13c ./Middlewares/Third_Party/FreeRTOS/Source/tasks.o
                0x08004010                xTaskResumeAll
 .text.xTaskGetTickCount
                0x0800414c       0x20 ./Middlewares/Third_Party/FreeRTOS/Source/tasks.o
                0x0800414c                xTaskGetTickCount
 .text.xTaskIncrementTick
                0x0800416c      0x174 ./Middlewares/Third_Party/FreeRTOS/Source/tasks.o
                0x0800416c                xTaskIncrementTick
 .text.vTaskSwitchContext
                0x080042e0       0xbc ./Middlewares/Third_Party/FreeRTOS/Source/tasks.o
                0x080042e0                vTaskSwitchContext
 .text.vTaskPlaceOnEventList
                0x0800439c       0x4c ./Middlewares/Third_Party/FreeRTOS/Source/tasks.o
                0x0800439c                vTaskPlaceOnEventList
 .text.vTaskPlaceOnUnorderedEventList
                0x080043e8       0x7c ./Middlewares/Third_Party/FreeRTOS/Source/tasks.o
                0x080043e8                vTaskPlaceOnUnorderedEventList
 .text.vTaskPlaceOnEventListRestricted
                0x08004464       0x58 ./Middlewares/Third_Party/FreeRTOS/Source/tasks.o
                0x08004464                vTaskPlaceOnEventListRestricted
 .text.xTaskRemoveFromEventList
                0x080044bc       0xc8 ./Middlewares/Third_Party/FreeRTOS/Source/tasks.o
                0x080044bc                xTaskRemoveFromEventList
 .text.vTaskRemoveFromUnorderedEventList
                0x08004584       0xc8 ./Middlewares/Third_Party/FreeRTOS/Source/tasks.o
                0x08004584                vTaskRemoveFromUnorderedEventList
 .text.vTaskInternalSetTimeOutState
                0x0800464c       0x2c ./Middlewares/Third_Party/FreeRTOS/Source/tasks.o
                0x0800464c                vTaskInternalSetTimeOutState
 .text.xTaskCheckForTimeOut
                0x08004678       0xc8 ./Middlewares/Third_Party/FreeRTOS/Source/tasks.o
                0x08004678                xTaskCheckForTimeOut
 .text.vTaskMissedYield
                0x08004740       0x18 ./Middlewares/Third_Party/FreeRTOS/Source/tasks.o
                0x08004740                vTaskMissedYield
 .text.prvIdleTask
                0x08004758       0x30 ./Middlewares/Third_Party/FreeRTOS/Source/tasks.o
 .text.prvInitialiseTaskLists
                0x08004788       0x80 ./Middlewares/Third_Party/FreeRTOS/Source/tasks.o
 .text.prvCheckTasksWaitingTermination
                0x08004808       0x5c ./Middlewares/Third_Party/FreeRTOS/Source/tasks.o
 .text.prvDeleteTCB
                0x08004864       0x60 ./Middlewares/Third_Party/FreeRTOS/Source/tasks.o
 .text.prvResetNextTaskUnblockTime
                0x080048c4       0x40 ./Middlewares/Third_Party/FreeRTOS/Source/tasks.o
 .text.xTaskGetSchedulerState
                0x08004904       0x3c ./Middlewares/Third_Party/FreeRTOS/Source/tasks.o
                0x08004904                xTaskGetSchedulerState
 .text.xTaskPriorityDisinherit
                0x08004940       0xe0 ./Middlewares/Third_Party/FreeRTOS/Source/tasks.o
                0x08004940                xTaskPriorityDisinherit
 .text.uxTaskResetEventItemValue
                0x08004a20       0x30 ./Middlewares/Third_Party/FreeRTOS/Source/tasks.o
                0x08004a20                uxTaskResetEventItemValue
 .text.prvAddCurrentTaskToDelayedList
                0x08004a50       0xa8 ./Middlewares/Third_Party/FreeRTOS/Source/tasks.o
 .text.xTimerCreateTimerTask
                0x08004af8       0x94 ./Middlewares/Third_Party/FreeRTOS/Source/timers.o
                0x08004af8                xTimerCreateTimerTask
 .text.xTimerGenericCommand
                0x08004b8c       0x9c ./Middlewares/Third_Party/FreeRTOS/Source/timers.o
                0x08004b8c                xTimerGenericCommand
 .text.prvProcessExpiredTimer
                0x08004c28       0x9c ./Middlewares/Third_Party/FreeRTOS/Source/timers.o
 .text.prvTimerTask
                0x08004cc4       0x26 ./Middlewares/Third_Party/FreeRTOS/Source/timers.o
 *fill*         0x08004cea        0x2 
 .text.prvProcessTimerOrBlockTask
                0x08004cec       0x9c ./Middlewares/Third_Party/FreeRTOS/Source/timers.o
 .text.prvGetNextExpireTime
                0x08004d88       0x48 ./Middlewares/Third_Party/FreeRTOS/Source/timers.o
 .text.prvSampleTimeNow
                0x08004dd0       0x40 ./Middlewares/Third_Party/FreeRTOS/Source/timers.o
 .text.prvInsertTimerInActiveList
                0x08004e10       0x84 ./Middlewares/Third_Party/FreeRTOS/Source/timers.o
 .text.prvProcessReceivedCommands
                0x08004e94      0x1cc ./Middlewares/Third_Party/FreeRTOS/Source/timers.o
 .text.prvSwitchTimerLists
                0x08005060       0xcc ./Middlewares/Third_Party/FreeRTOS/Source/timers.o
 .text.prvCheckForValidListAndQueue
                0x0800512c       0x80 ./Middlewares/Third_Party/FreeRTOS/Source/timers.o
 .text.xTimerPendFunctionCallFromISR
                0x080051ac       0x40 ./Middlewares/Third_Party/FreeRTOS/Source/timers.o
                0x080051ac                xTimerPendFunctionCallFromISR
 .text.pxPortInitialiseStack
                0x080051ec       0x68 ./Middlewares/Third_Party/FreeRTOS/Source/portable/GCC/ARM_CM4F/port.o
                0x080051ec                pxPortInitialiseStack
 .text.prvTaskExitError
                0x08005254       0x5c ./Middlewares/Third_Party/FreeRTOS/Source/portable/GCC/ARM_CM4F/port.o
 .text.SVC_Handler
                0x080052b0       0x28 ./Middlewares/Third_Party/FreeRTOS/Source/portable/GCC/ARM_CM4F/port.o
                0x080052b0                SVC_Handler
 .text.prvPortStartFirstTask
                0x080052d8       0x28 ./Middlewares/Third_Party/FreeRTOS/Source/portable/GCC/ARM_CM4F/port.o
 .text.xPortStartScheduler
                0x08005300      0x148 ./Middlewares/Third_Party/FreeRTOS/Source/portable/GCC/ARM_CM4F/port.o
                0x08005300                xPortStartScheduler
 .text.vPortEnterCritical
                0x08005448       0x64 ./Middlewares/Third_Party/FreeRTOS/Source/portable/GCC/ARM_CM4F/port.o
                0x08005448                vPortEnterCritical
 .text.vPortExitCritical
                0x080054ac       0x54 ./Middlewares/Third_Party/FreeRTOS/Source/portable/GCC/ARM_CM4F/port.o
                0x080054ac                vPortExitCritical
 .text.PendSV_Handler
                0x08005500       0x68 ./Middlewares/Third_Party/FreeRTOS/Source/portable/GCC/ARM_CM4F/port.o
                0x08005500                PendSV_Handler
 .text.xPortSysTickHandler
                0x08005568       0x44 ./Middlewares/Third_Party/FreeRTOS/Source/portable/GCC/ARM_CM4F/port.o
                0x08005568                xPortSysTickHandler
 .text.vPortSetupTimerInterrupt
                0x080055ac       0x48 ./Middlewares/Third_Party/FreeRTOS/Source/portable/GCC/ARM_CM4F/port.o
                0x080055ac                vPortSetupTimerInterrupt
 .text.vPortEnableVFP
                0x080055f4       0x14 ./Middlewares/Third_Party/FreeRTOS/Source/portable/GCC/ARM_CM4F/port.o
 .text.vPortValidateInterruptPriority
                0x08005608       0x84 ./Middlewares/Third_Party/FreeRTOS/Source/portable/GCC/ARM_CM4F/port.o
                0x08005608                vPortValidateInterruptPriority
 .text.pvPortMalloc
                0x0800568c      0x19c ./Middlewares/Third_Party/FreeRTOS/Source/portable/MemMang/heap_4.o
                0x0800568c                pvPortMalloc
 .text.vPortFree
                0x08005828       0xc8 ./Middlewares/Third_Party/FreeRTOS/Source/portable/MemMang/heap_4.o
                0x08005828                vPortFree
 .text.prvHeapInit
                0x080058f0       0xc4 ./Middlewares/Third_Party/FreeRTOS/Source/portable/MemMang/heap_4.o
 .text.prvInsertBlockIntoFreeList
                0x080059b4       0xb4 ./Middlewares/Third_Party/FreeRTOS/Source/portable/MemMang/heap_4.o
 .text.memset   0x08005a68       0x10 C:/ST/STM32CubeIDE_1.17.0/STM32CubeIDE/plugins/com.st.stm32cube.ide.mcu.externaltools.gnu-tools-for-stm32.12.3.rel1.win32_1.1.0.202410251130/tools/bin/../lib/gcc/arm-none-eabi/12.3.1/../../../../arm-none-eabi/lib/thumb/v7e-m+fp/hard\libc_nano.a(libc_a-memset.o)
                0x08005a68                memset
 .text.__libc_init_array
                0x08005a78       0x48 C:/ST/STM32CubeIDE_1.17.0/STM32CubeIDE/plugins/com.st.stm32cube.ide.mcu.externaltools.gnu-tools-for-stm32.12.3.rel1.win32_1.1.0.202410251130/tools/bin/../lib/gcc/arm-none-eabi/12.3.1/../../../../arm-none-eabi/lib/thumb/v7e-m+fp/hard\libc_nano.a(libc_a-init.o)
                0x08005a78                __libc_init_array
 .text.memcpy   0x08005ac0       0x1c C:/ST/STM32CubeIDE_1.17.0/STM32CubeIDE/plugins/com.st.stm32cube.ide.mcu.externaltools.gnu-tools-for-stm32.12.3.rel1.win32_1.1.0.202410251130/tools/bin/../lib/gcc/arm-none-eabi/12.3.1/../../../../arm-none-eabi/lib/thumb/v7e-m+fp/hard\libc_nano.a(libc_a-memcpy-stub.o)
                0x08005ac0                memcpy
 *(.glue_7)
 .glue_7        0x08005adc        0x0 linker stubs
 *(.glue_7t)
 .glue_7t       0x08005adc        0x0 linker stubs
 *(.eh_frame)
 .eh_frame      0x08005adc        0x0 C:/ST/STM32CubeIDE_1.17.0/STM32CubeIDE/plugins/com.st.stm32cube.ide.mcu.externaltools.gnu-tools-for-stm32.12.3.rel1.win32_1.1.0.202410251130/tools/bin/../lib/gcc/arm-none-eabi/12.3.1/thumb/v7e-m+fp/hard/crtbegin.o
 *(.init)
 .init          0x08005adc        0x4 C:/ST/STM32CubeIDE_1.17.0/STM32CubeIDE/plugins/com.st.stm32cube.ide.mcu.externaltools.gnu-tools-for-stm32.12.3.rel1.win32_1.1.0.202410251130/tools/bin/../lib/gcc/arm-none-eabi/12.3.1/thumb/v7e-m+fp/hard/crti.o
                0x08005adc                _init
 .init          0x08005ae0        0x8 C:/ST/STM32CubeIDE_1.17.0/STM32CubeIDE/plugins/com.st.stm32cube.ide.mcu.externaltools.gnu-tools-for-stm32.12.3.rel1.win32_1.1.0.202410251130/tools/bin/../lib/gcc/arm-none-eabi/12.3.1/thumb/v7e-m+fp/hard/crtn.o
 *(.fini)
 .fini          0x08005ae8        0x4 C:/ST/STM32CubeIDE_1.17.0/STM32CubeIDE/plugins/com.st.stm32cube.ide.mcu.externaltools.gnu-tools-for-stm32.12.3.rel1.win32_1.1.0.202410251130/tools/bin/../lib/gcc/arm-none-eabi/12.3.1/thumb/v7e-m+fp/hard/crti.o
                0x08005ae8                _fini
 .fini          0x08005aec        0x8 C:/ST/STM32CubeIDE_1.17.0/STM32CubeIDE/plugins/com.st.stm32cube.ide.mcu.externaltools.gnu-tools-for-stm32.12.3.rel1.win32_1.1.0.202410251130/tools/bin/../lib/gcc/arm-none-eabi/12.3.1/thumb/v7e-m+fp/hard/crtn.o
                0x08005af4                        . = ALIGN (0x4)
                0x08005af4                        _etext = .

.vfp11_veneer   0x08005af4        0x0
 .vfp11_veneer  0x08005af4        0x0 linker stubs

.v4_bx          0x08005af4        0x0
 .v4_bx         0x08005af4        0x0 linker stubs

.iplt           0x08005af4        0x0
 .iplt          0x08005af4        0x0 C:/ST/STM32CubeIDE_1.17.0/STM32CubeIDE/plugins/com.st.stm32cube.ide.mcu.externaltools.gnu-tools-for-stm32.12.3.rel1.win32_1.1.0.202410251130/tools/bin/../lib/gcc/arm-none-eabi/12.3.1/thumb/v7e-m+fp/hard/crtbegin.o

.rodata         0x08005af4       0xcc
                0x08005af4                        . = ALIGN (0x4)
 *(.rodata)
 .rodata        0x08005af4       0x20 ./Core/Src/freertos.o
 .rodata        0x08005b14        0x5 ./Middlewares/Third_Party/FreeRTOS/Source/tasks.o
 *fill*         0x08005b19        0x3 
 .rodata        0x08005b1c        0xd ./Middlewares/Third_Party/FreeRTOS/Source/timers.o
 *(.rodata*)
 *fill*         0x08005b29        0x3 
 .rodata.task01_attributes
                0x08005b2c       0x24 ./Core/Src/freertos.o
                0x08005b2c                task01_attributes
 .rodata.task02_attributes
                0x08005b50       0x24 ./Core/Src/freertos.o
                0x08005b50                task02_attributes
 .rodata.task03_attributes
                0x08005b74       0x24 ./Core/Src/freertos.o
                0x08005b74                task03_attributes
 .rodata.Event01_attributes
                0x08005b98       0x10 ./Core/Src/freertos.o
                0x08005b98                Event01_attributes
 .rodata.AHBPrescTable
                0x08005ba8       0x10 ./Core/Src/system_stm32f4xx.o
                0x08005ba8                AHBPrescTable
 .rodata.APBPrescTable
                0x08005bb8        0x8 ./Core/Src/system_stm32f4xx.o
                0x08005bb8                APBPrescTable
                0x08005bc0                        . = ALIGN (0x4)

.ARM.extab      0x08005bc0        0x0
                0x08005bc0                        . = ALIGN (0x4)
 *(.ARM.extab* .gnu.linkonce.armextab.*)
                0x08005bc0                        . = ALIGN (0x4)

.ARM            0x08005bc0        0x8
                0x08005bc0                        . = ALIGN (0x4)
                0x08005bc0                        __exidx_start = .
 *(.ARM.exidx*)
 .ARM.exidx     0x08005bc0        0x8 C:/ST/STM32CubeIDE_1.17.0/STM32CubeIDE/plugins/com.st.stm32cube.ide.mcu.externaltools.gnu-tools-for-stm32.12.3.rel1.win32_1.1.0.202410251130/tools/bin/../lib/gcc/arm-none-eabi/12.3.1/thumb/v7e-m+fp/hard\libgcc.a(_udivmoddi4.o)
                0x08005bc8                        __exidx_end = .
                0x08005bc8                        . = ALIGN (0x4)

.preinit_array  0x08005bc8        0x0
                0x08005bc8                        . = ALIGN (0x4)
                0x08005bc8                        PROVIDE (__preinit_array_start = .)
 *(.preinit_array*)
                0x08005bc8                        PROVIDE (__preinit_array_end = .)
                0x08005bc8                        . = ALIGN (0x4)

.init_array     0x08005bc8        0x4
                0x08005bc8                        . = ALIGN (0x4)
                0x08005bc8                        PROVIDE (__init_array_start = .)
 *(SORT_BY_NAME(.init_array.*))
 *(.init_array*)
 .init_array    0x08005bc8        0x4 C:/ST/STM32CubeIDE_1.17.0/STM32CubeIDE/plugins/com.st.stm32cube.ide.mcu.externaltools.gnu-tools-for-stm32.12.3.rel1.win32_1.1.0.202410251130/tools/bin/../lib/gcc/arm-none-eabi/12.3.1/thumb/v7e-m+fp/hard/crtbegin.o
                0x08005bcc                        PROVIDE (__init_array_end = .)
                0x08005bcc                        . = ALIGN (0x4)

.fini_array     0x08005bcc        0x4
                0x08005bcc                        . = ALIGN (0x4)
                [!provide]                        PROVIDE (__fini_array_start = .)
 *(SORT_BY_NAME(.fini_array.*))
 *(.fini_array*)
 .fini_array    0x08005bcc        0x4 C:/ST/STM32CubeIDE_1.17.0/STM32CubeIDE/plugins/com.st.stm32cube.ide.mcu.externaltools.gnu-tools-for-stm32.12.3.rel1.win32_1.1.0.202410251130/tools/bin/../lib/gcc/arm-none-eabi/12.3.1/thumb/v7e-m+fp/hard/crtbegin.o
                [!provide]                        PROVIDE (__fini_array_end = .)
                0x08005bd0                        . = ALIGN (0x4)
                0x08005bd0                        _sidata = LOADADDR (.data)

.rel.dyn        0x08005bd0        0x0
 .rel.iplt      0x08005bd0        0x0 C:/ST/STM32CubeIDE_1.17.0/STM32CubeIDE/plugins/com.st.stm32cube.ide.mcu.externaltools.gnu-tools-for-stm32.12.3.rel1.win32_1.1.0.202410251130/tools/bin/../lib/gcc/arm-none-eabi/12.3.1/thumb/v7e-m+fp/hard/crtbegin.o

.data           0x20000000       0x18 load address 0x08005bd0
                0x20000000                        . = ALIGN (0x4)
                0x20000000                        _sdata = .
 *(.data)
 *(.data*)
 .data.button   0x20000000        0x8 ./Core/Src/freertos.o
                0x20000000                button
 .data.SystemCoreClock
                0x20000008        0x4 ./Core/Src/system_stm32f4xx.o
                0x20000008                SystemCoreClock
 .data.uwTickPrio
                0x2000000c        0x4 ./Drivers/STM32F4xx_HAL_Driver/Src/stm32f4xx_hal.o
                0x2000000c                uwTickPrio
 .data.uwTickFreq
                0x20000010        0x1 ./Drivers/STM32F4xx_HAL_Driver/Src/stm32f4xx_hal.o
                0x20000010                uwTickFreq
 *fill*         0x20000011        0x3 
 .data.uxCriticalNesting
                0x20000014        0x4 ./Middlewares/Third_Party/FreeRTOS/Source/portable/GCC/ARM_CM4F/port.o
 *(.RamFunc)
 *(.RamFunc*)
                0x20000018                        . = ALIGN (0x4)
                0x20000018                        _edata = .

.igot.plt       0x20000018        0x0 load address 0x08005be8
 .igot.plt      0x20000018        0x0 C:/ST/STM32CubeIDE_1.17.0/STM32CubeIDE/plugins/com.st.stm32cube.ide.mcu.externaltools.gnu-tools-for-stm32.12.3.rel1.win32_1.1.0.202410251130/tools/bin/../lib/gcc/arm-none-eabi/12.3.1/thumb/v7e-m+fp/hard/crtbegin.o
                0x20000018                        . = ALIGN (0x4)

.bss            0x20000018     0x4a10 load address 0x08005be8
                0x20000018                        _sbss = .
                0x20000018                        __bss_start__ = _sbss
 *(.bss)
 .bss           0x20000018       0x1c C:/ST/STM32CubeIDE_1.17.0/STM32CubeIDE/plugins/com.st.stm32cube.ide.mcu.externaltools.gnu-tools-for-stm32.12.3.rel1.win32_1.1.0.202410251130/tools/bin/../lib/gcc/arm-none-eabi/12.3.1/thumb/v7e-m+fp/hard/crtbegin.o
 *(.bss*)
 .bss.task01Handle
                0x20000034        0x4 ./Core/Src/freertos.o
                0x20000034                task01Handle
 .bss.task02Handle
                0x20000038        0x4 ./Core/Src/freertos.o
                0x20000038                task02Handle
 .bss.task03Handle
                0x2000003c        0x4 ./Core/Src/freertos.o
                0x2000003c                task03Handle
 .bss.Event01Handle
                0x20000040        0x4 ./Core/Src/freertos.o
                0x20000040                Event01Handle
 .bss.htim10    0x20000044       0x48 ./Core/Src/stm32f4xx_hal_timebase_tim.o
                0x20000044                htim10
 .bss.huart2    0x2000008c       0x48 ./Core/Src/usart.o
                0x2000008c                huart2
 .bss.uwTick    0x200000d4        0x4 ./Drivers/STM32F4xx_HAL_Driver/Src/stm32f4xx_hal.o
                0x200000d4                uwTick
 .bss.KernelState
                0x200000d8        0x4 ./Middlewares/Third_Party/FreeRTOS/Source/CMSIS_RTOS_V2/cmsis_os2.o
 .bss.Idle_TCB.3
                0x200000dc       0x5c ./Middlewares/Third_Party/FreeRTOS/Source/CMSIS_RTOS_V2/cmsis_os2.o
 .bss.Idle_Stack.2
                0x20000138      0x200 ./Middlewares/Third_Party/FreeRTOS/Source/CMSIS_RTOS_V2/cmsis_os2.o
 .bss.Timer_TCB.1
                0x20000338       0x5c ./Middlewares/Third_Party/FreeRTOS/Source/CMSIS_RTOS_V2/cmsis_os2.o
 .bss.Timer_Stack.0
                0x20000394      0x400 ./Middlewares/Third_Party/FreeRTOS/Source/CMSIS_RTOS_V2/cmsis_os2.o
 .bss.xQueueRegistry
                0x20000794       0x40 ./Middlewares/Third_Party/FreeRTOS/Source/queue.o
                0x20000794                xQueueRegistry
 .bss.pxCurrentTCB
                0x200007d4        0x4 ./Middlewares/Third_Party/FreeRTOS/Source/tasks.o
                0x200007d4                pxCurrentTCB
 .bss.pxReadyTasksLists
                0x200007d8      0x460 ./Middlewares/Third_Party/FreeRTOS/Source/tasks.o
 .bss.xDelayedTaskList1
                0x20000c38       0x14 ./Middlewares/Third_Party/FreeRTOS/Source/tasks.o
 .bss.xDelayedTaskList2
                0x20000c4c       0x14 ./Middlewares/Third_Party/FreeRTOS/Source/tasks.o
 .bss.pxDelayedTaskList
                0x20000c60        0x4 ./Middlewares/Third_Party/FreeRTOS/Source/tasks.o
 .bss.pxOverflowDelayedTaskList
                0x20000c64        0x4 ./Middlewares/Third_Party/FreeRTOS/Source/tasks.o
 .bss.xPendingReadyList
                0x20000c68       0x14 ./Middlewares/Third_Party/FreeRTOS/Source/tasks.o
 .bss.xTasksWaitingTermination
                0x20000c7c       0x14 ./Middlewares/Third_Party/FreeRTOS/Source/tasks.o
 .bss.uxDeletedTasksWaitingCleanUp
                0x20000c90        0x4 ./Middlewares/Third_Party/FreeRTOS/Source/tasks.o
 .bss.xSuspendedTaskList
                0x20000c94       0x14 ./Middlewares/Third_Party/FreeRTOS/Source/tasks.o
 .bss.uxCurrentNumberOfTasks
                0x20000ca8        0x4 ./Middlewares/Third_Party/FreeRTOS/Source/tasks.o
 .bss.xTickCount
                0x20000cac        0x4 ./Middlewares/Third_Party/FreeRTOS/Source/tasks.o
 .bss.uxTopReadyPriority
                0x20000cb0        0x4 ./Middlewares/Third_Party/FreeRTOS/Source/tasks.o
 .bss.xSchedulerRunning
                0x20000cb4        0x4 ./Middlewares/Third_Party/FreeRTOS/Source/tasks.o
 .bss.xPendedTicks
                0x20000cb8        0x4 ./Middlewares/Third_Party/FreeRTOS/Source/tasks.o
 .bss.xYieldPending
                0x20000cbc        0x4 ./Middlewares/Third_Party/FreeRTOS/Source/tasks.o
 .bss.xNumOfOverflows
                0x20000cc0        0x4 ./Middlewares/Third_Party/FreeRTOS/Source/tasks.o
 .bss.uxTaskNumber
                0x20000cc4        0x4 ./Middlewares/Third_Party/FreeRTOS/Source/tasks.o
 .bss.xNextTaskUnblockTime
                0x20000cc8        0x4 ./Middlewares/Third_Party/FreeRTOS/Source/tasks.o
 .bss.xIdleTaskHandle
                0x20000ccc        0x4 ./Middlewares/Third_Party/FreeRTOS/Source/tasks.o
 .bss.uxSchedulerSuspended
                0x20000cd0        0x4 ./Middlewares/Third_Party/FreeRTOS/Source/tasks.o
 .bss.xActiveTimerList1
                0x20000cd4       0x14 ./Middlewares/Third_Party/FreeRTOS/Source/timers.o
 .bss.xActiveTimerList2
                0x20000ce8       0x14 ./Middlewares/Third_Party/FreeRTOS/Source/timers.o
 .bss.pxCurrentTimerList
                0x20000cfc        0x4 ./Middlewares/Third_Party/FreeRTOS/Source/timers.o
 .bss.pxOverflowTimerList
                0x20000d00        0x4 ./Middlewares/Third_Party/FreeRTOS/Source/timers.o
 .bss.xTimerQueue
                0x20000d04        0x4 ./Middlewares/Third_Party/FreeRTOS/Source/timers.o
 .bss.xTimerTaskHandle
                0x20000d08        0x4 ./Middlewares/Third_Party/FreeRTOS/Source/timers.o
 .bss.xLastTime.2
                0x20000d0c        0x4 ./Middlewares/Third_Party/FreeRTOS/Source/timers.o
 .bss.ucStaticTimerQueueStorage.1
                0x20000d10       0xa0 ./Middlewares/Third_Party/FreeRTOS/Source/timers.o
 .bss.xStaticTimerQueue.0
                0x20000db0       0x50 ./Middlewares/Third_Party/FreeRTOS/Source/timers.o
 .bss.ucMaxSysCallPriority
                0x20000e00        0x1 ./Middlewares/Third_Party/FreeRTOS/Source/portable/GCC/ARM_CM4F/port.o
 *fill*         0x20000e01        0x3 
 .bss.ulMaxPRIGROUPValue
                0x20000e04        0x4 ./Middlewares/Third_Party/FreeRTOS/Source/portable/GCC/ARM_CM4F/port.o
 .bss.ucHeap    0x20000e08     0x3c00 ./Middlewares/Third_Party/FreeRTOS/Source/portable/MemMang/heap_4.o
 .bss.xStart    0x20004a08        0x8 ./Middlewares/Third_Party/FreeRTOS/Source/portable/MemMang/heap_4.o
 .bss.pxEnd     0x20004a10        0x4 ./Middlewares/Third_Party/FreeRTOS/Source/portable/MemMang/heap_4.o
 .bss.xFreeBytesRemaining
                0x20004a14        0x4 ./Middlewares/Third_Party/FreeRTOS/Source/portable/MemMang/heap_4.o
 .bss.xMinimumEverFreeBytesRemaining
                0x20004a18        0x4 ./Middlewares/Third_Party/FreeRTOS/Source/portable/MemMang/heap_4.o
 .bss.xNumberOfSuccessfulAllocations
                0x20004a1c        0x4 ./Middlewares/Third_Party/FreeRTOS/Source/portable/MemMang/heap_4.o
 .bss.xNumberOfSuccessfulFrees
                0x20004a20        0x4 ./Middlewares/Third_Party/FreeRTOS/Source/portable/MemMang/heap_4.o
 .bss.xBlockAllocatedBit
                0x20004a24        0x4 ./Middlewares/Third_Party/FreeRTOS/Source/portable/MemMang/heap_4.o
 *(COMMON)
                0x20004a28                        . = ALIGN (0x4)
                0x20004a28                        _ebss = .
                0x20004a28                        __bss_end__ = _ebss

._user_heap_stack
                0x20004a28      0x600 load address 0x08005be8
                0x20004a28                        . = ALIGN (0x8)
                [!provide]                        PROVIDE (end = .)
                0x20004a28                        PROVIDE (_end = .)
                0x20004c28                        . = (. + _Min_Heap_Size)
 *fill*         0x20004a28      0x200 
                0x20005028                        . = (. + _Min_Stack_Size)
 *fill*         0x20004c28      0x400 
                0x20005028                        . = ALIGN (0x8)

/DISCARD/
 libc.a(*)
 libm.a(*)
 libgcc.a(*)

.ARM.attributes
                0x00000000       0x30
 *(.ARM.attributes)
 .ARM.attributes
                0x00000000       0x22 C:/ST/STM32CubeIDE_1.17.0/STM32CubeIDE/plugins/com.st.stm32cube.ide.mcu.externaltools.gnu-tools-for-stm32.12.3.rel1.win32_1.1.0.202410251130/tools/bin/../lib/gcc/arm-none-eabi/12.3.1/thumb/v7e-m+fp/hard/crti.o
 .ARM.attributes
                0x00000022       0x34 C:/ST/STM32CubeIDE_1.17.0/STM32CubeIDE/plugins/com.st.stm32cube.ide.mcu.externaltools.gnu-tools-for-stm32.12.3.rel1.win32_1.1.0.202410251130/tools/bin/../lib/gcc/arm-none-eabi/12.3.1/thumb/v7e-m+fp/hard/crtbegin.o
 .ARM.attributes
                0x00000056       0x34 ./Core/Src/button_task_entry.o
 .ARM.attributes
                0x0000008a       0x34 ./Core/Src/freertos.o
 .ARM.attributes
                0x000000be       0x34 ./Core/Src/gpio.o
 .ARM.attributes
                0x000000f2       0x34 ./Core/Src/main.o
 .ARM.attributes
                0x00000126       0x34 ./Core/Src/stm32f4xx_hal_msp.o
 .ARM.attributes
                0x0000015a       0x34 ./Core/Src/stm32f4xx_hal_timebase_tim.o
 .ARM.attributes
                0x0000018e       0x34 ./Core/Src/stm32f4xx_it.o
 .ARM.attributes
                0x000001c2       0x34 ./Core/Src/system_stm32f4xx.o
 .ARM.attributes
                0x000001f6       0x34 ./Core/Src/task_normal_functions.o
 .ARM.attributes
                0x0000022a       0x34 ./Core/Src/usart.o
 .ARM.attributes
                0x0000025e       0x21 ./Core/Startup/startup_stm32f401retx.o
 .ARM.attributes
                0x0000027f       0x34 ./Drivers/STM32F4xx_HAL_Driver/Src/stm32f4xx_hal.o
 .ARM.attributes
                0x000002b3       0x34 ./Drivers/STM32F4xx_HAL_Driver/Src/stm32f4xx_hal_cortex.o
 .ARM.attributes
                0x000002e7       0x34 ./Drivers/STM32F4xx_HAL_Driver/Src/stm32f4xx_hal_gpio.o
 .ARM.attributes
                0x0000031b       0x34 ./Drivers/STM32F4xx_HAL_Driver/Src/stm32f4xx_hal_rcc.o
 .ARM.attributes
                0x0000034f       0x34 ./Drivers/STM32F4xx_HAL_Driver/Src/stm32f4xx_hal_tim.o
 .ARM.attributes
                0x00000383       0x34 ./Drivers/STM32F4xx_HAL_Driver/Src/stm32f4xx_hal_tim_ex.o
 .ARM.attributes
                0x000003b7       0x34 ./Drivers/STM32F4xx_HAL_Driver/Src/stm32f4xx_hal_uart.o
 .ARM.attributes
                0x000003eb       0x34 ./Middlewares/Third_Party/FreeRTOS/Source/CMSIS_RTOS_V2/cmsis_os2.o
 .ARM.attributes
                0x0000041f       0x34 ./Middlewares/Third_Party/FreeRTOS/Source/event_groups.o
 .ARM.attributes
                0x00000453       0x34 ./Middlewares/Third_Party/FreeRTOS/Source/list.o
 .ARM.attributes
                0x00000487       0x34 ./Middlewares/Third_Party/FreeRTOS/Source/queue.o
 .ARM.attributes
                0x000004bb       0x34 ./Middlewares/Third_Party/FreeRTOS/Source/tasks.o
 .ARM.attributes
                0x000004ef       0x34 ./Middlewares/Third_Party/FreeRTOS/Source/timers.o
 .ARM.attributes
                0x00000523       0x34 ./Middlewares/Third_Party/FreeRTOS/Source/portable/GCC/ARM_CM4F/port.o
 .ARM.attributes
                0x00000557       0x34 ./Middlewares/Third_Party/FreeRTOS/Source/portable/MemMang/heap_4.o
 .ARM.attributes
                0x0000058b       0x34 C:/ST/STM32CubeIDE_1.17.0/STM32CubeIDE/plugins/com.st.stm32cube.ide.mcu.externaltools.gnu-tools-for-stm32.12.3.rel1.win32_1.1.0.202410251130/tools/bin/../lib/gcc/arm-none-eabi/12.3.1/../../../../arm-none-eabi/lib/thumb/v7e-m+fp/hard\libc_nano.a(libc_a-memset.o)
 .ARM.attributes
                0x000005bf       0x34 C:/ST/STM32CubeIDE_1.17.0/STM32CubeIDE/plugins/com.st.stm32cube.ide.mcu.externaltools.gnu-tools-for-stm32.12.3.rel1.win32_1.1.0.202410251130/tools/bin/../lib/gcc/arm-none-eabi/12.3.1/../../../../arm-none-eabi/lib/thumb/v7e-m+fp/hard\libc_nano.a(libc_a-init.o)
 .ARM.attributes
                0x000005f3       0x34 C:/ST/STM32CubeIDE_1.17.0/STM32CubeIDE/plugins/com.st.stm32cube.ide.mcu.externaltools.gnu-tools-for-stm32.12.3.rel1.win32_1.1.0.202410251130/tools/bin/../lib/gcc/arm-none-eabi/12.3.1/../../../../arm-none-eabi/lib/thumb/v7e-m+fp/hard\libc_nano.a(libc_a-memcpy-stub.o)
 .ARM.attributes
                0x00000627       0x22 C:/ST/STM32CubeIDE_1.17.0/STM32CubeIDE/plugins/com.st.stm32cube.ide.mcu.externaltools.gnu-tools-for-stm32.12.3.rel1.win32_1.1.0.202410251130/tools/bin/../lib/gcc/arm-none-eabi/12.3.1/thumb/v7e-m+fp/hard\libgcc.a(_aeabi_uldivmod.o)
 .ARM.attributes
                0x00000649       0x34 C:/ST/STM32CubeIDE_1.17.0/STM32CubeIDE/plugins/com.st.stm32cube.ide.mcu.externaltools.gnu-tools-for-stm32.12.3.rel1.win32_1.1.0.202410251130/tools/bin/../lib/gcc/arm-none-eabi/12.3.1/thumb/v7e-m+fp/hard\libgcc.a(_udivmoddi4.o)
 .ARM.attributes
                0x0000067d       0x22 C:/ST/STM32CubeIDE_1.17.0/STM32CubeIDE/plugins/com.st.stm32cube.ide.mcu.externaltools.gnu-tools-for-stm32.12.3.rel1.win32_1.1.0.202410251130/tools/bin/../lib/gcc/arm-none-eabi/12.3.1/thumb/v7e-m+fp/hard\libgcc.a(_dvmd_tls.o)
 .ARM.attributes
                0x0000069f       0x22 C:/ST/STM32CubeIDE_1.17.0/STM32CubeIDE/plugins/com.st.stm32cube.ide.mcu.externaltools.gnu-tools-for-stm32.12.3.rel1.win32_1.1.0.202410251130/tools/bin/../lib/gcc/arm-none-eabi/12.3.1/thumb/v7e-m+fp/hard/crtn.o
OUTPUT(nucleo-f401re-freertos-digikey.elf elf32-littlearm)
LOAD linker stubs
LOAD C:/ST/STM32CubeIDE_1.17.0/STM32CubeIDE/plugins/com.st.stm32cube.ide.mcu.externaltools.gnu-tools-for-stm32.12.3.rel1.win32_1.1.0.202410251130/tools/bin/../lib/gcc/arm-none-eabi/12.3.1/../../../../arm-none-eabi/lib/thumb/v7e-m+fp/hard\libc.a
LOAD C:/ST/STM32CubeIDE_1.17.0/STM32CubeIDE/plugins/com.st.stm32cube.ide.mcu.externaltools.gnu-tools-for-stm32.12.3.rel1.win32_1.1.0.202410251130/tools/bin/../lib/gcc/arm-none-eabi/12.3.1/../../../../arm-none-eabi/lib/thumb/v7e-m+fp/hard\libm.a
LOAD C:/ST/STM32CubeIDE_1.17.0/STM32CubeIDE/plugins/com.st.stm32cube.ide.mcu.externaltools.gnu-tools-for-stm32.12.3.rel1.win32_1.1.0.202410251130/tools/bin/../lib/gcc/arm-none-eabi/12.3.1/thumb/v7e-m+fp/hard\libgcc.a

.debug_info     0x00000000    0x177e4
 .debug_info    0x00000000      0x35b ./Core/Src/button_task_entry.o
 .debug_info    0x0000035b      0x614 ./Core/Src/freertos.o
 .debug_info    0x0000096f      0x433 ./Core/Src/gpio.o
 .debug_info    0x00000da2      0xb4e ./Core/Src/main.o
 .debug_info    0x000018f0      0x449 ./Core/Src/stm32f4xx_hal_msp.o
 .debug_info    0x00001d39      0xb6f ./Core/Src/stm32f4xx_hal_timebase_tim.o
 .debug_info    0x000028a8      0x6a4 ./Core/Src/stm32f4xx_it.o
 .debug_info    0x00002f4c      0x53e ./Core/Src/system_stm32f4xx.o
 .debug_info    0x0000348a      0x28a ./Core/Src/task_normal_functions.o
 .debug_info    0x00003714      0x94e ./Core/Src/usart.o
 .debug_info    0x00004062       0x30 ./Core/Startup/startup_stm32f401retx.o
 .debug_info    0x00004092      0x8bb ./Drivers/STM32F4xx_HAL_Driver/Src/stm32f4xx_hal.o
 .debug_info    0x0000494d      0xcf6 ./Drivers/STM32F4xx_HAL_Driver/Src/stm32f4xx_hal_cortex.o
 .debug_info    0x00005643      0x6f9 ./Drivers/STM32F4xx_HAL_Driver/Src/stm32f4xx_hal_gpio.o
 .debug_info    0x00005d3c      0x8f1 ./Drivers/STM32F4xx_HAL_Driver/Src/stm32f4xx_hal_rcc.o
 .debug_info    0x0000662d     0x2996 ./Drivers/STM32F4xx_HAL_Driver/Src/stm32f4xx_hal_tim.o
 .debug_info    0x00008fc3     0x14d4 ./Drivers/STM32F4xx_HAL_Driver/Src/stm32f4xx_hal_tim_ex.o
 .debug_info    0x0000a497     0x2f56 ./Drivers/STM32F4xx_HAL_Driver/Src/stm32f4xx_hal_uart.o
 .debug_info    0x0000d3ed     0x39d7 ./Middlewares/Third_Party/FreeRTOS/Source/CMSIS_RTOS_V2/cmsis_os2.o
 .debug_info    0x00010dc4      0xbd1 ./Middlewares/Third_Party/FreeRTOS/Source/event_groups.o
 .debug_info    0x00011995      0x2af ./Middlewares/Third_Party/FreeRTOS/Source/list.o
 .debug_info    0x00011c44     0x1b79 ./Middlewares/Third_Party/FreeRTOS/Source/queue.o
 .debug_info    0x000137bd     0x21ec ./Middlewares/Third_Party/FreeRTOS/Source/tasks.o
 .debug_info    0x000159a9     0x1488 ./Middlewares/Third_Party/FreeRTOS/Source/timers.o
 .debug_info    0x00016e31      0x4de ./Middlewares/Third_Party/FreeRTOS/Source/portable/GCC/ARM_CM4F/port.o
 .debug_info    0x0001730f      0x4d5 ./Middlewares/Third_Party/FreeRTOS/Source/portable/MemMang/heap_4.o

.debug_abbrev   0x00000000     0x3ade
 .debug_abbrev  0x00000000      0x1c5 ./Core/Src/button_task_entry.o
 .debug_abbrev  0x000001c5      0x1cd ./Core/Src/freertos.o
 .debug_abbrev  0x00000392      0x151 ./Core/Src/gpio.o
 .debug_abbrev  0x000004e3      0x246 ./Core/Src/main.o
 .debug_abbrev  0x00000729      0x119 ./Core/Src/stm32f4xx_hal_msp.o
 .debug_abbrev  0x00000842      0x207 ./Core/Src/stm32f4xx_hal_timebase_tim.o
 .debug_abbrev  0x00000a49      0x190 ./Core/Src/stm32f4xx_it.o
 .debug_abbrev  0x00000bd9      0x11a ./Core/Src/system_stm32f4xx.o
 .debug_abbrev  0x00000cf3      0x164 ./Core/Src/task_normal_functions.o
 .debug_abbrev  0x00000e57      0x1f8 ./Core/Src/usart.o
 .debug_abbrev  0x0000104f       0x24 ./Core/Startup/startup_stm32f401retx.o
 .debug_abbrev  0x00001073      0x24b ./Drivers/STM32F4xx_HAL_Driver/Src/stm32f4xx_hal.o
 .debug_abbrev  0x000012be      0x31d ./Drivers/STM32F4xx_HAL_Driver/Src/stm32f4xx_hal_cortex.o
 .debug_abbrev  0x000015db      0x1d3 ./Drivers/STM32F4xx_HAL_Driver/Src/stm32f4xx_hal_gpio.o
 .debug_abbrev  0x000017ae      0x2b6 ./Drivers/STM32F4xx_HAL_Driver/Src/stm32f4xx_hal_rcc.o
 .debug_abbrev  0x00001a64      0x28b ./Drivers/STM32F4xx_HAL_Driver/Src/stm32f4xx_hal_tim.o
 .debug_abbrev  0x00001cef      0x296 ./Drivers/STM32F4xx_HAL_Driver/Src/stm32f4xx_hal_tim_ex.o
 .debug_abbrev  0x00001f85      0x31b ./Drivers/STM32F4xx_HAL_Driver/Src/stm32f4xx_hal_uart.o
 .debug_abbrev  0x000022a0      0x520 ./Middlewares/Third_Party/FreeRTOS/Source/CMSIS_RTOS_V2/cmsis_os2.o
 .debug_abbrev  0x000027c0      0x322 ./Middlewares/Third_Party/FreeRTOS/Source/event_groups.o
 .debug_abbrev  0x00002ae2       0xf5 ./Middlewares/Third_Party/FreeRTOS/Source/list.o
 .debug_abbrev  0x00002bd7      0x3b6 ./Middlewares/Third_Party/FreeRTOS/Source/queue.o
 .debug_abbrev  0x00002f8d      0x386 ./Middlewares/Third_Party/FreeRTOS/Source/tasks.o
 .debug_abbrev  0x00003313      0x352 ./Middlewares/Third_Party/FreeRTOS/Source/timers.o
 .debug_abbrev  0x00003665      0x25c ./Middlewares/Third_Party/FreeRTOS/Source/portable/GCC/ARM_CM4F/port.o
 .debug_abbrev  0x000038c1      0x21d ./Middlewares/Third_Party/FreeRTOS/Source/portable/MemMang/heap_4.o

.debug_aranges  0x00000000     0x14e0
 .debug_aranges
                0x00000000       0x20 ./Core/Src/button_task_entry.o
 .debug_aranges
                0x00000020       0x38 ./Core/Src/freertos.o
 .debug_aranges
                0x00000058       0x20 ./Core/Src/gpio.o
 .debug_aranges
                0x00000078       0x38 ./Core/Src/main.o
 .debug_aranges
                0x000000b0       0x20 ./Core/Src/stm32f4xx_hal_msp.o
 .debug_aranges
                0x000000d0       0x30 ./Core/Src/stm32f4xx_hal_timebase_tim.o
 .debug_aranges
                0x00000100       0x50 ./Core/Src/stm32f4xx_it.o
 .debug_aranges
                0x00000150       0x28 ./Core/Src/system_stm32f4xx.o
 .debug_aranges
                0x00000178       0x28 ./Core/Src/task_normal_functions.o
 .debug_aranges
                0x000001a0       0x30 ./Core/Src/usart.o
 .debug_aranges
                0x000001d0       0x28 ./Core/Startup/startup_stm32f401retx.o
 .debug_aranges
                0x000001f8       0xf0 ./Drivers/STM32F4xx_HAL_Driver/Src/stm32f4xx_hal.o
 .debug_aranges
                0x000002e8      0x130 ./Drivers/STM32F4xx_HAL_Driver/Src/stm32f4xx_hal_cortex.o
 .debug_aranges
                0x00000418       0x58 ./Drivers/STM32F4xx_HAL_Driver/Src/stm32f4xx_hal_gpio.o
 .debug_aranges
                0x00000470       0x88 ./Drivers/STM32F4xx_HAL_Driver/Src/stm32f4xx_hal_rcc.o
 .debug_aranges
                0x000004f8      0x3d0 ./Drivers/STM32F4xx_HAL_Driver/Src/stm32f4xx_hal_tim.o
 .debug_aranges
                0x000008c8      0x168 ./Drivers/STM32F4xx_HAL_Driver/Src/stm32f4xx_hal_tim_ex.o
 .debug_aranges
                0x00000a30      0x208 ./Drivers/STM32F4xx_HAL_Driver/Src/stm32f4xx_hal_uart.o
 .debug_aranges
                0x00000c38      0x2b0 ./Middlewares/Third_Party/FreeRTOS/Source/CMSIS_RTOS_V2/cmsis_os2.o
 .debug_aranges
                0x00000ee8       0x90 ./Middlewares/Third_Party/FreeRTOS/Source/event_groups.o
 .debug_aranges
                0x00000f78       0x40 ./Middlewares/Third_Party/FreeRTOS/Source/list.o
 .debug_aranges
                0x00000fb8      0x158 ./Middlewares/Third_Party/FreeRTOS/Source/queue.o
 .debug_aranges
                0x00001110      0x208 ./Middlewares/Third_Party/FreeRTOS/Source/tasks.o
 .debug_aranges
                0x00001318       0xf0 ./Middlewares/Third_Party/FreeRTOS/Source/timers.o
 .debug_aranges
                0x00001408       0x80 ./Middlewares/Third_Party/FreeRTOS/Source/portable/GCC/ARM_CM4F/port.o
 .debug_aranges
                0x00001488       0x58 ./Middlewares/Third_Party/FreeRTOS/Source/portable/MemMang/heap_4.o

.debug_rnglists
                0x00000000     0x101f
 .debug_rnglists
                0x00000000       0x14 ./Core/Src/button_task_entry.o
 .debug_rnglists
                0x00000014       0x25 ./Core/Src/freertos.o
 .debug_rnglists
                0x00000039       0x14 ./Core/Src/gpio.o
 .debug_rnglists
                0x0000004d       0x26 ./Core/Src/main.o
 .debug_rnglists
                0x00000073       0x13 ./Core/Src/stm32f4xx_hal_msp.o
 .debug_rnglists
                0x00000086       0x20 ./Core/Src/stm32f4xx_hal_timebase_tim.o
 .debug_rnglists
                0x000000a6       0x37 ./Core/Src/stm32f4xx_it.o
 .debug_rnglists
                0x000000dd       0x1a ./Core/Src/system_stm32f4xx.o
 .debug_rnglists
                0x000000f7       0x19 ./Core/Src/task_normal_functions.o
 .debug_rnglists
                0x00000110       0x20 ./Core/Src/usart.o
 .debug_rnglists
                0x00000130       0x19 ./Core/Startup/startup_stm32f401retx.o
 .debug_rnglists
                0x00000149       0xaf ./Drivers/STM32F4xx_HAL_Driver/Src/stm32f4xx_hal.o
 .debug_rnglists
                0x000001f8       0xe0 ./Drivers/STM32F4xx_HAL_Driver/Src/stm32f4xx_hal_cortex.o
 .debug_rnglists
                0x000002d8       0x3f ./Drivers/STM32F4xx_HAL_Driver/Src/stm32f4xx_hal_gpio.o
 .debug_rnglists
                0x00000317       0x66 ./Drivers/STM32F4xx_HAL_Driver/Src/stm32f4xx_hal_rcc.o
 .debug_rnglists
                0x0000037d      0x31a ./Drivers/STM32F4xx_HAL_Driver/Src/stm32f4xx_hal_tim.o
 .debug_rnglists
                0x00000697      0x125 ./Drivers/STM32F4xx_HAL_Driver/Src/stm32f4xx_hal_tim_ex.o
 .debug_rnglists
                0x000007bc      0x1bc ./Drivers/STM32F4xx_HAL_Driver/Src/stm32f4xx_hal_uart.o
 .debug_rnglists
                0x00000978      0x212 ./Middlewares/Third_Party/FreeRTOS/Source/CMSIS_RTOS_V2/cmsis_os2.o
 .debug_rnglists
                0x00000b8a       0x6a ./Middlewares/Third_Party/FreeRTOS/Source/event_groups.o
 .debug_rnglists
                0x00000bf4       0x2b ./Middlewares/Third_Party/FreeRTOS/Source/list.o
 .debug_rnglists
                0x00000c1f      0x109 ./Middlewares/Third_Party/FreeRTOS/Source/queue.o
 .debug_rnglists
                0x00000d28      0x1a0 ./Middlewares/Third_Party/FreeRTOS/Source/tasks.o
 .debug_rnglists
                0x00000ec8       0xb8 ./Middlewares/Third_Party/FreeRTOS/Source/timers.o
 .debug_rnglists
                0x00000f80       0x5d ./Middlewares/Third_Party/FreeRTOS/Source/portable/GCC/ARM_CM4F/port.o
 .debug_rnglists
                0x00000fdd       0x42 ./Middlewares/Third_Party/FreeRTOS/Source/portable/MemMang/heap_4.o

.debug_macro    0x00000000    0x19308
 .debug_macro   0x00000000      0x34f ./Core/Src/button_task_entry.o
 .debug_macro   0x0000034f      0xab4 ./Core/Src/button_task_entry.o
 .debug_macro   0x00000e03      0x29b ./Core/Src/button_task_entry.o
 .debug_macro   0x0000109e       0x2e ./Core/Src/button_task_entry.o
 .debug_macro   0x000010cc       0x28 ./Core/Src/button_task_entry.o
 .debug_macro   0x000010f4       0x22 ./Core/Src/button_task_entry.o
 .debug_macro   0x00001116       0x8e ./Core/Src/button_task_entry.o
 .debug_macro   0x000011a4       0x51 ./Core/Src/button_task_entry.o
 .debug_macro   0x000011f5      0x103 ./Core/Src/button_task_entry.o
 .debug_macro   0x000012f8       0x6a ./Core/Src/button_task_entry.o
 .debug_macro   0x00001362      0x1df ./Core/Src/button_task_entry.o
 .debug_macro   0x00001541       0x1c ./Core/Src/button_task_entry.o
 .debug_macro   0x0000155d       0x22 ./Core/Src/button_task_entry.o
 .debug_macro   0x0000157f       0xfb ./Core/Src/button_task_entry.o
 .debug_macro   0x0000167a     0x1011 ./Core/Src/button_task_entry.o
 .debug_macro   0x0000268b      0x11f ./Core/Src/button_task_entry.o
 .debug_macro   0x000027aa     0xb86c ./Core/Src/button_task_entry.o
 .debug_macro   0x0000e016       0x6d ./Core/Src/button_task_entry.o
 .debug_macro   0x0000e083     0x369a ./Core/Src/button_task_entry.o
 .debug_macro   0x0001171d      0x189 ./Core/Src/button_task_entry.o
 .debug_macro   0x000118a6       0x5c ./Core/Src/button_task_entry.o
 .debug_macro   0x00011902      0x416 ./Core/Src/button_task_entry.o
 .debug_macro   0x00011d18      0x9e9 ./Core/Src/button_task_entry.o
 .debug_macro   0x00012701      0x115 ./Core/Src/button_task_entry.o
 .debug_macro   0x00012816       0xf8 ./Core/Src/button_task_entry.o
 .debug_macro   0x0001290e       0xa5 ./Core/Src/button_task_entry.o
 .debug_macro   0x000129b3      0x15f ./Core/Src/button_task_entry.o
 .debug_macro   0x00012b12      0x287 ./Core/Src/button_task_entry.o
 .debug_macro   0x00012d99       0x5f ./Core/Src/button_task_entry.o
 .debug_macro   0x00012df8      0x236 ./Core/Src/button_task_entry.o
 .debug_macro   0x0001302e      0x132 ./Core/Src/button_task_entry.o
 .debug_macro   0x00013160      0x264 ./Core/Src/button_task_entry.o
 .debug_macro   0x000133c4       0x2e ./Core/Src/button_task_entry.o
 .debug_macro   0x000133f2      0x127 ./Core/Src/button_task_entry.o
 .debug_macro   0x00013519       0x85 ./Core/Src/button_task_entry.o
 .debug_macro   0x0001359e       0x89 ./Core/Src/button_task_entry.o
 .debug_macro   0x00013627      0x8ed ./Core/Src/button_task_entry.o
 .debug_macro   0x00013f14       0x47 ./Core/Src/button_task_entry.o
 .debug_macro   0x00013f5b      0x2aa ./Core/Src/button_task_entry.o
 .debug_macro   0x00014205      0x126 ./Core/Src/button_task_entry.o
 .debug_macro   0x0001432b       0x58 ./Core/Src/button_task_entry.o
 .debug_macro   0x00014383      0x169 ./Core/Src/button_task_entry.o
 .debug_macro   0x000144ec      0x15a ./Core/Src/button_task_entry.o
 .debug_macro   0x00014646       0xc9 ./Core/Src/button_task_entry.o
 .debug_macro   0x0001470f       0x1c ./Core/Src/button_task_entry.o
 .debug_macro   0x0001472b       0x26 ./Core/Src/button_task_entry.o
 .debug_macro   0x00014751      0x4c5 ./Core/Src/button_task_entry.o
 .debug_macro   0x00014c16       0xb5 ./Core/Src/button_task_entry.o
 .debug_macro   0x00014ccb       0xaa ./Core/Src/button_task_entry.o
 .debug_macro   0x00014d75       0x66 ./Core/Src/button_task_entry.o
 .debug_macro   0x00014ddb       0x74 ./Core/Src/button_task_entry.o
 .debug_macro   0x00014e4f       0xdd ./Core/Src/button_task_entry.o
 .debug_macro   0x00014f2c       0x61 ./Core/Src/button_task_entry.o
 .debug_macro   0x00014f8d       0x2a ./Core/Src/button_task_entry.o
 .debug_macro   0x00014fb7       0x43 ./Core/Src/button_task_entry.o
 .debug_macro   0x00014ffa       0x34 ./Core/Src/button_task_entry.o
 .debug_macro   0x0001502e       0x16 ./Core/Src/button_task_entry.o
 .debug_macro   0x00015044       0x35 ./Core/Src/button_task_entry.o
 .debug_macro   0x00015079      0x369 ./Core/Src/button_task_entry.o
 .debug_macro   0x000153e2       0x10 ./Core/Src/button_task_entry.o
 .debug_macro   0x000153f2       0x16 ./Core/Src/button_task_entry.o
 .debug_macro   0x00015408       0x43 ./Core/Src/button_task_entry.o
 .debug_macro   0x0001544b       0x34 ./Core/Src/button_task_entry.o
 .debug_macro   0x0001547f       0x10 ./Core/Src/button_task_entry.o
 .debug_macro   0x0001548f       0x58 ./Core/Src/button_task_entry.o
 .debug_macro   0x000154e7       0x8e ./Core/Src/button_task_entry.o
 .debug_macro   0x00015575       0x1c ./Core/Src/button_task_entry.o
 .debug_macro   0x00015591      0x177 ./Core/Src/button_task_entry.o
 .debug_macro   0x00015708       0x16 ./Core/Src/button_task_entry.o
 .debug_macro   0x0001571e       0x16 ./Core/Src/button_task_entry.o
 .debug_macro   0x00015734      0x146 ./Core/Src/button_task_entry.o
 .debug_macro   0x0001587a      0x34d ./Core/Src/freertos.o
 .debug_macro   0x00015bc7      0x169 ./Core/Src/freertos.o
 .debug_macro   0x00015d30       0x6c ./Core/Src/freertos.o
 .debug_macro   0x00015d9c      0x1e7 ./Core/Src/gpio.o
 .debug_macro   0x00015f83      0x285 ./Core/Src/main.o
 .debug_macro   0x00016208      0x1dd ./Core/Src/stm32f4xx_hal_msp.o
 .debug_macro   0x000163e5      0x1ce ./Core/Src/stm32f4xx_hal_timebase_tim.o
 .debug_macro   0x000165b3      0x1e7 ./Core/Src/stm32f4xx_it.o
 .debug_macro   0x0001679a      0x1ce ./Core/Src/system_stm32f4xx.o
 .debug_macro   0x00016968      0x34f ./Core/Src/task_normal_functions.o
 .debug_macro   0x00016cb7      0x1e7 ./Core/Src/usart.o
 .debug_macro   0x00016e9e      0x22e ./Drivers/STM32F4xx_HAL_Driver/Src/stm32f4xx_hal.o
 .debug_macro   0x000170cc      0x1ce ./Drivers/STM32F4xx_HAL_Driver/Src/stm32f4xx_hal_cortex.o
 .debug_macro   0x0001729a      0x1d4 ./Drivers/STM32F4xx_HAL_Driver/Src/stm32f4xx_hal_gpio.o
 .debug_macro   0x0001746e      0x1f2 ./Drivers/STM32F4xx_HAL_Driver/Src/stm32f4xx_hal_rcc.o
 .debug_macro   0x00017660      0x1cf ./Drivers/STM32F4xx_HAL_Driver/Src/stm32f4xx_hal_tim.o
 .debug_macro   0x0001782f      0x1ce ./Drivers/STM32F4xx_HAL_Driver/Src/stm32f4xx_hal_tim_ex.o
 .debug_macro   0x000179fd      0x1cf ./Drivers/STM32F4xx_HAL_Driver/Src/stm32f4xx_hal_uart.o
 .debug_macro   0x00017bcc      0x3c5 ./Middlewares/Third_Party/FreeRTOS/Source/CMSIS_RTOS_V2/cmsis_os2.o
 .debug_macro   0x00017f91       0x10 ./Middlewares/Third_Party/FreeRTOS/Source/CMSIS_RTOS_V2/cmsis_os2.o
 .debug_macro   0x00017fa1       0x20 ./Middlewares/Third_Party/FreeRTOS/Source/CMSIS_RTOS_V2/cmsis_os2.o
 .debug_macro   0x00017fc1       0x10 ./Middlewares/Third_Party/FreeRTOS/Source/CMSIS_RTOS_V2/cmsis_os2.o
 .debug_macro   0x00017fd1       0xf5 ./Middlewares/Third_Party/FreeRTOS/Source/CMSIS_RTOS_V2/cmsis_os2.o
 .debug_macro   0x000180c6       0x91 ./Middlewares/Third_Party/FreeRTOS/Source/CMSIS_RTOS_V2/cmsis_os2.o
 .debug_macro   0x00018157       0x8d ./Middlewares/Third_Party/FreeRTOS/Source/CMSIS_RTOS_V2/cmsis_os2.o
 .debug_macro   0x000181e4       0x9a ./Middlewares/Third_Party/FreeRTOS/Source/CMSIS_RTOS_V2/cmsis_os2.o
 .debug_macro   0x0001827e       0x22 ./Middlewares/Third_Party/FreeRTOS/Source/CMSIS_RTOS_V2/cmsis_os2.o
 .debug_macro   0x000182a0       0x56 ./Middlewares/Third_Party/FreeRTOS/Source/CMSIS_RTOS_V2/cmsis_os2.o
 .debug_macro   0x000182f6      0x1e2 ./Middlewares/Third_Party/FreeRTOS/Source/event_groups.o
 .debug_macro   0x000184d8      0x11c ./Middlewares/Third_Party/FreeRTOS/Source/event_groups.o
 .debug_macro   0x000185f4       0x94 ./Middlewares/Third_Party/FreeRTOS/Source/event_groups.o
 .debug_macro   0x00018688      0x187 ./Middlewares/Third_Party/FreeRTOS/Source/list.o
 .debug_macro   0x0001880f      0x216 ./Middlewares/Third_Party/FreeRTOS/Source/queue.o
 .debug_macro   0x00018a25       0x16 ./Middlewares/Third_Party/FreeRTOS/Source/queue.o
 .debug_macro   0x00018a3b       0x87 ./Middlewares/Third_Party/FreeRTOS/Source/queue.o
 .debug_macro   0x00018ac2      0x27f ./Middlewares/Third_Party/FreeRTOS/Source/tasks.o
 .debug_macro   0x00018d41       0x10 ./Middlewares/Third_Party/FreeRTOS/Source/tasks.o
 .debug_macro   0x00018d51      0x1dc ./Middlewares/Third_Party/FreeRTOS/Source/timers.o
 .debug_macro   0x00018f2d       0x97 ./Middlewares/Third_Party/FreeRTOS/Source/timers.o
 .debug_macro   0x00018fc4      0x196 ./Middlewares/Third_Party/FreeRTOS/Source/portable/GCC/ARM_CM4F/port.o
 .debug_macro   0x0001915a      0x1ae ./Middlewares/Third_Party/FreeRTOS/Source/portable/MemMang/heap_4.o

.debug_line     0x00000000    0x18be4
 .debug_line    0x00000000      0xa86 ./Core/Src/button_task_entry.o
 .debug_line    0x00000a86      0xa66 ./Core/Src/freertos.o
 .debug_line    0x000014ec      0x760 ./Core/Src/gpio.o
 .debug_line    0x00001c4c      0x94b ./Core/Src/main.o
 .debug_line    0x00002597      0x747 ./Core/Src/stm32f4xx_hal_msp.o
 .debug_line    0x00002cde      0x7b4 ./Core/Src/stm32f4xx_hal_timebase_tim.o
 .debug_line    0x00003492      0x7e3 ./Core/Src/stm32f4xx_it.o
 .debug_line    0x00003c75      0x7cb ./Core/Src/system_stm32f4xx.o
 .debug_line    0x00004440      0xa41 ./Core/Src/task_normal_functions.o
 .debug_line    0x00004e81      0x7b0 ./Core/Src/usart.o
 .debug_line    0x00005631       0x7a ./Core/Startup/startup_stm32f401retx.o
 .debug_line    0x000056ab      0xa34 ./Drivers/STM32F4xx_HAL_Driver/Src/stm32f4xx_hal.o
 .debug_line    0x000060df      0xd26 ./Drivers/STM32F4xx_HAL_Driver/Src/stm32f4xx_hal_cortex.o
 .debug_line    0x00006e05      0xb84 ./Drivers/STM32F4xx_HAL_Driver/Src/stm32f4xx_hal_gpio.o
 .debug_line    0x00007989      0xdbf ./Drivers/STM32F4xx_HAL_Driver/Src/stm32f4xx_hal_rcc.o
 .debug_line    0x00008748     0x35b2 ./Drivers/STM32F4xx_HAL_Driver/Src/stm32f4xx_hal_tim.o
 .debug_line    0x0000bcfa     0x19c5 ./Drivers/STM32F4xx_HAL_Driver/Src/stm32f4xx_hal_tim_ex.o
 .debug_line    0x0000d6bf     0x2906 ./Drivers/STM32F4xx_HAL_Driver/Src/stm32f4xx_hal_uart.o
 .debug_line    0x0000ffc5     0x2392 ./Middlewares/Third_Party/FreeRTOS/Source/CMSIS_RTOS_V2/cmsis_os2.o
 .debug_line    0x00012357      0xb87 ./Middlewares/Third_Party/FreeRTOS/Source/event_groups.o
 .debug_line    0x00012ede      0x78c ./Middlewares/Third_Party/FreeRTOS/Source/list.o
 .debug_line    0x0001366a     0x1756 ./Middlewares/Third_Party/FreeRTOS/Source/queue.o
 .debug_line    0x00014dc0     0x1e28 ./Middlewares/Third_Party/FreeRTOS/Source/tasks.o
 .debug_line    0x00016be8      0xe14 ./Middlewares/Third_Party/FreeRTOS/Source/timers.o
 .debug_line    0x000179fc      0x831 ./Middlewares/Third_Party/FreeRTOS/Source/portable/GCC/ARM_CM4F/port.o
 .debug_line    0x0001822d      0x9b7 ./Middlewares/Third_Party/FreeRTOS/Source/portable/MemMang/heap_4.o

.debug_str      0x00000000    0x97f2e
 .debug_str     0x00000000    0x8e45c ./Core/Src/button_task_entry.o
                              0x8e707 (size before relaxing)
 .debug_str     0x0008e45c      0x5b8 ./Core/Src/freertos.o
                              0x8ebc5 (size before relaxing)
 .debug_str     0x0008ea14      0x192 ./Core/Src/gpio.o
                              0x86697 (size before relaxing)
 .debug_str     0x0008eba6      0x6aa ./Core/Src/main.o
                              0x8b6f6 (size before relaxing)
 .debug_str     0x0008f250      0x3cd ./Core/Src/stm32f4xx_hal_msp.o
                              0x86977 (size before relaxing)
 .debug_str     0x0008f61d      0x10b ./Core/Src/stm32f4xx_hal_timebase_tim.o
                              0x86edc (size before relaxing)
 .debug_str     0x0008f728       0xbe ./Core/Src/stm32f4xx_it.o
                              0x86a71 (size before relaxing)
 .debug_str     0x0008f7e6       0xdb ./Core/Src/system_stm32f4xx.o
                              0x86556 (size before relaxing)
 .debug_str     0x0008f8c1       0x37 ./Core/Src/task_normal_functions.o
                              0x8e688 (size before relaxing)
 .debug_str     0x0008f8f8      0x246 ./Core/Src/usart.o
                              0x86b54 (size before relaxing)
 .debug_str     0x0008fb3e       0x44 ./Core/Startup/startup_stm32f401retx.o
                                 0x87 (size before relaxing)
 .debug_str     0x0008fb82      0x5d3 ./Drivers/STM32F4xx_HAL_Driver/Src/stm32f4xx_hal.o
                              0x86f78 (size before relaxing)
 .debug_str     0x00090155      0x370 ./Drivers/STM32F4xx_HAL_Driver/Src/stm32f4xx_hal_cortex.o
                              0x86ce2 (size before relaxing)
 .debug_str     0x000904c5       0xfd ./Drivers/STM32F4xx_HAL_Driver/Src/stm32f4xx_hal_gpio.o
                              0x866d1 (size before relaxing)
 .debug_str     0x000905c2      0x1fd ./Drivers/STM32F4xx_HAL_Driver/Src/stm32f4xx_hal_rcc.o
                              0x8698a (size before relaxing)
 .debug_str     0x000907bf      0xe79 ./Drivers/STM32F4xx_HAL_Driver/Src/stm32f4xx_hal_tim.o
                              0x878ce (size before relaxing)
 .debug_str     0x00091638      0x503 ./Drivers/STM32F4xx_HAL_Driver/Src/stm32f4xx_hal_tim_ex.o
                              0x870da (size before relaxing)
 .debug_str     0x00091b3b      0x63c ./Drivers/STM32F4xx_HAL_Driver/Src/stm32f4xx_hal_uart.o
                              0x86f59 (size before relaxing)
 .debug_str     0x00092177     0x2fc8 ./Middlewares/Third_Party/FreeRTOS/Source/CMSIS_RTOS_V2/cmsis_os2.o
                              0x90ffe (size before relaxing)
 .debug_str     0x0009513f      0x548 ./Middlewares/Third_Party/FreeRTOS/Source/event_groups.o
                               0xbf87 (size before relaxing)
 .debug_str     0x00095687       0xaf ./Middlewares/Third_Party/FreeRTOS/Source/list.o
                               0xaaee (size before relaxing)
 .debug_str     0x00095736      0x7e7 ./Middlewares/Third_Party/FreeRTOS/Source/queue.o
                               0xc62e (size before relaxing)
 .debug_str     0x00095f1d      0xfea ./Middlewares/Third_Party/FreeRTOS/Source/tasks.o
                               0xd0eb (size before relaxing)
 .debug_str     0x00096f07      0x580 ./Middlewares/Third_Party/FreeRTOS/Source/timers.o
                               0xcb60 (size before relaxing)
 .debug_str     0x00097487      0x783 ./Middlewares/Third_Party/FreeRTOS/Source/portable/GCC/ARM_CM4F/port.o
                               0x8737 (size before relaxing)
 .debug_str     0x00097c0a      0x324 ./Middlewares/Third_Party/FreeRTOS/Source/portable/MemMang/heap_4.o
                               0xb430 (size before relaxing)

.comment        0x00000000       0x43
 .comment       0x00000000       0x43 ./Core/Src/button_task_entry.o
                                 0x44 (size before relaxing)
 .comment       0x00000043       0x44 ./Core/Src/freertos.o
 .comment       0x00000043       0x44 ./Core/Src/gpio.o
 .comment       0x00000043       0x44 ./Core/Src/main.o
 .comment       0x00000043       0x44 ./Core/Src/stm32f4xx_hal_msp.o
 .comment       0x00000043       0x44 ./Core/Src/stm32f4xx_hal_timebase_tim.o
 .comment       0x00000043       0x44 ./Core/Src/stm32f4xx_it.o
 .comment       0x00000043       0x44 ./Core/Src/system_stm32f4xx.o
 .comment       0x00000043       0x44 ./Core/Src/task_normal_functions.o
 .comment       0x00000043       0x44 ./Core/Src/usart.o
 .comment       0x00000043       0x44 ./Drivers/STM32F4xx_HAL_Driver/Src/stm32f4xx_hal.o
 .comment       0x00000043       0x44 ./Drivers/STM32F4xx_HAL_Driver/Src/stm32f4xx_hal_cortex.o
 .comment       0x00000043       0x44 ./Drivers/STM32F4xx_HAL_Driver/Src/stm32f4xx_hal_gpio.o
 .comment       0x00000043       0x44 ./Drivers/STM32F4xx_HAL_Driver/Src/stm32f4xx_hal_rcc.o
 .comment       0x00000043       0x44 ./Drivers/STM32F4xx_HAL_Driver/Src/stm32f4xx_hal_tim.o
 .comment       0x00000043       0x44 ./Drivers/STM32F4xx_HAL_Driver/Src/stm32f4xx_hal_tim_ex.o
 .comment       0x00000043       0x44 ./Drivers/STM32F4xx_HAL_Driver/Src/stm32f4xx_hal_uart.o
 .comment       0x00000043       0x44 ./Middlewares/Third_Party/FreeRTOS/Source/CMSIS_RTOS_V2/cmsis_os2.o
 .comment       0x00000043       0x44 ./Middlewares/Third_Party/FreeRTOS/Source/event_groups.o
 .comment       0x00000043       0x44 ./Middlewares/Third_Party/FreeRTOS/Source/list.o
 .comment       0x00000043       0x44 ./Middlewares/Third_Party/FreeRTOS/Source/queue.o
 .comment       0x00000043       0x44 ./Middlewares/Third_Party/FreeRTOS/Source/tasks.o
 .comment       0x00000043       0x44 ./Middlewares/Third_Party/FreeRTOS/Source/timers.o
 .comment       0x00000043       0x44 ./Middlewares/Third_Party/FreeRTOS/Source/portable/GCC/ARM_CM4F/port.o
 .comment       0x00000043       0x44 ./Middlewares/Third_Party/FreeRTOS/Source/portable/MemMang/heap_4.o

.debug_frame    0x00000000     0x5680
 .debug_frame   0x00000000       0x30 ./Core/Src/button_task_entry.o
 .debug_frame   0x00000030       0x8c ./Core/Src/freertos.o
 .debug_frame   0x000000bc       0x34 ./Core/Src/gpio.o
 .debug_frame   0x000000f0       0x8c ./Core/Src/main.o
 .debug_frame   0x0000017c       0x34 ./Core/Src/stm32f4xx_hal_msp.o
 .debug_frame   0x000001b0       0x74 ./Core/Src/stm32f4xx_hal_timebase_tim.o
 .debug_frame   0x00000224       0xc4 ./Core/Src/stm32f4xx_it.o
 .debug_frame   0x000002e8       0x58 ./Core/Src/system_stm32f4xx.o
 .debug_frame   0x00000340       0x50 ./Core/Src/task_normal_functions.o
 .debug_frame   0x00000390       0x74 ./Core/Src/usart.o
 .debug_frame   0x00000404      0x374 ./Drivers/STM32F4xx_HAL_Driver/Src/stm32f4xx_hal.o
 .debug_frame   0x00000778      0x508 ./Drivers/STM32F4xx_HAL_Driver/Src/stm32f4xx_hal_cortex.o
 .debug_frame   0x00000c80      0x14c ./Drivers/STM32F4xx_HAL_Driver/Src/stm32f4xx_hal_gpio.o
 .debug_frame   0x00000dcc      0x1f4 ./Drivers/STM32F4xx_HAL_Driver/Src/stm32f4xx_hal_rcc.o
 .debug_frame   0x00000fc0     0x11b8 ./Drivers/STM32F4xx_HAL_Driver/Src/stm32f4xx_hal_tim.o
 .debug_frame   0x00002178      0x638 ./Drivers/STM32F4xx_HAL_Driver/Src/stm32f4xx_hal_tim_ex.o
 .debug_frame   0x000027b0      0x954 ./Drivers/STM32F4xx_HAL_Driver/Src/stm32f4xx_hal_uart.o
 .debug_frame   0x00003104      0xbe4 ./Middlewares/Third_Party/FreeRTOS/Source/CMSIS_RTOS_V2/cmsis_os2.o
 .debug_frame   0x00003ce8      0x23c ./Middlewares/Third_Party/FreeRTOS/Source/event_groups.o
 .debug_frame   0x00003f24       0xd8 ./Middlewares/Third_Party/FreeRTOS/Source/list.o
 .debug_frame   0x00003ffc      0x5ec ./Middlewares/Third_Party/FreeRTOS/Source/queue.o
 .debug_frame   0x000045e8      0x8f0 ./Middlewares/Third_Party/FreeRTOS/Source/tasks.o
 .debug_frame   0x00004ed8      0x400 ./Middlewares/Third_Party/FreeRTOS/Source/timers.o
 .debug_frame   0x000052d8      0x1a8 ./Middlewares/Third_Party/FreeRTOS/Source/portable/GCC/ARM_CM4F/port.o
 .debug_frame   0x00005480      0x12c ./Middlewares/Third_Party/FreeRTOS/Source/portable/MemMang/heap_4.o
 .debug_frame   0x000055ac       0x20 C:/ST/STM32CubeIDE_1.17.0/STM32CubeIDE/plugins/com.st.stm32cube.ide.mcu.externaltools.gnu-tools-for-stm32.12.3.rel1.win32_1.1.0.202410251130/tools/bin/../lib/gcc/arm-none-eabi/12.3.1/../../../../arm-none-eabi/lib/thumb/v7e-m+fp/hard\libc_nano.a(libc_a-memset.o)
 .debug_frame   0x000055cc       0x2c C:/ST/STM32CubeIDE_1.17.0/STM32CubeIDE/plugins/com.st.stm32cube.ide.mcu.externaltools.gnu-tools-for-stm32.12.3.rel1.win32_1.1.0.202410251130/tools/bin/../lib/gcc/arm-none-eabi/12.3.1/../../../../arm-none-eabi/lib/thumb/v7e-m+fp/hard\libc_nano.a(libc_a-init.o)
 .debug_frame   0x000055f8       0x28 C:/ST/STM32CubeIDE_1.17.0/STM32CubeIDE/plugins/com.st.stm32cube.ide.mcu.externaltools.gnu-tools-for-stm32.12.3.rel1.win32_1.1.0.202410251130/tools/bin/../lib/gcc/arm-none-eabi/12.3.1/../../../../arm-none-eabi/lib/thumb/v7e-m+fp/hard\libc_nano.a(libc_a-memcpy-stub.o)
 .debug_frame   0x00005620       0x2c C:/ST/STM32CubeIDE_1.17.0/STM32CubeIDE/plugins/com.st.stm32cube.ide.mcu.externaltools.gnu-tools-for-stm32.12.3.rel1.win32_1.1.0.202410251130/tools/bin/../lib/gcc/arm-none-eabi/12.3.1/thumb/v7e-m+fp/hard\libgcc.a(_aeabi_uldivmod.o)
 .debug_frame   0x0000564c       0x34 C:/ST/STM32CubeIDE_1.17.0/STM32CubeIDE/plugins/com.st.stm32cube.ide.mcu.externaltools.gnu-tools-for-stm32.12.3.rel1.win32_1.1.0.202410251130/tools/bin/../lib/gcc/arm-none-eabi/12.3.1/thumb/v7e-m+fp/hard\libgcc.a(_udivmoddi4.o)

.debug_line_str
                0x00000000       0x6b
 .debug_line_str
                0x00000000       0x6b ./Core/Startup/startup_stm32f401retx.o
